Archive member included to satisfy reference by file (symbol)

/usr/lib/gcc/arm-none-eabi/7.3.1/thumb/v6-m/libgcc.a(_dvmd_tls.o)
                              CMakeFiles/pio_transmit.dir/home/pi/pico/pico-sdk/src/rp2_common/pico_divider/divider.S.obj (__aeabi_idiv0)
/usr/lib/gcc/arm-none-eabi/7.3.1/../../../arm-none-eabi/lib/thumb/v6-m/libc.a(lib_a-atexit.o)
                              /usr/lib/gcc/arm-none-eabi/7.3.1/../../../arm-none-eabi/lib/thumb/v6-m/crt0.o (atexit)
/usr/lib/gcc/arm-none-eabi/7.3.1/../../../arm-none-eabi/lib/thumb/v6-m/libc.a(lib_a-calloc.o)
                              CMakeFiles/pio_transmit.dir/home/pi/pico/pico-sdk/src/rp2_common/pico_malloc/pico_malloc.c.obj (calloc)
/usr/lib/gcc/arm-none-eabi/7.3.1/../../../arm-none-eabi/lib/thumb/v6-m/libc.a(lib_a-callocr.o)
                              /usr/lib/gcc/arm-none-eabi/7.3.1/../../../arm-none-eabi/lib/thumb/v6-m/libc.a(lib_a-calloc.o) (_calloc_r)
/usr/lib/gcc/arm-none-eabi/7.3.1/../../../arm-none-eabi/lib/thumb/v6-m/libc.a(lib_a-fini.o)
                              /usr/lib/gcc/arm-none-eabi/7.3.1/../../../arm-none-eabi/lib/thumb/v6-m/crt0.o (__libc_fini_array)
/usr/lib/gcc/arm-none-eabi/7.3.1/../../../arm-none-eabi/lib/thumb/v6-m/libc.a(lib_a-impure.o)
                              /usr/lib/gcc/arm-none-eabi/7.3.1/../../../arm-none-eabi/lib/thumb/v6-m/libc.a(lib_a-calloc.o) (_impure_ptr)
/usr/lib/gcc/arm-none-eabi/7.3.1/../../../arm-none-eabi/lib/thumb/v6-m/libc.a(lib_a-init.o)
                              /usr/lib/gcc/arm-none-eabi/7.3.1/../../../arm-none-eabi/lib/thumb/v6-m/crt0.o (__libc_init_array)
/usr/lib/gcc/arm-none-eabi/7.3.1/../../../arm-none-eabi/lib/thumb/v6-m/libc.a(lib_a-malloc.o)
                              CMakeFiles/pio_transmit.dir/home/pi/pico/pico-sdk/src/rp2_common/pico_malloc/pico_malloc.c.obj (malloc)
/usr/lib/gcc/arm-none-eabi/7.3.1/../../../arm-none-eabi/lib/thumb/v6-m/libc.a(lib_a-mallocr.o)
                              /usr/lib/gcc/arm-none-eabi/7.3.1/../../../arm-none-eabi/lib/thumb/v6-m/libc.a(lib_a-callocr.o) (_malloc_r)
/usr/lib/gcc/arm-none-eabi/7.3.1/../../../arm-none-eabi/lib/thumb/v6-m/libc.a(lib_a-mlock.o)
                              /usr/lib/gcc/arm-none-eabi/7.3.1/../../../arm-none-eabi/lib/thumb/v6-m/libc.a(lib_a-mallocr.o) (__malloc_lock)
/usr/lib/gcc/arm-none-eabi/7.3.1/../../../arm-none-eabi/lib/thumb/v6-m/libc.a(lib_a-sbrkr.o)
                              /usr/lib/gcc/arm-none-eabi/7.3.1/../../../arm-none-eabi/lib/thumb/v6-m/libc.a(lib_a-mallocr.o) (_sbrk_r)
/usr/lib/gcc/arm-none-eabi/7.3.1/../../../arm-none-eabi/lib/thumb/v6-m/libc.a(lib_a-strlen-stub.o)
                              CMakeFiles/pio_transmit.dir/pio_transmit.c.obj (strlen)
/usr/lib/gcc/arm-none-eabi/7.3.1/../../../arm-none-eabi/lib/thumb/v6-m/libc.a(lib_a-__atexit.o)
                              /usr/lib/gcc/arm-none-eabi/7.3.1/../../../arm-none-eabi/lib/thumb/v6-m/libc.a(lib_a-atexit.o) (__register_exitproc)
/usr/lib/gcc/arm-none-eabi/7.3.1/../../../arm-none-eabi/lib/thumb/v6-m/libc.a(lib_a-freer.o)
                              /usr/lib/gcc/arm-none-eabi/7.3.1/../../../arm-none-eabi/lib/thumb/v6-m/libc.a(lib_a-malloc.o) (_free_r)
/usr/lib/gcc/arm-none-eabi/7.3.1/../../../arm-none-eabi/lib/thumb/v6-m/libc.a(lib_a-reent.o)
                              /usr/lib/gcc/arm-none-eabi/7.3.1/../../../arm-none-eabi/lib/thumb/v6-m/libc.a(lib_a-sbrkr.o) (errno)

Allocating common symbols
Common symbol       size              file

sf_table            0x100             CMakeFiles/pio_transmit.dir/home/pi/pico/pico-sdk/src/rp2_common/pico_float/float_init_rom.c.obj
errno               0x4               /usr/lib/gcc/arm-none-eabi/7.3.1/../../../arm-none-eabi/lib/thumb/v6-m/libc.a(lib_a-reent.o)
_usbd_qdef_buf      0xc0              CMakeFiles/pio_transmit.dir/home/pi/pico/pico-sdk/lib/tinyusb/src/device/usbd.c.obj
sf_clz_func         0x4               CMakeFiles/pio_transmit.dir/home/pi/pico/pico-sdk/src/rp2_common/pico_float/float_init_rom.c.obj
sd_table            0x100             CMakeFiles/pio_transmit.dir/home/pi/pico/pico-sdk/src/rp2_common/pico_double/double_init_rom.c.obj
uart_char_to_line_feed
                    0x4               CMakeFiles/pio_transmit.dir/home/pi/pico/pico-sdk/src/rp2_common/hardware_uart/uart.c.obj

Discarded input sections

 .text          0x00000000        0x0 /usr/lib/gcc/arm-none-eabi/7.3.1/thumb/v6-m/crti.o
 .data          0x00000000        0x0 /usr/lib/gcc/arm-none-eabi/7.3.1/thumb/v6-m/crti.o
 .bss           0x00000000        0x0 /usr/lib/gcc/arm-none-eabi/7.3.1/thumb/v6-m/crti.o
 .data          0x00000000        0x4 /usr/lib/gcc/arm-none-eabi/7.3.1/thumb/v6-m/crtbegin.o
 .fini_array    0x00000000        0x4 /usr/lib/gcc/arm-none-eabi/7.3.1/thumb/v6-m/crtbegin.o
 .text          0x00000000       0x6c /usr/lib/gcc/arm-none-eabi/7.3.1/../../../arm-none-eabi/lib/thumb/v6-m/crt0.o
[...]
Memory Configuration

Name             Origin             Length             Attributes
FLASH            0x10000000         0x00200000         xr
RAM              0x20000000         0x00040000         xrw
SCRATCH_X        0x20040000         0x00001000         xrw
SCRATCH_Y        0x20041000         0x00001000         xrw
*default*        0x00000000         0xffffffff

Linker script and memory map

LOAD /usr/lib/gcc/arm-none-eabi/7.3.1/thumb/v6-m/crti.o
LOAD /usr/lib/gcc/arm-none-eabi/7.3.1/thumb/v6-m/crtbegin.o
LOAD /usr/lib/gcc/arm-none-eabi/7.3.1/../../../arm-none-eabi/lib/thumb/v6-m/crt0.o

.flash_begin    0x10000000        0x0
                0x10000000                __flash_binary_start = .

.boot2          0x10000000      0x100
                0x10000000                __boot2_start__ = .
 *(.boot2)
 .boot2         0x10000000      0x100 /tmp/ccAY0zIe.o
                0x10000100                __boot2_end__ = .
                0x00000001                ASSERT (((__boot2_end__ - __boot2_start__) == 0x100), ERROR: Pico second stage bootloader must be 256 bytes in size)

.text           0x10000100     0x5be8
                0x10000100                __logical_binary_start = .
 *(.vectors)
 .vectors       0x10000100       0xd4 CMakeFiles/pio_transmit.dir/home/pi/pico/pico-sdk/src/rp2_common/pico_standard_link/crt0.S.obj
                0x10000100                __vectors
                0x10000100                __VECTOR_TABLE
                0x100001c0                isr_invalid
                0x100001c0                __default_isrs_start
                0x100001c2                isr_nmi
                0x100001c4                isr_hardfault
                0x100001c6                isr_svcall
                0x100001c8                isr_pendsv
                0x100001ca                isr_systick
                0x100001cc                isr_irq30
                0x100001cc                __unhandled_user_irq
                0x100001cc                isr_irq13
                0x100001cc                isr_irq27
                0x100001cc                isr_irq31
                0x100001cc                isr_irq5
                0x100001cc                isr_irq11
                0x100001cc                isr_irq23
                0x100001cc                isr_irq18
                0x100001cc                isr_irq28
                0x100001cc                isr_irq19
                0x100001cc                isr_irq0
                0x100001cc                isr_irq6
                0x100001cc                isr_irq22
                0x100001cc                isr_irq17
                0x100001cc                isr_irq14
                0x100001cc                isr_irq2
                0x100001cc                isr_irq10
                0x100001cc                isr_irq8
                0x100001cc                isr_irq24
                0x100001cc                isr_irq1
                0x100001cc                isr_irq7
                0x100001cc                isr_irq21
                0x100001cc                isr_irq20
                0x100001cc                isr_irq15
                0x100001cc                isr_irq25
                0x100001cc                isr_irq4
                0x100001cc                isr_irq16
                0x100001cc                isr_irq29
                0x100001cc                isr_irq26
                0x100001cc                __default_isrs_end
                0x100001cc                isr_irq3
                0x100001cc                isr_irq12
                0x100001cc                isr_irq9
                0x100001d2                unhandled_user_irq_num_in_r0
 *(.binary_info_header)
 .binary_info_header
                0x100001d4       0x14 CMakeFiles/pio_transmit.dir/home/pi/pico/pico-sdk/src/rp2_common/pico_standard_link/crt0.S.obj
                0x100001e8                __binary_info_header_end = .
 *(.reset)
 .reset         0x100001e8       0xa8 CMakeFiles/pio_transmit.dir/home/pi/pico/pico-sdk/src/rp2_common/pico_standard_link/crt0.S.obj
                0x100001e8                _entry_point
                0x10000266                __get_current_exception
 .reset         0x10000290       0x30 CMakeFiles/pio_transmit.dir/home/pi/pico/pico-sdk/src/rp2_common/pico_standard_link/binary_info.c.obj
 *(.init)
 .init          0x100002c0        0x4 /usr/lib/gcc/arm-none-eabi/7.3.1/thumb/v6-m/crti.o
                0x100002c0                _init
 *(EXCLUDE_FILE(*libm.a: *libc.a:*lib_a-mem*.o *libgcc.a:) .text*)
 .text          0x100002c4       0x98 /usr/lib/gcc/arm-none-eabi/7.3.1/thumb/v6-m/crtbegin.o
 .text.lcd_init_pins
                0x1000035c       0xb8 CMakeFiles/pio_transmit.dir/pio_transmit.c.obj
                0x1000035c                lcd_init_pins
 .text.lcd_wait_for_busy_flag
                0x10000414      0x308 CMakeFiles/pio_transmit.dir/pio_transmit.c.obj
                0x10000414                lcd_wait_for_busy_flag
 .text.lcd_set_pins.constprop.3
                0x1000071c      0x27c CMakeFiles/pio_transmit.dir/pio_transmit.c.obj
 .text.lcd_init_display
                0x10000998      0x3c0 CMakeFiles/pio_transmit.dir/pio_transmit.c.obj
                0x10000998                lcd_init_display
 .text.startup.main
                0x10000d58      0x3b4 CMakeFiles/pio_transmit.dir/pio_transmit.c.obj
                0x10000d58                main
 .text.gpio_set_function
                0x1000110c       0x30 CMakeFiles/pio_transmit.dir/home/pi/pico/pico-sdk/src/rp2_common/hardware_gpio/gpio.c.obj
                0x1000110c                gpio_set_function
 .text.gpio_init
                0x1000113c       0x3c CMakeFiles/pio_transmit.dir/home/pi/pico/pico-sdk/src/rp2_common/hardware_gpio/gpio.c.obj
                0x1000113c                gpio_init
 .text.hw_claim_or_assert
                0x10001178       0x44 CMakeFiles/pio_transmit.dir/home/pi/pico/pico-sdk/src/rp2_common/hardware_claim/claim.c.obj
                0x10001178                hw_claim_or_assert
 .text.hw_claim_unused_from_range
                0x100011bc       0x9c CMakeFiles/pio_transmit.dir/home/pi/pico/pico-sdk/src/rp2_common/hardware_claim/claim.c.obj
                0x100011bc                hw_claim_unused_from_range
 .text.running_on_fpga
                0x10001258       0x10 CMakeFiles/pio_transmit.dir/home/pi/pico/pico-sdk/src/rp2_common/pico_platform/platform.c.obj
                0x10001258                running_on_fpga
 .text.spin_locks_reset
                0x10001268       0x1c CMakeFiles/pio_transmit.dir/home/pi/pico/pico-sdk/src/rp2_common/hardware_sync/sync.c.obj
                0x10001268                spin_locks_reset
 .text.next_striped_spin_lock_num
                0x10001284       0x18 CMakeFiles/pio_transmit.dir/home/pi/pico/pico-sdk/src/rp2_common/hardware_sync/sync.c.obj
                0x10001284                next_striped_spin_lock_num
 .text.spin_lock_claim_unused
                0x1000129c       0x20 CMakeFiles/pio_transmit.dir/home/pi/pico/pico-sdk/src/rp2_common/hardware_sync/sync.c.obj
                0x1000129c                spin_lock_claim_unused
 .text.uart_init
                0x100012bc       0xe8 CMakeFiles/pio_transmit.dir/home/pi/pico/pico-sdk/src/rp2_common/hardware_uart/uart.c.obj
                0x100012bc                uart_init
 .text.timer_pool_entry_comparator
                0x100013a4       0x34 CMakeFiles/pio_transmit.dir/home/pi/pico/pico-sdk/src/common/pico_time/time.c.obj
                0x100013a4                timer_pool_entry_comparator
 .text.sleep_until_callback
                0x100013d8       0x30 CMakeFiles/pio_transmit.dir/home/pi/pico/pico-sdk/src/common/pico_time/time.c.obj
 .text.add_alarm_under_lock
                0x10001408      0x120 CMakeFiles/pio_transmit.dir/home/pi/pico/pico-sdk/src/common/pico_time/time.c.obj
 .text.alarm_pool_alarm_callback
                0x10001528      0x1dc CMakeFiles/pio_transmit.dir/home/pi/pico/pico-sdk/src/common/pico_time/time.c.obj
 .text.alarm_pool_init_default
                0x10001704       0x64 CMakeFiles/pio_transmit.dir/home/pi/pico/pico-sdk/src/common/pico_time/time.c.obj
                0x10001704                alarm_pool_init_default
 .text.alarm_pool_get_default
                0x10001768        0x8 CMakeFiles/pio_transmit.dir/home/pi/pico/pico-sdk/src/common/pico_time/time.c.obj
                0x10001768                alarm_pool_get_default
 .text.alarm_pool_add_alarm_at
                0x10001770      0x1ac CMakeFiles/pio_transmit.dir/home/pi/pico/pico-sdk/src/common/pico_time/time.c.obj
                0x10001770                alarm_pool_add_alarm_at
 .text.sleep_until
                0x1000191c      0x1ec CMakeFiles/pio_transmit.dir/home/pi/pico/pico-sdk/src/common/pico_time/time.c.obj
                0x1000191c                sleep_until
 .text.sleep_us
                0x10001b08       0x30 CMakeFiles/pio_transmit.dir/home/pi/pico/pico-sdk/src/common/pico_time/time.c.obj
                0x10001b08                sleep_us
 .text.sleep_ms
                0x10001b38       0x38 CMakeFiles/pio_transmit.dir/home/pi/pico/pico-sdk/src/common/pico_time/time.c.obj
                0x10001b38                sleep_ms
 .text.best_effort_wfe_or_timeout
                0x10001b70      0x1b4 CMakeFiles/pio_transmit.dir/home/pi/pico/pico-sdk/src/common/pico_time/time.c.obj
                0x10001b70                best_effort_wfe_or_timeout
 .text.hardware_alarm_irq_handler
                0x10001d24       0xb0 CMakeFiles/pio_transmit.dir/home/pi/pico/pico-sdk/src/rp2_common/hardware_timer/timer.c.obj
 .text.hardware_alarm_claim
                0x10001dd4       0x18 CMakeFiles/pio_transmit.dir/home/pi/pico/pico-sdk/src/rp2_common/hardware_timer/timer.c.obj
                0x10001dd4                hardware_alarm_claim
 .text.time_us_64
                0x10001dec       0x18 CMakeFiles/pio_transmit.dir/home/pi/pico/pico-sdk/src/rp2_common/hardware_timer/timer.c.obj
                0x10001dec                time_us_64
 .text.busy_wait_until
                0x10001e04       0x20 CMakeFiles/pio_transmit.dir/home/pi/pico/pico-sdk/src/rp2_common/hardware_timer/timer.c.obj
                0x10001e04                busy_wait_until
 .text.hardware_alarm_set_callback
                0x10001e24       0x8c CMakeFiles/pio_transmit.dir/home/pi/pico/pico-sdk/src/rp2_common/hardware_timer/timer.c.obj
                0x10001e24                hardware_alarm_set_callback
 .text.hardware_alarm_set_target
                0x10001eb0       0xd8 CMakeFiles/pio_transmit.dir/home/pi/pico/pico-sdk/src/rp2_common/hardware_timer/timer.c.obj
                0x10001eb0                hardware_alarm_set_target
 .text.hardware_alarm_cancel
                0x10001f88       0x40 CMakeFiles/pio_transmit.dir/home/pi/pico/pico-sdk/src/rp2_common/hardware_timer/timer.c.obj
                0x10001f88                hardware_alarm_cancel
 .text.lock_init
                0x10001fc8       0x10 CMakeFiles/pio_transmit.dir/home/pi/pico/pico-sdk/src/common/pico_sync/lock_core.c.obj
                0x10001fc8                lock_init
 .text.mutex_init
                0x10001fd8       0x1c CMakeFiles/pio_transmit.dir/home/pi/pico/pico-sdk/src/common/pico_sync/mutex.c.obj
                0x10001fd8                mutex_init
 .text.recursive_mutex_init
                0x10001ff4       0x1c CMakeFiles/pio_transmit.dir/home/pi/pico/pico-sdk/src/common/pico_sync/mutex.c.obj
                0x10001ff4                recursive_mutex_init
 .text.critical_section_init
                0x10002010       0x20 CMakeFiles/pio_transmit.dir/home/pi/pico/pico-sdk/src/common/pico_sync/critical_section.c.obj
                0x10002010                critical_section_init
 .text.ph_merge_two_pass.part.3
                0x10002030       0xcc CMakeFiles/pio_transmit.dir/home/pi/pico/pico-sdk/src/common/pico_util/pheap.c.obj
 .text.ph_post_alloc_init
                0x100020fc       0x3c CMakeFiles/pio_transmit.dir/home/pi/pico/pico-sdk/src/common/pico_util/pheap.c.obj
                0x100020fc                ph_post_alloc_init
 .text.ph_remove_head
                0x10002138      0x158 CMakeFiles/pio_transmit.dir/home/pi/pico/pico-sdk/src/common/pico_util/pheap.c.obj
                0x10002138                ph_remove_head
 .text.ph_remove_and_free_node
                0x10002290      0x340 CMakeFiles/pio_transmit.dir/home/pi/pico/pico-sdk/src/common/pico_util/pheap.c.obj
                0x10002290                ph_remove_and_free_node
 .text.runtime_init
                0x100025d0      0x100 CMakeFiles/pio_transmit.dir/home/pi/pico/pico-sdk/src/rp2_common/pico_runtime/runtime.c.obj
                0x100025d0                runtime_init
 .text.exit     0x100026d0        0x4 CMakeFiles/pio_transmit.dir/home/pi/pico/pico-sdk/src/rp2_common/pico_runtime/runtime.c.obj
                0x100026d0                exit
 .text.panic    0x100026d4       0x30 CMakeFiles/pio_transmit.dir/home/pi/pico/pico-sdk/src/rp2_common/pico_runtime/runtime.c.obj
                0x100026d4                panic
 .text.hard_assertion_failure
                0x10002704        0xc CMakeFiles/pio_transmit.dir/home/pi/pico/pico-sdk/src/rp2_common/pico_runtime/runtime.c.obj
                0x10002704                hard_assertion_failure
 .text.clocks_init
                0x10002710      0x2c8 CMakeFiles/pio_transmit.dir/home/pi/pico/pico-sdk/src/rp2_common/hardware_clocks/clocks.c.obj
                0x10002710                clocks_init
 .text.clock_get_hz
                0x100029d8        0xc CMakeFiles/pio_transmit.dir/home/pi/pico/pico-sdk/src/rp2_common/hardware_clocks/clocks.c.obj
                0x100029d8                clock_get_hz
 .text.irq_set_enabled
                0x100029e4       0x24 CMakeFiles/pio_transmit.dir/home/pi/pico/pico-sdk/src/rp2_common/hardware_irq/irq.c.obj
                0x100029e4                irq_set_enabled
 .text.irq_set_pending
                0x10002a08       0x10 CMakeFiles/pio_transmit.dir/home/pi/pico/pico-sdk/src/rp2_common/hardware_irq/irq.c.obj
                0x10002a08                irq_set_pending
 .text.irq_get_vtable_handler
                0x10002a18       0x10 CMakeFiles/pio_transmit.dir/home/pi/pico/pico-sdk/src/rp2_common/hardware_irq/irq.c.obj
                0x10002a18                irq_get_vtable_handler
 .text.irq_set_exclusive_handler
                0x10002a28       0x54 CMakeFiles/pio_transmit.dir/home/pi/pico/pico-sdk/src/rp2_common/hardware_irq/irq.c.obj
                0x10002a28                irq_set_exclusive_handler
 .text.irq_remove_handler
                0x10002a7c      0x1bc CMakeFiles/pio_transmit.dir/home/pi/pico/pico-sdk/src/rp2_common/hardware_irq/irq.c.obj
                0x10002a7c                irq_remove_handler
 .text.irq_add_tail_to_free_list
                0x10002c38       0xb4 CMakeFiles/pio_transmit.dir/home/pi/pico/pico-sdk/src/rp2_common/hardware_irq/irq.c.obj
                0x10002c38                irq_add_tail_to_free_list
 .text.irq_init_priorities
                0x10002cec       0x38 CMakeFiles/pio_transmit.dir/home/pi/pico/pico-sdk/src/rp2_common/hardware_irq/irq.c.obj
                0x10002cec                irq_init_priorities
 .text.pll_init
                0x10002d24       0xa4 CMakeFiles/pio_transmit.dir/home/pi/pico/pico-sdk/src/rp2_common/hardware_pll/pll.c.obj
                0x10002d24                pll_init
 .text.watchdog_start_tick
                0x10002dc8       0x10 CMakeFiles/pio_transmit.dir/home/pi/pico/pico-sdk/src/rp2_common/hardware_watchdog/watchdog.c.obj
                0x10002dc8                watchdog_start_tick
 .text.watchdog_reboot
                0x10002dd8       0x94 CMakeFiles/pio_transmit.dir/home/pi/pico/pico-sdk/src/rp2_common/hardware_watchdog/watchdog.c.obj
                0x10002dd8                watchdog_reboot
 .text.xosc_init
                0x10002e6c       0x28 CMakeFiles/pio_transmit.dir/home/pi/pico/pico-sdk/src/rp2_common/hardware_xosc/xosc.c.obj
                0x10002e6c                xosc_init
 .text._out_char
                0x10002e94        0xc CMakeFiles/pio_transmit.dir/home/pi/pico/pico-sdk/src/rp2_common/pico_printf/printf.c.obj
 .text.weak_raw_vprintf
                0x10002ea0       0x30 CMakeFiles/pio_transmit.dir/home/pi/pico/pico-sdk/src/rp2_common/pico_printf/printf.c.obj
                0x10002ea0                weak_raw_vprintf
 .text          0x10002ed0       0x10 CMakeFiles/pio_transmit.dir/home/pi/pico/pico-sdk/src/rp2_common/pico_bit_ops/bit_ops_aeabi.S.obj
 .text.rom_func_lookup
                0x10002ee0       0x10 CMakeFiles/pio_transmit.dir/home/pi/pico/pico-sdk/src/rp2_common/pico_bootrom/bootrom.c.obj
                0x10002ee0                rom_func_lookup
 .text.rom_data_lookup
                0x10002ef0       0x10 CMakeFiles/pio_transmit.dir/home/pi/pico/pico-sdk/src/rp2_common/pico_bootrom/bootrom.c.obj
                0x10002ef0                rom_data_lookup
 .text.rom_funcs_lookup
                0x10002f00       0x3c CMakeFiles/pio_transmit.dir/home/pi/pico/pico-sdk/src/rp2_common/pico_bootrom/bootrom.c.obj
                0x10002f00                rom_funcs_lookup
 .text.__wrap___aeabi_uidiv
                0x10002f3c       0x4c CMakeFiles/pio_transmit.dir/home/pi/pico/pico-sdk/src/rp2_common/pico_divider/divider.S.obj
                0x10002f3c                __wrap___aeabi_uidiv
                0x10002f3c                __wrap___aeabi_uidivmod
                0x10002f3c                div_u32u32
                0x10002f3c                divmod_u32u32
                0x10002f44                divmod_u32u32_unsafe
                0x10002f6c                divmod_u32u32_savestate
 .text.__aeabi_double_init
                0x10002f88       0x4c CMakeFiles/pio_transmit.dir/home/pi/pico/pico-sdk/src/rp2_common/pico_double/double_init_rom.c.obj
                0x10002f88                __aeabi_double_init
 .text.double_table_shim_on_use_helper
                0x10002fd4       0x2c CMakeFiles/pio_transmit.dir/home/pi/pico/pico-sdk/src/rp2_common/pico_double/double_v1_rom_shim.S.obj
                0x10002fd4                double_table_shim_on_use_helper
 .text.__aeabi_lmul
                0x10003000       0x32 CMakeFiles/pio_transmit.dir/home/pi/pico/pico-sdk/src/rp2_common/pico_int64_ops/pico_int64_ops_aeabi.S.obj
                0x10003000                __wrap___aeabi_lmul
 *fill*         0x10003032        0x2 
 .text.__aeabi_float_init
                0x10003034       0x68 CMakeFiles/pio_transmit.dir/home/pi/pico/pico-sdk/src/rp2_common/pico_float/float_init_rom.c.obj
                0x10003034                __aeabi_float_init
 .text.float_table_shim_on_use_helper
                0x1000309c       0x2c CMakeFiles/pio_transmit.dir/home/pi/pico/pico-sdk/src/rp2_common/pico_float/float_v1_rom_shim.S.obj
                0x1000309c                float_table_shim_on_use_helper
 .text          0x100030c8       0x10 CMakeFiles/pio_transmit.dir/home/pi/pico/pico-sdk/src/rp2_common/pico_mem_ops/mem_ops_aeabi.S.obj
                0x100030c8                __aeabi_mem_init
 .text.memset   0x100030d8        0xc CMakeFiles/pio_transmit.dir/home/pi/pico/pico-sdk/src/rp2_common/pico_mem_ops/mem_ops_aeabi.S.obj
                0x100030d8                __wrap_memset
 .text.memcpy   0x100030e4        0xc CMakeFiles/pio_transmit.dir/home/pi/pico/pico-sdk/src/rp2_common/pico_mem_ops/mem_ops_aeabi.S.obj
                0x100030e4                __wrap___aeabi_memcpy
                0x100030e4                __wrap_memcpy
 .text.stdio_out_chars_crlf.part.0
                0x100030f0       0x8c CMakeFiles/pio_transmit.dir/home/pi/pico/pico-sdk/src/rp2_common/pico_stdio/stdio.c.obj
 .text.__wrap_putchar
                0x1000317c       0xb0 CMakeFiles/pio_transmit.dir/home/pi/pico/pico-sdk/src/rp2_common/pico_stdio/stdio.c.obj
                0x1000317c                __wrap_putchar
 .text.__wrap_puts
                0x1000322c      0x120 CMakeFiles/pio_transmit.dir/home/pi/pico/pico-sdk/src/rp2_common/pico_stdio/stdio.c.obj
                0x1000322c                __wrap_puts
 .text.stdio_set_driver_enabled
                0x1000334c       0x3c CMakeFiles/pio_transmit.dir/home/pi/pico/pico-sdk/src/rp2_common/pico_stdio/stdio.c.obj
                0x1000334c                stdio_set_driver_enabled
 .text.stdio_init_all
                0x10003388        0xc CMakeFiles/pio_transmit.dir/home/pi/pico/pico-sdk/src/rp2_common/pico_stdio/stdio.c.obj
                0x10003388                stdio_init_all
 .text.stdio_uart_out_chars
                0x10003394       0x4c CMakeFiles/pio_transmit.dir/home/pi/pico/pico-sdk/src/rp2_common/pico_stdio_uart/stdio_uart.c.obj
 .text.stdio_uart_in_chars
                0x100033e0       0x3c CMakeFiles/pio_transmit.dir/home/pi/pico/pico-sdk/src/rp2_common/pico_stdio_uart/stdio_uart.c.obj
                0x100033e0                stdio_uart_in_chars
 .text.stdio_uart_init
                0x1000341c       0x48 CMakeFiles/pio_transmit.dir/home/pi/pico/pico-sdk/src/rp2_common/pico_stdio_uart/stdio_uart.c.obj
                0x1000341c                stdio_uart_init
 .text.resetd_init
                0x10003464        0x4 CMakeFiles/pio_transmit.dir/home/pi/pico/pico-sdk/src/rp2_common/pico_stdio_usb/reset_interface.c.obj
 .text.resetd_reset
                0x10003468        0xc CMakeFiles/pio_transmit.dir/home/pi/pico/pico-sdk/src/rp2_common/pico_stdio_usb/reset_interface.c.obj
 .text.resetd_xfer_cb
                0x10003474        0x4 CMakeFiles/pio_transmit.dir/home/pi/pico/pico-sdk/src/rp2_common/pico_stdio_usb/reset_interface.c.obj
 .text.resetd_open
                0x10003478       0x28 CMakeFiles/pio_transmit.dir/home/pi/pico/pico-sdk/src/rp2_common/pico_stdio_usb/reset_interface.c.obj
 .text.resetd_control_xfer_cb
                0x100034a0       0x64 CMakeFiles/pio_transmit.dir/home/pi/pico/pico-sdk/src/rp2_common/pico_stdio_usb/reset_interface.c.obj
 .text.usbd_app_driver_get_cb
                0x10003504        0xc CMakeFiles/pio_transmit.dir/home/pi/pico/pico-sdk/src/rp2_common/pico_stdio_usb/reset_interface.c.obj
                0x10003504                usbd_app_driver_get_cb
 .text.tud_cdc_line_coding_cb
                0x10003510       0x34 CMakeFiles/pio_transmit.dir/home/pi/pico/pico-sdk/src/rp2_common/pico_stdio_usb/reset_interface.c.obj
                0x10003510                tud_cdc_line_coding_cb
 .text.stdio_usb_in_chars
                0x10003544       0x68 CMakeFiles/pio_transmit.dir/home/pi/pico/pico-sdk/src/rp2_common/pico_stdio_usb/stdio_usb.c.obj
                0x10003544                stdio_usb_in_chars
 .text.timer_task
                0x100035ac       0x10 CMakeFiles/pio_transmit.dir/home/pi/pico/pico-sdk/src/rp2_common/pico_stdio_usb/stdio_usb.c.obj
 .text.low_priority_worker_irq
                0x100035bc       0x20 CMakeFiles/pio_transmit.dir/home/pi/pico/pico-sdk/src/rp2_common/pico_stdio_usb/stdio_usb.c.obj
 .text.stdio_usb_out_chars
                0x100035dc       0xf0 CMakeFiles/pio_transmit.dir/home/pi/pico/pico-sdk/src/rp2_common/pico_stdio_usb/stdio_usb.c.obj
 .text.stdio_usb_init
                0x100036cc       0x8c CMakeFiles/pio_transmit.dir/home/pi/pico/pico-sdk/src/rp2_common/pico_stdio_usb/stdio_usb.c.obj
                0x100036cc                stdio_usb_init
 .text.tud_descriptor_device_cb
                0x10003758        0x8 CMakeFiles/pio_transmit.dir/home/pi/pico/pico-sdk/src/rp2_common/pico_stdio_usb/stdio_usb_descriptors.c.obj
                0x10003758                tud_descriptor_device_cb
 .text.tud_descriptor_configuration_cb
                0x10003760        0x8 CMakeFiles/pio_transmit.dir/home/pi/pico/pico-sdk/src/rp2_common/pico_stdio_usb/stdio_usb_descriptors.c.obj
                0x10003760                tud_descriptor_configuration_cb
 .text.tud_descriptor_string_cb
                0x10003768       0x70 CMakeFiles/pio_transmit.dir/home/pi/pico/pico-sdk/src/rp2_common/pico_stdio_usb/stdio_usb_descriptors.c.obj
                0x10003768                tud_descriptor_string_cb
 .text.dcd_rp2040_irq
                0x100037d8      0x144 CMakeFiles/pio_transmit.dir/home/pi/pico/pico-sdk/lib/tinyusb/src/portable/raspberrypi/rp2040/dcd_rp2040.c.obj
 .text.dcd_int_enable
                0x1000391c        0xc CMakeFiles/pio_transmit.dir/home/pi/pico/pico-sdk/lib/tinyusb/src/portable/raspberrypi/rp2040/dcd_rp2040.c.obj
                0x1000391c                dcd_int_enable
 .text.dcd_set_address
                0x10003928       0x28 CMakeFiles/pio_transmit.dir/home/pi/pico/pico-sdk/lib/tinyusb/src/portable/raspberrypi/rp2040/dcd_rp2040.c.obj
                0x10003928                dcd_set_address
 .text.dcd_connect
                0x10003950       0x10 CMakeFiles/pio_transmit.dir/home/pi/pico/pico-sdk/lib/tinyusb/src/portable/raspberrypi/rp2040/dcd_rp2040.c.obj
                0x10003950                dcd_connect
 .text.dcd_init
                0x10003960       0x98 CMakeFiles/pio_transmit.dir/home/pi/pico/pico-sdk/lib/tinyusb/src/portable/raspberrypi/rp2040/dcd_rp2040.c.obj
                0x10003960                dcd_init
 .text.dcd_edpt0_status_complete
                0x100039f8       0x30 CMakeFiles/pio_transmit.dir/home/pi/pico/pico-sdk/lib/tinyusb/src/portable/raspberrypi/rp2040/dcd_rp2040.c.obj
                0x100039f8                dcd_edpt0_status_complete
 .text.dcd_edpt_open
                0x10003a28      0x140 CMakeFiles/pio_transmit.dir/home/pi/pico/pico-sdk/lib/tinyusb/src/portable/raspberrypi/rp2040/dcd_rp2040.c.obj
                0x10003a28                dcd_edpt_open
 .text.dcd_edpt_xfer
                0x10003b68       0x28 CMakeFiles/pio_transmit.dir/home/pi/pico/pico-sdk/lib/tinyusb/src/portable/raspberrypi/rp2040/dcd_rp2040.c.obj
                0x10003b68                dcd_edpt_xfer
 .text.dcd_edpt_stall
                0x10003b90       0x48 CMakeFiles/pio_transmit.dir/home/pi/pico/pico-sdk/lib/tinyusb/src/portable/raspberrypi/rp2040/dcd_rp2040.c.obj
                0x10003b90                dcd_edpt_stall
 .text.dcd_edpt_clear_stall
                0x10003bd8       0x44 CMakeFiles/pio_transmit.dir/home/pi/pico/pico-sdk/lib/tinyusb/src/portable/raspberrypi/rp2040/dcd_rp2040.c.obj
                0x10003bd8                dcd_edpt_clear_stall
 .text.rp2040_usb_init
                0x10003c1c       0x50 CMakeFiles/pio_transmit.dir/home/pi/pico/pico-sdk/lib/tinyusb/src/portable/raspberrypi/rp2040/rp2040_usb.c.obj
                0x10003c1c                rp2040_usb_init
 .text.hw_endpoint_reset_transfer
                0x10003c6c       0x10 CMakeFiles/pio_transmit.dir/home/pi/pico/pico-sdk/lib/tinyusb/src/portable/raspberrypi/rp2040/rp2040_usb.c.obj
                0x10003c6c                hw_endpoint_reset_transfer
 .text._hw_endpoint_buffer_control_update32
                0x10003c7c       0x58 CMakeFiles/pio_transmit.dir/home/pi/pico/pico-sdk/lib/tinyusb/src/portable/raspberrypi/rp2040/rp2040_usb.c.obj
                0x10003c7c                _hw_endpoint_buffer_control_update32
 .text._hw_endpoint_start_next_buffer
                0x10003cd4       0x7c CMakeFiles/pio_transmit.dir/home/pi/pico/pico-sdk/lib/tinyusb/src/portable/raspberrypi/rp2040/rp2040_usb.c.obj
                0x10003cd4                _hw_endpoint_start_next_buffer
 .text._hw_endpoint_xfer_continue
                0x10003d50      0x120 CMakeFiles/pio_transmit.dir/home/pi/pico/pico-sdk/lib/tinyusb/src/portable/raspberrypi/rp2040/rp2040_usb.c.obj
                0x10003d50                _hw_endpoint_xfer_continue
 .text._hw_endpoint_xfer
                0x10003e70      0x160 CMakeFiles/pio_transmit.dir/home/pi/pico/pico-sdk/lib/tinyusb/src/portable/raspberrypi/rp2040/rp2040_usb.c.obj
                0x10003e70                _hw_endpoint_xfer
 .text.tud_mounted
                0x10003fd0       0x10 CMakeFiles/pio_transmit.dir/home/pi/pico/pico-sdk/lib/tinyusb/src/device/usbd.c.obj
                0x10003fd0                tud_mounted
 .text.tud_suspended
                0x10003fe0       0x10 CMakeFiles/pio_transmit.dir/home/pi/pico/pico-sdk/lib/tinyusb/src/device/usbd.c.obj
                0x10003fe0                tud_suspended
 .text.tud_inited
                0x10003ff0        0xc CMakeFiles/pio_transmit.dir/home/pi/pico/pico-sdk/lib/tinyusb/src/device/usbd.c.obj
                0x10003ff0                tud_inited
 .text.tud_init
                0x10003ffc       0xdc CMakeFiles/pio_transmit.dir/home/pi/pico/pico-sdk/lib/tinyusb/src/device/usbd.c.obj
                0x10003ffc                tud_init
 .text.tud_task
                0x100040d8      0x84c CMakeFiles/pio_transmit.dir/home/pi/pico/pico-sdk/lib/tinyusb/src/device/usbd.c.obj
                0x100040d8                tud_task
 .text.dcd_event_bus_signal
                0x10004924       0xe8 CMakeFiles/pio_transmit.dir/home/pi/pico/pico-sdk/lib/tinyusb/src/device/usbd.c.obj
                0x10004924                dcd_event_bus_signal
 .text.dcd_event_bus_reset
                0x10004a0c       0x58 CMakeFiles/pio_transmit.dir/home/pi/pico/pico-sdk/lib/tinyusb/src/device/usbd.c.obj
                0x10004a0c                dcd_event_bus_reset
 .text.dcd_event_setup_received
                0x10004a64       0x50 CMakeFiles/pio_transmit.dir/home/pi/pico/pico-sdk/lib/tinyusb/src/device/usbd.c.obj
                0x10004a64                dcd_event_setup_received
 .text.dcd_event_xfer_complete
                0x10004ab4       0x68 CMakeFiles/pio_transmit.dir/home/pi/pico/pico-sdk/lib/tinyusb/src/device/usbd.c.obj
                0x10004ab4                dcd_event_xfer_complete
 .text.usbd_open_edpt_pair
                0x10004b1c       0xf4 CMakeFiles/pio_transmit.dir/home/pi/pico/pico-sdk/lib/tinyusb/src/device/usbd.c.obj
                0x10004b1c                usbd_open_edpt_pair
 .text.usbd_edpt_open
                0x10004c10       0x8c CMakeFiles/pio_transmit.dir/home/pi/pico/pico-sdk/lib/tinyusb/src/device/usbd.c.obj
                0x10004c10                usbd_edpt_open
 .text.usbd_edpt_claim
                0x10004c9c       0x5c CMakeFiles/pio_transmit.dir/home/pi/pico/pico-sdk/lib/tinyusb/src/device/usbd.c.obj
                0x10004c9c                usbd_edpt_claim
 .text.usbd_edpt_release
                0x10004cf8       0x4c CMakeFiles/pio_transmit.dir/home/pi/pico/pico-sdk/lib/tinyusb/src/device/usbd.c.obj
                0x10004cf8                usbd_edpt_release
 .text.usbd_edpt_xfer
                0x10004d44       0x48 CMakeFiles/pio_transmit.dir/home/pi/pico/pico-sdk/lib/tinyusb/src/device/usbd.c.obj
                0x10004d44                usbd_edpt_xfer
 .text.tud_control_status
                0x10004d8c       0x30 CMakeFiles/pio_transmit.dir/home/pi/pico/pico-sdk/lib/tinyusb/src/device/usbd_control.c.obj
                0x10004d8c                tud_control_status
 .text.tud_control_xfer
                0x10004dbc       0xb4 CMakeFiles/pio_transmit.dir/home/pi/pico/pico-sdk/lib/tinyusb/src/device/usbd_control.c.obj
                0x10004dbc                tud_control_xfer
 .text.usbd_control_reset
                0x10004e70       0x14 CMakeFiles/pio_transmit.dir/home/pi/pico/pico-sdk/lib/tinyusb/src/device/usbd_control.c.obj
                0x10004e70                usbd_control_reset
 .text.usbd_control_set_complete_callback
                0x10004e84        0xc CMakeFiles/pio_transmit.dir/home/pi/pico/pico-sdk/lib/tinyusb/src/device/usbd_control.c.obj
                0x10004e84                usbd_control_set_complete_callback
 .text.usbd_control_set_request
                0x10004e90       0x1c CMakeFiles/pio_transmit.dir/home/pi/pico/pico-sdk/lib/tinyusb/src/device/usbd_control.c.obj
                0x10004e90                usbd_control_set_request
 .text.usbd_control_xfer_cb
                0x10004eac       0xfc CMakeFiles/pio_transmit.dir/home/pi/pico/pico-sdk/lib/tinyusb/src/device/usbd_control.c.obj
                0x10004eac                usbd_control_xfer_cb
 .text.tud_cdc_n_connected
                0x10004fa8       0x30 CMakeFiles/pio_transmit.dir/home/pi/pico/pico-sdk/lib/tinyusb/src/class/cdc/cdc_device.c.obj
                0x10004fa8                tud_cdc_n_connected
 .text.tud_cdc_n_available
                0x10004fd8       0x1c CMakeFiles/pio_transmit.dir/home/pi/pico/pico-sdk/lib/tinyusb/src/class/cdc/cdc_device.c.obj
                0x10004fd8                tud_cdc_n_available
 .text.tud_cdc_n_read
                0x10004ff4       0x70 CMakeFiles/pio_transmit.dir/home/pi/pico/pico-sdk/lib/tinyusb/src/class/cdc/cdc_device.c.obj
                0x10004ff4                tud_cdc_n_read
 .text.tud_cdc_n_write
                0x10005064       0x90 CMakeFiles/pio_transmit.dir/home/pi/pico/pico-sdk/lib/tinyusb/src/class/cdc/cdc_device.c.obj
                0x10005064                tud_cdc_n_write
 .text.tud_cdc_n_write_flush
                0x100050f4       0x78 CMakeFiles/pio_transmit.dir/home/pi/pico/pico-sdk/lib/tinyusb/src/class/cdc/cdc_device.c.obj
                0x100050f4                tud_cdc_n_write_flush
 .text.tud_cdc_n_write_available
                0x1000516c       0x1c CMakeFiles/pio_transmit.dir/home/pi/pico/pico-sdk/lib/tinyusb/src/class/cdc/cdc_device.c.obj
                0x1000516c                tud_cdc_n_write_available
 .text.cdcd_init
                0x10005188       0x7c CMakeFiles/pio_transmit.dir/home/pi/pico/pico-sdk/lib/tinyusb/src/class/cdc/cdc_device.c.obj
                0x10005188                cdcd_init
 .text.cdcd_reset
                0x10005204       0x2c CMakeFiles/pio_transmit.dir/home/pi/pico/pico-sdk/lib/tinyusb/src/class/cdc/cdc_device.c.obj
                0x10005204                cdcd_reset
 .text.cdcd_open
                0x10005230       0xec CMakeFiles/pio_transmit.dir/home/pi/pico/pico-sdk/lib/tinyusb/src/class/cdc/cdc_device.c.obj
                0x10005230                cdcd_open
 .text.cdcd_control_xfer_cb
                0x1000531c       0xe4 CMakeFiles/pio_transmit.dir/home/pi/pico/pico-sdk/lib/tinyusb/src/class/cdc/cdc_device.c.obj
                0x1000531c                cdcd_control_xfer_cb
 .text.cdcd_xfer_cb
                0x10005400      0x198 CMakeFiles/pio_transmit.dir/home/pi/pico/pico-sdk/lib/tinyusb/src/class/cdc/cdc_device.c.obj
                0x10005400                cdcd_xfer_cb
 .text.tusb_init
                0x10005598        0xc CMakeFiles/pio_transmit.dir/home/pi/pico/pico-sdk/lib/tinyusb/src/tusb.c.obj
                0x10005598                tusb_init
 .text.tusb_inited
                0x100055a4        0x8 CMakeFiles/pio_transmit.dir/home/pi/pico/pico-sdk/lib/tinyusb/src/tusb.c.obj
                0x100055a4                tusb_inited
 .text.tu_fifo_config
                0x100055ac       0x78 CMakeFiles/pio_transmit.dir/home/pi/pico/pico-sdk/lib/tinyusb/src/common/tusb_fifo.c.obj
                0x100055ac                tu_fifo_config
 .text.tu_fifo_count
                0x10005624       0x24 CMakeFiles/pio_transmit.dir/home/pi/pico/pico-sdk/lib/tinyusb/src/common/tusb_fifo.c.obj
                0x10005624                tu_fifo_count
 .text.tu_fifo_empty
                0x10005648       0x10 CMakeFiles/pio_transmit.dir/home/pi/pico/pico-sdk/lib/tinyusb/src/common/tusb_fifo.c.obj
                0x10005648                tu_fifo_empty
 .text.tu_fifo_remaining
                0x10005658       0x20 CMakeFiles/pio_transmit.dir/home/pi/pico/pico-sdk/lib/tinyusb/src/common/tusb_fifo.c.obj
                0x10005658                tu_fifo_remaining
 .text.tu_fifo_read
                0x10005678       0xa0 CMakeFiles/pio_transmit.dir/home/pi/pico/pico-sdk/lib/tinyusb/src/common/tusb_fifo.c.obj
                0x10005678                tu_fifo_read
 .text.tu_fifo_read_n
                0x10005718       0xf4 CMakeFiles/pio_transmit.dir/home/pi/pico/pico-sdk/lib/tinyusb/src/common/tusb_fifo.c.obj
                0x10005718                tu_fifo_read_n
 .text.tu_fifo_write
                0x1000580c       0x7c CMakeFiles/pio_transmit.dir/home/pi/pico/pico-sdk/lib/tinyusb/src/common/tusb_fifo.c.obj
                0x1000580c                tu_fifo_write
 .text.tu_fifo_write_n
                0x10005888       0xf8 CMakeFiles/pio_transmit.dir/home/pi/pico/pico-sdk/lib/tinyusb/src/common/tusb_fifo.c.obj
                0x10005888                tu_fifo_write_n
 .text.tu_fifo_clear
                0x10005980       0x4c CMakeFiles/pio_transmit.dir/home/pi/pico/pico-sdk/lib/tinyusb/src/common/tusb_fifo.c.obj
                0x10005980                tu_fifo_clear
 .text.tu_fifo_set_overwritable
                0x100059cc       0x3c CMakeFiles/pio_transmit.dir/home/pi/pico/pico-sdk/lib/tinyusb/src/common/tusb_fifo.c.obj
                0x100059cc                tu_fifo_set_overwritable
 .text.startup._retrieve_unique_id_on_boot
                0x10005a08       0x10 CMakeFiles/pio_transmit.dir/home/pi/pico/pico-sdk/src/rp2_common/pico_unique_id/unique_id.c.obj
 .text.pico_get_unique_board_id_string
                0x10005a18      0x1cc CMakeFiles/pio_transmit.dir/home/pi/pico/pico-sdk/src/rp2_common/pico_unique_id/unique_id.c.obj
                0x10005a18                pico_get_unique_board_id_string
 .text.flash_get_unique_id
                0x10005be4       0x3c CMakeFiles/pio_transmit.dir/home/pi/pico/pico-sdk/src/rp2_common/hardware_flash/flash.c.obj
                0x10005be4                flash_get_unique_id
 .text          0x10005c20       0x64 /usr/lib/gcc/arm-none-eabi/7.3.1/../../../arm-none-eabi/lib/thumb/v6-m/libc.a(lib_a-strlen-stub.o)
                0x10005c20                strlen
 *(.fini)
 .fini          0x10005c84        0x4 /usr/lib/gcc/arm-none-eabi/7.3.1/thumb/v6-m/crti.o
                0x10005c84                _fini
 .fini.__stub   0x10005c88       0x60 linker stubs
 *crtbegin.o(.ctors)
 *crtbegin?.o(.ctors)
 *(EXCLUDE_FILE(*crtend.o *crtend?.o) .ctors)
 *(SORT_BY_NAME(.ctors.*))
 *(.ctors)
 *crtbegin.o(.dtors)
 *crtbegin?.o(.dtors)
 *(EXCLUDE_FILE(*crtend.o *crtend?.o) .dtors)
 *(SORT_BY_NAME(.dtors.*))
 *(.dtors)
 *(.eh_frame*)
 .eh_frame      0x10005ce8        0x0 /usr/lib/gcc/arm-none-eabi/7.3.1/thumb/v6-m/crtbegin.o
                0x10005ce8                . = ALIGN (0x4)

.glue_7         0x10005ce8        0x0
 .glue_7        0x10005ce8        0x0 linker stubs

.glue_7t        0x10005ce8        0x0
 .glue_7t       0x10005ce8        0x0 linker stubs

.vfp11_veneer   0x10005ce8        0x0
 .vfp11_veneer  0x10005ce8        0x0 linker stubs

.v4_bx          0x10005ce8        0x0
 .v4_bx         0x10005ce8        0x0 linker stubs

.iplt           0x10005ce8        0x0
 .iplt          0x10005ce8        0x0 /usr/lib/gcc/arm-none-eabi/7.3.1/thumb/v6-m/crtbegin.o

.rodata         0x10005ce8      0x368
 *(EXCLUDE_FILE(*libm.a: *libc.a:*lib_a-mem*.o *libgcc.a:) .rodata*)
 .rodata.display.6212
                0x10005ce8        0xb CMakeFiles/pio_transmit.dir/pio_transmit.c.obj
 *fill*         0x10005cf3        0x1 
 .rodata.main.str1.4
                0x10005cf4        0xb CMakeFiles/pio_transmit.dir/pio_transmit.c.obj
 *fill*         0x10005cff        0x1 
 .rodata.str1.4
                0x10005d00        0xe CMakeFiles/pio_transmit.dir/pio_transmit.c.obj
 *fill*         0x10005d0e        0x2 
 .rodata.spin_lock_claim_unused.str1.4
                0x10005d10       0x1b CMakeFiles/pio_transmit.dir/home/pi/pico/pico-sdk/src/rp2_common/hardware_sync/sync.c.obj
 *fill*         0x10005d2b        0x1 
 .rodata.hardware_alarm_claim.str1.4
                0x10005d2c       0x22 CMakeFiles/pio_transmit.dir/home/pi/pico/pico-sdk/src/rp2_common/hardware_timer/timer.c.obj
 *fill*         0x10005d4e        0x2 
 .rodata.hard_assertion_failure.str1.4
                0x10005d50        0xc CMakeFiles/pio_transmit.dir/home/pi/pico/pico-sdk/src/rp2_common/pico_runtime/runtime.c.obj
 .rodata.panic.str1.4
                0x10005d5c       0x12 CMakeFiles/pio_transmit.dir/home/pi/pico/pico-sdk/src/rp2_common/pico_runtime/runtime.c.obj
 *fill*         0x10005d6e        0x2 
 .rodata.__bi_44
                0x10005d70        0xc CMakeFiles/pio_transmit.dir/home/pi/pico/pico-sdk/src/rp2_common/pico_standard_link/binary_info.c.obj
 .rodata.__bi_75
                0x10005d7c        0xc CMakeFiles/pio_transmit.dir/home/pi/pico/pico-sdk/src/rp2_common/pico_standard_link/binary_info.c.obj
 .rodata.__bi_81
                0x10005d88        0xc CMakeFiles/pio_transmit.dir/home/pi/pico/pico-sdk/src/rp2_common/pico_standard_link/binary_info.c.obj
 .rodata.str1.4
                0x10005d94       0x44 CMakeFiles/pio_transmit.dir/home/pi/pico/pico-sdk/src/rp2_common/pico_standard_link/binary_info.c.obj
 .rodata.crlf_str.5961
                0x10005dd8        0x2 CMakeFiles/pio_transmit.dir/home/pi/pico/pico-sdk/src/rp2_common/pico_stdio/stdio.c.obj
 *fill*         0x10005dda        0x2 
 .rodata.__bi_28.4698
                0x10005ddc        0xc CMakeFiles/pio_transmit.dir/home/pi/pico/pico-sdk/src/rp2_common/pico_stdio_uart/stdio_uart.c.obj
 .rodata.__bi_29.4702
                0x10005de8        0x8 CMakeFiles/pio_transmit.dir/home/pi/pico/pico-sdk/src/rp2_common/pico_stdio_uart/stdio_uart.c.obj
 .rodata.str1.4
                0x10005df0       0x2c CMakeFiles/pio_transmit.dir/home/pi/pico/pico-sdk/src/rp2_common/pico_stdio_uart/stdio_uart.c.obj
 .rodata._resetd_driver
                0x10005e1c       0x18 CMakeFiles/pio_transmit.dir/home/pi/pico/pico-sdk/src/rp2_common/pico_stdio_usb/reset_interface.c.obj
 .rodata.__bi_93.7070
                0x10005e34        0xc CMakeFiles/pio_transmit.dir/home/pi/pico/pico-sdk/src/rp2_common/pico_stdio_usb/stdio_usb.c.obj
 .rodata.str1.4
                0x10005e40       0x13 CMakeFiles/pio_transmit.dir/home/pi/pico/pico-sdk/src/rp2_common/pico_stdio_usb/stdio_usb.c.obj
 *fill*         0x10005e53        0x1 
 .rodata.str1.4
                0x10005e54       0x2a CMakeFiles/pio_transmit.dir/home/pi/pico/pico-sdk/src/rp2_common/pico_stdio_usb/stdio_usb_descriptors.c.obj
 *fill*         0x10005e7e        0x2 
 .rodata.usbd_desc_cfg
                0x10005e80       0x54 CMakeFiles/pio_transmit.dir/home/pi/pico/pico-sdk/src/rp2_common/pico_stdio_usb/stdio_usb_descriptors.c.obj
 .rodata.usbd_desc_device
                0x10005ed4       0x12 CMakeFiles/pio_transmit.dir/home/pi/pico/pico-sdk/src/rp2_common/pico_stdio_usb/stdio_usb_descriptors.c.obj
 *fill*         0x10005ee6        0x2 
 .rodata.usbd_desc_str
                0x10005ee8       0x18 CMakeFiles/pio_transmit.dir/home/pi/pico/pico-sdk/src/rp2_common/pico_stdio_usb/stdio_usb_descriptors.c.obj
 .rodata.dcd_edpt_open.str1.4
                0x10005f00       0x28 CMakeFiles/pio_transmit.dir/home/pi/pico/pico-sdk/lib/tinyusb/src/portable/raspberrypi/rp2040/dcd_rp2040.c.obj
 .rodata.dcd_rp2040_irq.str1.4
                0x10005f28       0x14 CMakeFiles/pio_transmit.dir/home/pi/pico/pico-sdk/lib/tinyusb/src/portable/raspberrypi/rp2040/dcd_rp2040.c.obj
 .rodata._hw_endpoint_buffer_control_update32.str1.4
                0x10005f3c       0x1f CMakeFiles/pio_transmit.dir/home/pi/pico/pico-sdk/lib/tinyusb/src/portable/raspberrypi/rp2040/rp2040_usb.c.obj
 *fill*         0x10005f5b        0x1 
 .rodata._hw_endpoint_xfer_continue.str1.4
                0x10005f5c       0x50 CMakeFiles/pio_transmit.dir/home/pi/pico/pico-sdk/lib/tinyusb/src/portable/raspberrypi/rp2040/rp2040_usb.c.obj
 .rodata.str1.4
                0x10005fac       0x50 CMakeFiles/pio_transmit.dir/home/pi/pico/pico-sdk/lib/tinyusb/src/portable/raspberrypi/rp2040/rp2040_usb.c.obj
                                  0x7 (size before relaxing)
 .rodata.tud_task
                0x10005fac       0x8c CMakeFiles/pio_transmit.dir/home/pi/pico/pico-sdk/lib/tinyusb/src/device/usbd.c.obj
 .rodata._usbd_driver
                0x10006038       0x18 CMakeFiles/pio_transmit.dir/home/pi/pico/pico-sdk/lib/tinyusb/src/device/usbd.c.obj
                0x10006050                . = ALIGN (0x4)
 *(SORT_BY_ALIGNMENT(SORT_BY_NAME(.flashdata*)))
                0x10006050                . = ALIGN (0x4)

.rel.dyn        0x10006050        0x0
 .rel.iplt      0x10006050        0x0 /usr/lib/gcc/arm-none-eabi/7.3.1/thumb/v6-m/crtbegin.o

.ARM.extab
 *(.ARM.extab* .gnu.linkonce.armextab.*)
                0x10006050                __exidx_start = .

.ARM.exidx
 *(.ARM.exidx* .gnu.linkonce.armexidx.*)
                0x10006050                __exidx_end = .
                0x10006050                . = ALIGN (0x4)
                0x10006050                __binary_info_start = .

.binary_info    0x10006050       0x28
 *(.binary_info.keep.*)
 .binary_info.keep.__bi_ptr22
                0x10006050        0x4 CMakeFiles/pio_transmit.dir/home/pi/pico/pico-sdk/src/rp2_common/pico_standard_link/binary_info.c.obj
 .binary_info.keep.__bi_ptr30
                0x10006054        0x4 CMakeFiles/pio_transmit.dir/home/pi/pico/pico-sdk/src/rp2_common/pico_standard_link/binary_info.c.obj
 .binary_info.keep.__bi_ptr38
                0x10006058        0x4 CMakeFiles/pio_transmit.dir/home/pi/pico/pico-sdk/src/rp2_common/pico_standard_link/binary_info.c.obj
 .binary_info.keep.__bi_ptr44
                0x1000605c        0x4 CMakeFiles/pio_transmit.dir/home/pi/pico/pico-sdk/src/rp2_common/pico_standard_link/binary_info.c.obj
 .binary_info.keep.__bi_ptr50
                0x10006060        0x4 CMakeFiles/pio_transmit.dir/home/pi/pico/pico-sdk/src/rp2_common/pico_standard_link/binary_info.c.obj
 .binary_info.keep.__bi_ptr75
                0x10006064        0x4 CMakeFiles/pio_transmit.dir/home/pi/pico/pico-sdk/src/rp2_common/pico_standard_link/binary_info.c.obj
 .binary_info.keep.__bi_ptr81
                0x10006068        0x4 CMakeFiles/pio_transmit.dir/home/pi/pico/pico-sdk/src/rp2_common/pico_standard_link/binary_info.c.obj
 *(.binary_info.*)
 .binary_info.__bi_ptr28
                0x1000606c        0x4 CMakeFiles/pio_transmit.dir/home/pi/pico/pico-sdk/src/rp2_common/pico_stdio_uart/stdio_uart.c.obj
 .binary_info.__bi_ptr29
                0x10006070        0x4 CMakeFiles/pio_transmit.dir/home/pi/pico/pico-sdk/src/rp2_common/pico_stdio_uart/stdio_uart.c.obj
 .binary_info.__bi_ptr93
                0x10006074        0x4 CMakeFiles/pio_transmit.dir/home/pi/pico/pico-sdk/src/rp2_common/pico_stdio_usb/stdio_usb.c.obj
                0x10006078                __binary_info_end = .
                0x10006078                . = ALIGN (0x4)
                0x10006078                __etext = .

.ram_vector_table
                0x20000000       0xc0
 *(.ram_vector_table)
 .ram_vector_table
                0x20000000       0xc0 CMakeFiles/pio_transmit.dir/home/pi/pico/pico-sdk/src/rp2_common/pico_runtime/runtime.c.obj
                0x20000000                ram_vector_table

.data           0x200000c0      0x434 load address 0x10006078
                0x200000c0                __data_start__ = .
 *(vtable)
 *(.time_critical*)
 .time_critical.mutex_enter_blocking
                0x200000c0       0x60 CMakeFiles/pio_transmit.dir/home/pi/pico/pico-sdk/src/common/pico_sync/mutex.c.obj
                0x200000c0                mutex_enter_blocking
 .time_critical.mutex_try_enter
                0x20000120       0x5c CMakeFiles/pio_transmit.dir/home/pi/pico/pico-sdk/src/common/pico_sync/mutex.c.obj
                0x20000120                mutex_try_enter
 .time_critical.mutex_enter_timeout_ms
                0x2000017c       0xb4 CMakeFiles/pio_transmit.dir/home/pi/pico/pico-sdk/src/common/pico_sync/mutex.c.obj
                0x2000017c                mutex_enter_timeout_ms
 .time_critical.mutex_exit
                0x20000230       0x58 CMakeFiles/pio_transmit.dir/home/pi/pico/pico-sdk/src/common/pico_sync/mutex.c.obj
                0x20000230                mutex_exit
 .time_critical.flash_init_boot2_copyout
                0x20000288       0x34 CMakeFiles/pio_transmit.dir/home/pi/pico/pico-sdk/src/rp2_common/hardware_flash/flash.c.obj
 .time_critical.flash_enable_xip_via_boot2
                0x200002bc       0x10 CMakeFiles/pio_transmit.dir/home/pi/pico/pico-sdk/src/rp2_common/hardware_flash/flash.c.obj
 .time_critical.flash_cs_force
                0x200002cc       0x38 CMakeFiles/pio_transmit.dir/home/pi/pico/pico-sdk/src/rp2_common/hardware_flash/flash.c.obj
 .time_critical.flash_do_cmd
                0x20000304       0x98 CMakeFiles/pio_transmit.dir/home/pi/pico/pico-sdk/src/rp2_common/hardware_flash/flash.c.obj
                0x20000304                flash_do_cmd
 *(.text*)
 .text          0x2000039c        0x4 /usr/lib/gcc/arm-none-eabi/7.3.1/thumb/v6-m/libgcc.a(_dvmd_tls.o)
                0x2000039c                __aeabi_ldiv0
                0x2000039c                __aeabi_idiv0
 .text.__stub   0x200003a0       0x40 linker stubs
                0x200003e0                . = ALIGN (0x4)
 *(.rodata*)
                0x200003e0                . = ALIGN (0x4)
 *(.data*)
 .data.striped_spin_lock_num
                0x200003e0        0x1 CMakeFiles/pio_transmit.dir/home/pi/pico/pico-sdk/src/rp2_common/hardware_sync/sync.c.obj
 *fill*         0x200003e1        0x3 
 .data.default_alarm_pool
                0x200003e4       0x18 CMakeFiles/pio_transmit.dir/home/pi/pico/pico-sdk/src/common/pico_time/time.c.obj
 .data.default_alarm_pool_heap
                0x200003fc       0x10 CMakeFiles/pio_transmit.dir/home/pi/pico/pico-sdk/src/common/pico_time/time.c.obj
 .data          0x2000040c       0x48 CMakeFiles/pio_transmit.dir/home/pi/pico/pico-sdk/src/rp2_common/hardware_irq/irq_handler_chain.S.obj
                0x2000040c                irq_handler_chain_slots
                0x2000043c                irq_handler_chain_first_slot
                0x20000446                irq_handler_chain_remove_tail
 *fill*         0x20000454        0xc 
 .data.aeabi_bits_funcs
                0x20000460       0x10 CMakeFiles/pio_transmit.dir/home/pi/pico/pico-sdk/src/rp2_common/pico_bit_ops/bit_ops_aeabi.S.obj
                0x20000460                aeabi_bits_funcs
                0x20000470                aeabi_bits_funcs_end
 .data.aeabi_mem_funcs
                0x20000470       0x10 CMakeFiles/pio_transmit.dir/home/pi/pico/pico-sdk/src/rp2_common/pico_mem_ops/mem_ops_aeabi.S.obj
                0x20000470                aeabi_mem_funcs
                0x20000480                aeabi_mem_funcs_end
 .data.stdio_uart
                0x20000480       0x14 CMakeFiles/pio_transmit.dir/home/pi/pico/pico-sdk/src/rp2_common/pico_stdio_uart/stdio_uart.c.obj
                0x20000480                stdio_uart
 .data.stdio_usb
                0x20000494       0x14 CMakeFiles/pio_transmit.dir/home/pi/pico/pico-sdk/src/rp2_common/pico_stdio_usb/stdio_usb.c.obj
                0x20000494                stdio_usb
 .data.ep_dir_string
                0x200004a8        0x8 CMakeFiles/pio_transmit.dir/home/pi/pico/pico-sdk/lib/tinyusb/src/portable/raspberrypi/rp2040/rp2040_usb.c.obj
                0x200004a8                ep_dir_string
 .data._usbd_qdef
                0x200004b0       0x24 CMakeFiles/pio_transmit.dir/home/pi/pico/pico-sdk/lib/tinyusb/src/device/usbd.c.obj
                0x200004b0                _usbd_qdef
                0x200004d4                . = ALIGN (0x4)
 *(.after_data.*)
                0x200004d4                . = ALIGN (0x4)
                0x200004d4                PROVIDE (__mutex_array_start = .)
 *(SORT_BY_NAME(.mutex_array.*))
 *(.mutex_array)
 .mutex_array   0x200004d4        0x8 CMakeFiles/pio_transmit.dir/home/pi/pico/pico-sdk/src/rp2_common/pico_stdio/stdio.c.obj
                0x200004dc                PROVIDE (__mutex_array_end = .)
                0x200004dc                . = ALIGN (0x4)
                0x200004dc                PROVIDE (__preinit_array_start = .)
 *(SORT_BY_NAME(.preinit_array.*))
 .preinit_array.00001
                0x200004dc        0x4 CMakeFiles/pio_transmit.dir/home/pi/pico/pico-sdk/src/rp2_common/pico_mem_ops/mem_ops_aeabi.S.obj
 .preinit_array.00010
                0x200004e0        0x4 CMakeFiles/pio_transmit.dir/home/pi/pico/pico-sdk/src/rp2_common/pico_bit_ops/bit_ops_aeabi.S.obj
 .preinit_array.00020
                0x200004e4        0x4 CMakeFiles/pio_transmit.dir/home/pi/pico/pico-sdk/src/rp2_common/pico_double/double_aeabi.S.obj
 .preinit_array.00020
                0x200004e8        0x4 CMakeFiles/pio_transmit.dir/home/pi/pico/pico-sdk/src/rp2_common/pico_float/float_aeabi.S.obj
 *(.preinit_array)
                0x200004ec                PROVIDE (__preinit_array_end = .)
                0x200004ec                . = ALIGN (0x4)
                0x200004ec                PROVIDE (__init_array_start = .)
 *(SORT_BY_NAME(.init_array.*))
 *(.init_array)
 .init_array    0x200004ec        0x4 /usr/lib/gcc/arm-none-eabi/7.3.1/thumb/v6-m/crtbegin.o
 .init_array    0x200004f0        0x4 CMakeFiles/pio_transmit.dir/home/pi/pico/pico-sdk/src/rp2_common/pico_unique_id/unique_id.c.obj
                0x200004f4                PROVIDE (__init_array_end = .)
                0x200004f4                . = ALIGN (0x4)
                0x200004f4                PROVIDE (__fini_array_start = .)
 *(SORT_BY_NAME(.fini_array.*))
 *(.fini_array)
                0x200004f4                PROVIDE (__fini_array_end = .)
 *(.jcr)
                0x200004f4                . = ALIGN (0x4)
                0x200004f4                __data_end__ = .

.tm_clone_table
                0x200004f4        0x0 load address 0x100064ac
 .tm_clone_table
                0x200004f4        0x0 /usr/lib/gcc/arm-none-eabi/7.3.1/thumb/v6-m/crtbegin.o
 .tm_clone_table
                0x200004f4        0x0 /usr/lib/gcc/arm-none-eabi/7.3.1/thumb/v6-m/crtend.o

.igot.plt       0x200004f4        0x0 load address 0x100064ac
 .igot.plt      0x200004f4        0x0 /usr/lib/gcc/arm-none-eabi/7.3.1/thumb/v6-m/crtbegin.o

.uninitialized_data
                0x200004f4        0x0 load address 0x100064ac
                0x200004f4                . = ALIGN (0x4)
 *(.uninitialized_data*)

.scratch_x      0x20040000        0x0 load address 0x100064ac
                0x20040000                __scratch_x_start__ = .
 *(.scratch_x.*)
                0x20040000                . = ALIGN (0x4)
                0x20040000                __scratch_x_end__ = .
                0x100064ac                __scratch_x_source__ = LOADADDR (.scratch_x)

.scratch_y      0x20041000        0x0 load address 0x100064ac
                0x20041000                __scratch_y_start__ = .
 *(.scratch_y.*)
                0x20041000                . = ALIGN (0x4)
                0x20041000                __scratch_y_end__ = .
                0x100064ac                __scratch_y_source__ = LOADADDR (.scratch_y)

.bss            0x200004f8      0xd6c
                0x200004f8                . = ALIGN (0x4)
                0x200004f8                __bss_start__ = .
 *(SORT_BY_ALIGNMENT(SORT_BY_NAME(.bss*)))
 .bss.default_alarm_pool_entries
                0x200004f8      0x100 CMakeFiles/pio_transmit.dir/home/pi/pico/pico-sdk/src/common/pico_time/time.c.obj
 .bss.last_avail_time.7049
                0x200005f8        0x8 CMakeFiles/pio_transmit.dir/home/pi/pico/pico-sdk/src/rp2_common/pico_stdio_usb/stdio_usb.c.obj
 .bss           0x20000600       0x1c /usr/lib/gcc/arm-none-eabi/7.3.1/thumb/v6-m/crtbegin.o
 .bss._app_driver
                0x2000061c        0x4 CMakeFiles/pio_transmit.dir/home/pi/pico/pico-sdk/lib/tinyusb/src/device/usbd.c.obj
 .bss._cdcd_itf
                0x20000620      0x2d8 CMakeFiles/pio_transmit.dir/home/pi/pico/pico-sdk/lib/tinyusb/src/class/cdc/cdc_device.c.obj
 .bss._ctrl_xfer
                0x200008f8       0x14 CMakeFiles/pio_transmit.dir/home/pi/pico/pico-sdk/lib/tinyusb/src/device/usbd_control.c.obj
 .bss._ubsd_mutexdef
                0x2000090c        0x8 CMakeFiles/pio_transmit.dir/home/pi/pico/pico-sdk/lib/tinyusb/src/device/usbd.c.obj
 .bss._usbd_ctrl_buf
                0x20000914       0x40 CMakeFiles/pio_transmit.dir/home/pi/pico/pico-sdk/lib/tinyusb/src/device/usbd_control.c.obj
 .bss._usbd_dev
                0x20000954       0x37 CMakeFiles/pio_transmit.dir/home/pi/pico/pico-sdk/lib/tinyusb/src/device/usbd.c.obj
 *fill*         0x2000098b        0x1 
 .bss._usbd_mutex
                0x2000098c        0x4 CMakeFiles/pio_transmit.dir/home/pi/pico/pico-sdk/lib/tinyusb/src/device/usbd.c.obj
 .bss._usbd_q   0x20000990        0x4 CMakeFiles/pio_transmit.dir/home/pi/pico/pico-sdk/lib/tinyusb/src/device/usbd.c.obj
 .bss.alarm_callbacks
                0x20000994       0x10 CMakeFiles/pio_transmit.dir/home/pi/pico/pico-sdk/src/rp2_common/hardware_timer/timer.c.obj
 .bss.boot2_copyout
                0x200009a4      0x100 CMakeFiles/pio_transmit.dir/home/pi/pico/pico-sdk/src/rp2_common/hardware_flash/flash.c.obj
 .bss.claimed   0x20000aa4        0x4 CMakeFiles/pio_transmit.dir/home/pi/pico/pico-sdk/src/rp2_common/hardware_sync/sync.c.obj
 .bss.configured_freq
                0x20000aa8       0x28 CMakeFiles/pio_transmit.dir/home/pi/pico/pico-sdk/src/rp2_common/hardware_clocks/clocks.c.obj
 .bss.default_alarm_pool_entry_ids_high
                0x20000ad0       0x10 CMakeFiles/pio_transmit.dir/home/pi/pico/pico-sdk/src/common/pico_time/time.c.obj
 .bss.default_alarm_pool_heap_nodes
                0x20000ae0       0x30 CMakeFiles/pio_transmit.dir/home/pi/pico/pico-sdk/src/common/pico_time/time.c.obj
 .bss.desc_str.6953
                0x20000b10       0x28 CMakeFiles/pio_transmit.dir/home/pi/pico/pico-sdk/src/rp2_common/pico_stdio_usb/stdio_usb_descriptors.c.obj
 .bss.drivers   0x20000b38        0x4 CMakeFiles/pio_transmit.dir/home/pi/pico/pico-sdk/src/rp2_common/pico_stdio/stdio.c.obj
 .bss.filter    0x20000b3c        0x4 CMakeFiles/pio_transmit.dir/home/pi/pico/pico-sdk/src/rp2_common/pico_stdio/stdio.c.obj
 .bss.hw_endpoints
                0x20000b40      0x400 CMakeFiles/pio_transmit.dir/home/pi/pico/pico-sdk/lib/tinyusb/src/portable/raspberrypi/rp2040/dcd_rp2040.c.obj
 .bss.lazy_vsnprintf
                0x20000f40        0x4 CMakeFiles/pio_transmit.dir/home/pi/pico/pico-sdk/src/rp2_common/pico_printf/printf.c.obj
 .bss.load_value
                0x20000f44        0x4 CMakeFiles/pio_transmit.dir/home/pi/pico/pico-sdk/src/rp2_common/hardware_watchdog/watchdog.c.obj
 .bss.next_buffer_ptr
                0x20000f48        0x4 CMakeFiles/pio_transmit.dir/home/pi/pico/pico-sdk/lib/tinyusb/src/portable/raspberrypi/rp2040/dcd_rp2040.c.obj
 .bss.pools     0x20000f4c       0x10 CMakeFiles/pio_transmit.dir/home/pi/pico/pico-sdk/src/common/pico_time/time.c.obj
 .bss.retrieved_id
                0x20000f5c        0x8 CMakeFiles/pio_transmit.dir/home/pi/pico/pico-sdk/src/rp2_common/pico_unique_id/unique_id.c.obj
 .bss.sleep_notifier
                0x20000f64        0x4 CMakeFiles/pio_transmit.dir/home/pi/pico/pico-sdk/src/common/pico_time/time.c.obj
 .bss.stdio_usb_mutex
                0x20000f68        0x8 CMakeFiles/pio_transmit.dir/home/pi/pico/pico-sdk/src/rp2_common/pico_stdio_usb/stdio_usb.c.obj
 .bss.target_hi
                0x20000f70       0x10 CMakeFiles/pio_transmit.dir/home/pi/pico/pico-sdk/src/rp2_common/hardware_timer/timer.c.obj
 .bss.uart_instance
                0x20000f80        0x4 CMakeFiles/pio_transmit.dir/home/pi/pico/pico-sdk/src/rp2_common/pico_stdio_uart/stdio_uart.c.obj
 .bss.usbd_serial_str
                0x20000f84       0x11 CMakeFiles/pio_transmit.dir/home/pi/pico/pico-sdk/src/rp2_common/pico_stdio_usb/stdio_usb_descriptors.c.obj
 .bss._app_driver_count
                0x20000f95        0x1 CMakeFiles/pio_transmit.dir/home/pi/pico/pico-sdk/lib/tinyusb/src/device/usbd.c.obj
 .bss._usbd_initialized
                0x20000f96        0x1 CMakeFiles/pio_transmit.dir/home/pi/pico/pico-sdk/lib/tinyusb/src/device/usbd.c.obj
 .bss.boot2_copyout_valid
                0x20000f97        0x1 CMakeFiles/pio_transmit.dir/home/pi/pico/pico-sdk/src/rp2_common/hardware_flash/flash.c.obj
 .bss.claimed   0x20000f98        0x1 CMakeFiles/pio_transmit.dir/home/pi/pico/pico-sdk/src/rp2_common/hardware_timer/timer.c.obj
 .bss.irq_hander_chain_free_slot_head
                0x20000f99        0x1 CMakeFiles/pio_transmit.dir/home/pi/pico/pico-sdk/src/rp2_common/hardware_irq/irq.c.obj
 .bss.itf_num   0x20000f9a        0x1 CMakeFiles/pio_transmit.dir/home/pi/pico/pico-sdk/src/rp2_common/pico_stdio_usb/reset_interface.c.obj
 .bss.timer_callbacks_pending
                0x20000f9b        0x1 CMakeFiles/pio_transmit.dir/home/pi/pico/pico-sdk/src/rp2_common/hardware_timer/timer.c.obj
 *(COMMON)
 COMMON         0x20000f9c        0x4 CMakeFiles/pio_transmit.dir/home/pi/pico/pico-sdk/src/rp2_common/hardware_uart/uart.c.obj
                0x20000f9c                uart_char_to_line_feed
 COMMON         0x20000fa0      0x100 CMakeFiles/pio_transmit.dir/home/pi/pico/pico-sdk/src/rp2_common/pico_double/double_init_rom.c.obj
                0x20000fa0                sd_table
 COMMON         0x200010a0      0x104 CMakeFiles/pio_transmit.dir/home/pi/pico/pico-sdk/src/rp2_common/pico_float/float_init_rom.c.obj
                0x200010a0                sf_table
                0x200011a0                sf_clz_func
 COMMON         0x200011a4       0xc0 CMakeFiles/pio_transmit.dir/home/pi/pico/pico-sdk/lib/tinyusb/src/device/usbd.c.obj
                0x200011a4                _usbd_qdef_buf
                0x20001264                . = ALIGN (0x4)
                0x20001264                __bss_end__ = .

.heap           0x20001264      0x800
                0x20001264                __end__ = .
                0x20001264                end = __end__
 *(.heap*)
 .heap          0x20001264      0x800 CMakeFiles/pio_transmit.dir/home/pi/pico/pico-sdk/src/rp2_common/pico_standard_link/crt0.S.obj
                0x20001a64                __HeapLimit = .

.stack1_dummy   0x20040000        0x0
 *(.stack1*)

.stack_dummy    0x20041000      0x800
 *(.stack*)
 .stack         0x20041000      0x800 CMakeFiles/pio_transmit.dir/home/pi/pico/pico-sdk/src/rp2_common/pico_standard_link/crt0.S.obj

.flash_end      0x100064ac        0x0
                0x100064ac                __flash_binary_end = .
                0x20040000                __StackLimit = (ORIGIN (RAM) + LENGTH (RAM))
                0x20041000                __StackOneTop = (ORIGIN (SCRATCH_X) + LENGTH (SCRATCH_X))
                0x20042000                __StackTop = (ORIGIN (SCRATCH_Y) + LENGTH (SCRATCH_Y))
                0x20041000                __StackOneBottom = (__StackOneTop - SIZEOF (.stack1_dummy))
                0x20041800                __StackBottom = (__StackTop - SIZEOF (.stack_dummy))
                0x20042000                PROVIDE (__stack = __StackTop)
                0x00000001                ASSERT ((__StackLimit >= __HeapLimit), region RAM overflowed)
                0x00000001                ASSERT (((__binary_info_header_end - __logical_binary_start) <= 0x100), Binary info must be in first 256 bytes of the binary)
LOAD CMakeFiles/pio_transmit.dir/pio_transmit.c.obj
LOAD CMakeFiles/pio_transmit.dir/home/pi/pico/pico-sdk/src/rp2_common/pico_stdlib/stdlib.c.obj
LOAD CMakeFiles/pio_transmit.dir/home/pi/pico/pico-sdk/src/rp2_common/hardware_gpio/gpio.c.obj
LOAD CMakeFiles/pio_transmit.dir/home/pi/pico/pico-sdk/src/rp2_common/hardware_claim/claim.c.obj
LOAD CMakeFiles/pio_transmit.dir/home/pi/pico/pico-sdk/src/rp2_common/pico_platform/platform.c.obj
LOAD CMakeFiles/pio_transmit.dir/home/pi/pico/pico-sdk/src/rp2_common/hardware_sync/sync.c.obj
LOAD CMakeFiles/pio_transmit.dir/home/pi/pico/pico-sdk/src/rp2_common/hardware_uart/uart.c.obj
LOAD CMakeFiles/pio_transmit.dir/home/pi/pico/pico-sdk/src/rp2_common/hardware_divider/divider.S.obj
LOAD CMakeFiles/pio_transmit.dir/home/pi/pico/pico-sdk/src/common/pico_time/time.c.obj
LOAD CMakeFiles/pio_transmit.dir/home/pi/pico/pico-sdk/src/common/pico_time/timeout_helper.c.obj
LOAD CMakeFiles/pio_transmit.dir/home/pi/pico/pico-sdk/src/rp2_common/hardware_timer/timer.c.obj
LOAD CMakeFiles/pio_transmit.dir/home/pi/pico/pico-sdk/src/common/pico_sync/sem.c.obj
LOAD CMakeFiles/pio_transmit.dir/home/pi/pico/pico-sdk/src/common/pico_sync/lock_core.c.obj
LOAD CMakeFiles/pio_transmit.dir/home/pi/pico/pico-sdk/src/common/pico_sync/mutex.c.obj
LOAD CMakeFiles/pio_transmit.dir/home/pi/pico/pico-sdk/src/common/pico_sync/critical_section.c.obj
LOAD CMakeFiles/pio_transmit.dir/home/pi/pico/pico-sdk/src/common/pico_util/datetime.c.obj
LOAD CMakeFiles/pio_transmit.dir/home/pi/pico/pico-sdk/src/common/pico_util/pheap.c.obj
LOAD CMakeFiles/pio_transmit.dir/home/pi/pico/pico-sdk/src/common/pico_util/queue.c.obj
LOAD CMakeFiles/pio_transmit.dir/home/pi/pico/pico-sdk/src/rp2_common/pico_runtime/runtime.c.obj
LOAD CMakeFiles/pio_transmit.dir/home/pi/pico/pico-sdk/src/rp2_common/hardware_clocks/clocks.c.obj
LOAD CMakeFiles/pio_transmit.dir/home/pi/pico/pico-sdk/src/rp2_common/hardware_irq/irq.c.obj
LOAD CMakeFiles/pio_transmit.dir/home/pi/pico/pico-sdk/src/rp2_common/hardware_irq/irq_handler_chain.S.obj
LOAD CMakeFiles/pio_transmit.dir/home/pi/pico/pico-sdk/src/rp2_common/hardware_pll/pll.c.obj
LOAD CMakeFiles/pio_transmit.dir/home/pi/pico/pico-sdk/src/rp2_common/hardware_vreg/vreg.c.obj
LOAD CMakeFiles/pio_transmit.dir/home/pi/pico/pico-sdk/src/rp2_common/hardware_watchdog/watchdog.c.obj
LOAD CMakeFiles/pio_transmit.dir/home/pi/pico/pico-sdk/src/rp2_common/hardware_xosc/xosc.c.obj
LOAD CMakeFiles/pio_transmit.dir/home/pi/pico/pico-sdk/src/rp2_common/pico_printf/printf.c.obj
LOAD CMakeFiles/pio_transmit.dir/home/pi/pico/pico-sdk/src/rp2_common/pico_bit_ops/bit_ops_aeabi.S.obj
LOAD CMakeFiles/pio_transmit.dir/home/pi/pico/pico-sdk/src/rp2_common/pico_bootrom/bootrom.c.obj
LOAD CMakeFiles/pio_transmit.dir/home/pi/pico/pico-sdk/src/rp2_common/pico_divider/divider.S.obj
LOAD CMakeFiles/pio_transmit.dir/home/pi/pico/pico-sdk/src/rp2_common/pico_double/double_aeabi.S.obj
LOAD CMakeFiles/pio_transmit.dir/home/pi/pico/pico-sdk/src/rp2_common/pico_double/double_init_rom.c.obj
LOAD CMakeFiles/pio_transmit.dir/home/pi/pico/pico-sdk/src/rp2_common/pico_double/double_math.c.obj
LOAD CMakeFiles/pio_transmit.dir/home/pi/pico/pico-sdk/src/rp2_common/pico_double/double_v1_rom_shim.S.obj
LOAD CMakeFiles/pio_transmit.dir/home/pi/pico/pico-sdk/src/rp2_common/pico_int64_ops/pico_int64_ops_aeabi.S.obj
LOAD CMakeFiles/pio_transmit.dir/home/pi/pico/pico-sdk/src/rp2_common/pico_float/float_aeabi.S.obj
LOAD CMakeFiles/pio_transmit.dir/home/pi/pico/pico-sdk/src/rp2_common/pico_float/float_init_rom.c.obj
LOAD CMakeFiles/pio_transmit.dir/home/pi/pico/pico-sdk/src/rp2_common/pico_float/float_math.c.obj
LOAD CMakeFiles/pio_transmit.dir/home/pi/pico/pico-sdk/src/rp2_common/pico_float/float_v1_rom_shim.S.obj
LOAD CMakeFiles/pio_transmit.dir/home/pi/pico/pico-sdk/src/rp2_common/pico_malloc/pico_malloc.c.obj
LOAD CMakeFiles/pio_transmit.dir/home/pi/pico/pico-sdk/src/rp2_common/pico_mem_ops/mem_ops_aeabi.S.obj
LOAD CMakeFiles/pio_transmit.dir/home/pi/pico/pico-sdk/src/rp2_common/pico_standard_link/crt0.S.obj
LOAD CMakeFiles/pio_transmit.dir/home/pi/pico/pico-sdk/src/rp2_common/pico_standard_link/new_delete.cpp.obj
LOAD CMakeFiles/pio_transmit.dir/home/pi/pico/pico-sdk/src/rp2_common/pico_standard_link/binary_info.c.obj
LOAD CMakeFiles/pio_transmit.dir/home/pi/pico/pico-sdk/src/rp2_common/pico_stdio/stdio.c.obj
LOAD CMakeFiles/pio_transmit.dir/home/pi/pico/pico-sdk/src/rp2_common/pico_stdio_uart/stdio_uart.c.obj
LOAD CMakeFiles/pio_transmit.dir/home/pi/pico/pico-sdk/src/rp2_common/pico_stdio_usb/reset_interface.c.obj
LOAD CMakeFiles/pio_transmit.dir/home/pi/pico/pico-sdk/src/rp2_common/pico_stdio_usb/stdio_usb.c.obj
LOAD CMakeFiles/pio_transmit.dir/home/pi/pico/pico-sdk/src/rp2_common/pico_stdio_usb/stdio_usb_descriptors.c.obj
LOAD CMakeFiles/pio_transmit.dir/home/pi/pico/pico-sdk/lib/tinyusb/src/portable/raspberrypi/rp2040/dcd_rp2040.c.obj
LOAD CMakeFiles/pio_transmit.dir/home/pi/pico/pico-sdk/lib/tinyusb/src/portable/raspberrypi/rp2040/rp2040_usb.c.obj
LOAD CMakeFiles/pio_transmit.dir/home/pi/pico/pico-sdk/lib/tinyusb/src/device/usbd.c.obj
LOAD CMakeFiles/pio_transmit.dir/home/pi/pico/pico-sdk/lib/tinyusb/src/device/usbd_control.c.obj
LOAD CMakeFiles/pio_transmit.dir/home/pi/pico/pico-sdk/lib/tinyusb/src/class/audio/audio_device.c.obj
LOAD CMakeFiles/pio_transmit.dir/home/pi/pico/pico-sdk/lib/tinyusb/src/class/cdc/cdc_device.c.obj
LOAD CMakeFiles/pio_transmit.dir/home/pi/pico/pico-sdk/lib/tinyusb/src/class/dfu/dfu_device.c.obj
LOAD CMakeFiles/pio_transmit.dir/home/pi/pico/pico-sdk/lib/tinyusb/src/class/dfu/dfu_rt_device.c.obj
LOAD CMakeFiles/pio_transmit.dir/home/pi/pico/pico-sdk/lib/tinyusb/src/class/hid/hid_device.c.obj
LOAD CMakeFiles/pio_transmit.dir/home/pi/pico/pico-sdk/lib/tinyusb/src/class/midi/midi_device.c.obj
LOAD CMakeFiles/pio_transmit.dir/home/pi/pico/pico-sdk/lib/tinyusb/src/class/msc/msc_device.c.obj
LOAD CMakeFiles/pio_transmit.dir/home/pi/pico/pico-sdk/lib/tinyusb/src/class/net/net_device.c.obj
LOAD CMakeFiles/pio_transmit.dir/home/pi/pico/pico-sdk/lib/tinyusb/src/class/usbtmc/usbtmc_device.c.obj
LOAD CMakeFiles/pio_transmit.dir/home/pi/pico/pico-sdk/lib/tinyusb/src/class/vendor/vendor_device.c.obj
LOAD CMakeFiles/pio_transmit.dir/home/pi/pico/pico-sdk/lib/tinyusb/src/tusb.c.obj
LOAD CMakeFiles/pio_transmit.dir/home/pi/pico/pico-sdk/lib/tinyusb/src/common/tusb_fifo.c.obj
LOAD CMakeFiles/pio_transmit.dir/home/pi/pico/pico-sdk/src/rp2_common/pico_fix/rp2040_usb_device_enumeration/rp2040_usb_device_enumeration.c.obj
LOAD CMakeFiles/pio_transmit.dir/home/pi/pico/pico-sdk/src/rp2_common/pico_unique_id/unique_id.c.obj
LOAD CMakeFiles/pio_transmit.dir/home/pi/pico/pico-sdk/src/rp2_common/hardware_flash/flash.c.obj
LOAD /tmp/ccAY0zIe.o
LOAD /usr/lib/gcc/arm-none-eabi/7.3.1/../../../arm-none-eabi/lib/thumb/v6-m/libstdc++.a
LOAD /usr/lib/gcc/arm-none-eabi/7.3.1/../../../arm-none-eabi/lib/thumb/v6-m/libm.a
START GROUP
LOAD /usr/lib/gcc/arm-none-eabi/7.3.1/thumb/v6-m/libgcc.a
LOAD /usr/lib/gcc/arm-none-eabi/7.3.1/../../../arm-none-eabi/lib/thumb/v6-m/libc.a
END GROUP
START GROUP
LOAD /usr/lib/gcc/arm-none-eabi/7.3.1/thumb/v6-m/libgcc.a
LOAD /usr/lib/gcc/arm-none-eabi/7.3.1/../../../arm-none-eabi/lib/thumb/v6-m/libc.a
LOAD /usr/lib/gcc/arm-none-eabi/7.3.1/../../../arm-none-eabi/lib/thumb/v6-m/libnosys.a
END GROUP
LOAD /usr/lib/gcc/arm-none-eabi/7.3.1/thumb/v6-m/crtend.o
LOAD /usr/lib/gcc/arm-none-eabi/7.3.1/thumb/v6-m/crtn.o
OUTPUT(pio_transmit.elf elf32-littlearm)

.ARM.attributes
                0x00000000       0x28
 .ARM.attributes
                0x00000000       0x1e /usr/lib/gcc/arm-none-eabi/7.3.1/thumb/v6-m/crti.o
 .ARM.attributes
                0x0000001e       0x2c /usr/lib/gcc/arm-none-eabi/7.3.1/thumb/v6-m/crtbegin.o
 .ARM.attributes
                0x0000004a       0x32 CMakeFiles/pio_transmit.dir/pio_transmit.c.obj
 .ARM.attributes
                0x0000007c       0x32 CMakeFiles/pio_transmit.dir/home/pi/pico/pico-sdk/src/rp2_common/hardware_gpio/gpio.c.obj
 .ARM.attributes
                0x000000ae       0x32 CMakeFiles/pio_transmit.dir/home/pi/pico/pico-sdk/src/rp2_common/hardware_claim/claim.c.obj
 .ARM.attributes
                0x000000e0       0x32 CMakeFiles/pio_transmit.dir/home/pi/pico/pico-sdk/src/rp2_common/pico_platform/platform.c.obj
 .ARM.attributes
                0x00000112       0x32 CMakeFiles/pio_transmit.dir/home/pi/pico/pico-sdk/src/rp2_common/hardware_sync/sync.c.obj
 .ARM.attributes
                0x00000144       0x32 CMakeFiles/pio_transmit.dir/home/pi/pico/pico-sdk/src/rp2_common/hardware_uart/uart.c.obj
 .ARM.attributes
                0x00000176       0x32 CMakeFiles/pio_transmit.dir/home/pi/pico/pico-sdk/src/common/pico_time/time.c.obj
 .ARM.attributes
                0x000001a8       0x32 CMakeFiles/pio_transmit.dir/home/pi/pico/pico-sdk/src/rp2_common/hardware_timer/timer.c.obj
 .ARM.attributes
                0x000001da       0x32 CMakeFiles/pio_transmit.dir/home/pi/pico/pico-sdk/src/common/pico_sync/lock_core.c.obj
 .ARM.attributes
                0x0000020c       0x32 CMakeFiles/pio_transmit.dir/home/pi/pico/pico-sdk/src/common/pico_sync/mutex.c.obj
 .ARM.attributes
                0x0000023e       0x32 CMakeFiles/pio_transmit.dir/home/pi/pico/pico-sdk/src/common/pico_sync/critical_section.c.obj
 .ARM.attributes
                0x00000270       0x32 CMakeFiles/pio_transmit.dir/home/pi/pico/pico-sdk/src/common/pico_util/pheap.c.obj
 .ARM.attributes
                0x000002a2       0x32 CMakeFiles/pio_transmit.dir/home/pi/pico/pico-sdk/src/rp2_common/pico_runtime/runtime.c.obj
 .ARM.attributes
                0x000002d4       0x32 CMakeFiles/pio_transmit.dir/home/pi/pico/pico-sdk/src/rp2_common/hardware_clocks/clocks.c.obj
 .ARM.attributes
                0x00000306       0x32 CMakeFiles/pio_transmit.dir/home/pi/pico/pico-sdk/src/rp2_common/hardware_irq/irq.c.obj
 .ARM.attributes
                0x00000338       0x22 CMakeFiles/pio_transmit.dir/home/pi/pico/pico-sdk/src/rp2_common/hardware_irq/irq_handler_chain.S.obj
 .ARM.attributes
                0x0000035a       0x32 CMakeFiles/pio_transmit.dir/home/pi/pico/pico-sdk/src/rp2_common/hardware_pll/pll.c.obj
 .ARM.attributes
                0x0000038c       0x32 CMakeFiles/pio_transmit.dir/home/pi/pico/pico-sdk/src/rp2_common/hardware_watchdog/watchdog.c.obj
 .ARM.attributes
                0x000003be       0x32 CMakeFiles/pio_transmit.dir/home/pi/pico/pico-sdk/src/rp2_common/hardware_xosc/xosc.c.obj
 .ARM.attributes
                0x000003f0       0x32 CMakeFiles/pio_transmit.dir/home/pi/pico/pico-sdk/src/rp2_common/pico_printf/printf.c.obj
 .ARM.attributes
                0x00000422       0x22 CMakeFiles/pio_transmit.dir/home/pi/pico/pico-sdk/src/rp2_common/pico_bit_ops/bit_ops_aeabi.S.obj
 .ARM.attributes
                0x00000444       0x32 CMakeFiles/pio_transmit.dir/home/pi/pico/pico-sdk/src/rp2_common/pico_bootrom/bootrom.c.obj
 .ARM.attributes
                0x00000476       0x22 CMakeFiles/pio_transmit.dir/home/pi/pico/pico-sdk/src/rp2_common/pico_divider/divider.S.obj
 .ARM.attributes
                0x00000498       0x22 CMakeFiles/pio_transmit.dir/home/pi/pico/pico-sdk/src/rp2_common/pico_double/double_aeabi.S.obj
 .ARM.attributes
                0x000004ba       0x32 CMakeFiles/pio_transmit.dir/home/pi/pico/pico-sdk/src/rp2_common/pico_double/double_init_rom.c.obj
 .ARM.attributes
                0x000004ec       0x22 CMakeFiles/pio_transmit.dir/home/pi/pico/pico-sdk/src/rp2_common/pico_double/double_v1_rom_shim.S.obj
 .ARM.attributes
                0x0000050e       0x22 CMakeFiles/pio_transmit.dir/home/pi/pico/pico-sdk/src/rp2_common/pico_int64_ops/pico_int64_ops_aeabi.S.obj
 .ARM.attributes
                0x00000530       0x22 CMakeFiles/pio_transmit.dir/home/pi/pico/pico-sdk/src/rp2_common/pico_float/float_aeabi.S.obj
 .ARM.attributes
                0x00000552       0x32 CMakeFiles/pio_transmit.dir/home/pi/pico/pico-sdk/src/rp2_common/pico_float/float_init_rom.c.obj
 .ARM.attributes
                0x00000584       0x22 CMakeFiles/pio_transmit.dir/home/pi/pico/pico-sdk/src/rp2_common/pico_float/float_v1_rom_shim.S.obj
 .ARM.attributes
                0x000005a6       0x22 CMakeFiles/pio_transmit.dir/home/pi/pico/pico-sdk/src/rp2_common/pico_mem_ops/mem_ops_aeabi.S.obj
 .ARM.attributes
                0x000005c8       0x22 CMakeFiles/pio_transmit.dir/home/pi/pico/pico-sdk/src/rp2_common/pico_standard_link/crt0.S.obj
 .ARM.attributes
                0x000005ea       0x32 CMakeFiles/pio_transmit.dir/home/pi/pico/pico-sdk/src/rp2_common/pico_standard_link/binary_info.c.obj
 .ARM.attributes
                0x0000061c       0x32 CMakeFiles/pio_transmit.dir/home/pi/pico/pico-sdk/src/rp2_common/pico_stdio/stdio.c.obj
 .ARM.attributes
                0x0000064e       0x32 CMakeFiles/pio_transmit.dir/home/pi/pico/pico-sdk/src/rp2_common/pico_stdio_uart/stdio_uart.c.obj
 .ARM.attributes
                0x00000680       0x32 CMakeFiles/pio_transmit.dir/home/pi/pico/pico-sdk/src/rp2_common/pico_stdio_usb/reset_interface.c.obj
 .ARM.attributes
                0x000006b2       0x32 CMakeFiles/pio_transmit.dir/home/pi/pico/pico-sdk/src/rp2_common/pico_stdio_usb/stdio_usb.c.obj
 .ARM.attributes
                0x000006e4       0x32 CMakeFiles/pio_transmit.dir/home/pi/pico/pico-sdk/src/rp2_common/pico_stdio_usb/stdio_usb_descriptors.c.obj
 .ARM.attributes
                0x00000716       0x32 CMakeFiles/pio_transmit.dir/home/pi/pico/pico-sdk/lib/tinyusb/src/portable/raspberrypi/rp2040/dcd_rp2040.c.obj
 .ARM.attributes
                0x00000748       0x32 CMakeFiles/pio_transmit.dir/home/pi/pico/pico-sdk/lib/tinyusb/src/portable/raspberrypi/rp2040/rp2040_usb.c.obj
 .ARM.attributes
                0x0000077a       0x32 CMakeFiles/pio_transmit.dir/home/pi/pico/pico-sdk/lib/tinyusb/src/device/usbd.c.obj
 .ARM.attributes
                0x000007ac       0x32 CMakeFiles/pio_transmit.dir/home/pi/pico/pico-sdk/lib/tinyusb/src/device/usbd_control.c.obj
 .ARM.attributes
                0x000007de       0x32 CMakeFiles/pio_transmit.dir/home/pi/pico/pico-sdk/lib/tinyusb/src/class/cdc/cdc_device.c.obj
 .ARM.attributes
                0x00000810       0x32 CMakeFiles/pio_transmit.dir/home/pi/pico/pico-sdk/lib/tinyusb/src/tusb.c.obj
 .ARM.attributes
                0x00000842       0x32 CMakeFiles/pio_transmit.dir/home/pi/pico/pico-sdk/lib/tinyusb/src/common/tusb_fifo.c.obj
 .ARM.attributes
                0x00000874       0x32 CMakeFiles/pio_transmit.dir/home/pi/pico/pico-sdk/src/rp2_common/pico_unique_id/unique_id.c.obj
 .ARM.attributes
                0x000008a6       0x32 CMakeFiles/pio_transmit.dir/home/pi/pico/pico-sdk/src/rp2_common/hardware_flash/flash.c.obj
 .ARM.attributes
                0x000008d8       0x22 /tmp/ccAY0zIe.o
 .ARM.attributes
                0x000008fa       0x1e /usr/lib/gcc/arm-none-eabi/7.3.1/thumb/v6-m/libgcc.a(_dvmd_tls.o)
 .ARM.attributes
                0x00000918       0x2c /usr/lib/gcc/arm-none-eabi/7.3.1/../../../arm-none-eabi/lib/thumb/v6-m/libc.a(lib_a-strlen-stub.o)
 .ARM.attributes
                0x00000944       0x2c /usr/lib/gcc/arm-none-eabi/7.3.1/thumb/v6-m/crtend.o

.comment        0x00000000       0xae
 .comment       0x00000000       0x57 /usr/lib/gcc/arm-none-eabi/7.3.1/thumb/v6-m/crtbegin.o
                                 0x58 (size before relaxing)
 .comment       0x00000057       0x58 CMakeFiles/pio_transmit.dir/pio_transmit.c.obj
 .comment       0x00000057       0x58 CMakeFiles/pio_transmit.dir/home/pi/pico/pico-sdk/src/rp2_common/hardware_gpio/gpio.c.obj
 .comment       0x00000057       0x58 CMakeFiles/pio_transmit.dir/home/pi/pico/pico-sdk/src/rp2_common/hardware_claim/claim.c.obj
 .comment       0x00000057       0x58 CMakeFiles/pio_transmit.dir/home/pi/pico/pico-sdk/src/rp2_common/pico_platform/platform.c.obj
 .comment       0x00000057       0x58 CMakeFiles/pio_transmit.dir/home/pi/pico/pico-sdk/src/rp2_common/hardware_sync/sync.c.obj
 .comment       0x00000057       0x58 CMakeFiles/pio_transmit.dir/home/pi/pico/pico-sdk/src/rp2_common/hardware_uart/uart.c.obj
 .comment       0x00000057       0x58 CMakeFiles/pio_transmit.dir/home/pi/pico/pico-sdk/src/common/pico_time/time.c.obj
 .comment       0x00000057       0x58 CMakeFiles/pio_transmit.dir/home/pi/pico/pico-sdk/src/rp2_common/hardware_timer/timer.c.obj
 .comment       0x00000057       0x58 CMakeFiles/pio_transmit.dir/home/pi/pico/pico-sdk/src/common/pico_sync/lock_core.c.obj
 .comment       0x00000057       0x58 CMakeFiles/pio_transmit.dir/home/pi/pico/pico-sdk/src/common/pico_sync/mutex.c.obj
 .comment       0x00000057       0x58 CMakeFiles/pio_transmit.dir/home/pi/pico/pico-sdk/src/common/pico_sync/critical_section.c.obj
 .comment       0x00000057       0x58 CMakeFiles/pio_transmit.dir/home/pi/pico/pico-sdk/src/common/pico_util/pheap.c.obj
 .comment       0x00000057       0x58 CMakeFiles/pio_transmit.dir/home/pi/pico/pico-sdk/src/rp2_common/pico_runtime/runtime.c.obj
 .comment       0x00000057       0x58 CMakeFiles/pio_transmit.dir/home/pi/pico/pico-sdk/src/rp2_common/hardware_clocks/clocks.c.obj
 .comment       0x00000057       0x58 CMakeFiles/pio_transmit.dir/home/pi/pico/pico-sdk/src/rp2_common/hardware_irq/irq.c.obj
 .comment       0x00000057       0x58 CMakeFiles/pio_transmit.dir/home/pi/pico/pico-sdk/src/rp2_common/hardware_pll/pll.c.obj
 .comment       0x00000057       0x58 CMakeFiles/pio_transmit.dir/home/pi/pico/pico-sdk/src/rp2_common/hardware_watchdog/watchdog.c.obj
 .comment       0x00000057       0x58 CMakeFiles/pio_transmit.dir/home/pi/pico/pico-sdk/src/rp2_common/hardware_xosc/xosc.c.obj
 .comment       0x00000057       0x58 CMakeFiles/pio_transmit.dir/home/pi/pico/pico-sdk/src/rp2_common/pico_printf/printf.c.obj
 .comment       0x00000057       0x58 CMakeFiles/pio_transmit.dir/home/pi/pico/pico-sdk/src/rp2_common/pico_bootrom/bootrom.c.obj
 .comment       0x00000057       0x58 CMakeFiles/pio_transmit.dir/home/pi/pico/pico-sdk/src/rp2_common/pico_double/double_init_rom.c.obj
 .comment       0x00000057       0x58 CMakeFiles/pio_transmit.dir/home/pi/pico/pico-sdk/src/rp2_common/pico_float/float_init_rom.c.obj
 .comment       0x00000057       0x58 CMakeFiles/pio_transmit.dir/home/pi/pico/pico-sdk/src/rp2_common/pico_standard_link/binary_info.c.obj
 .comment       0x00000057       0x58 CMakeFiles/pio_transmit.dir/home/pi/pico/pico-sdk/src/rp2_common/pico_stdio/stdio.c.obj
 .comment       0x00000057       0x58 CMakeFiles/pio_transmit.dir/home/pi/pico/pico-sdk/src/rp2_common/pico_stdio_uart/stdio_uart.c.obj
 .comment       0x00000057       0x58 CMakeFiles/pio_transmit.dir/home/pi/pico/pico-sdk/src/rp2_common/pico_stdio_usb/reset_interface.c.obj
 .comment       0x00000057       0x58 CMakeFiles/pio_transmit.dir/home/pi/pico/pico-sdk/src/rp2_common/pico_stdio_usb/stdio_usb.c.obj
 .comment       0x00000057       0x58 CMakeFiles/pio_transmit.dir/home/pi/pico/pico-sdk/src/rp2_common/pico_stdio_usb/stdio_usb_descriptors.c.obj
 .comment       0x00000057       0x58 CMakeFiles/pio_transmit.dir/home/pi/pico/pico-sdk/lib/tinyusb/src/portable/raspberrypi/rp2040/dcd_rp2040.c.obj
 .comment       0x00000057       0x58 CMakeFiles/pio_transmit.dir/home/pi/pico/pico-sdk/lib/tinyusb/src/portable/raspberrypi/rp2040/rp2040_usb.c.obj
 .comment       0x00000057       0x58 CMakeFiles/pio_transmit.dir/home/pi/pico/pico-sdk/lib/tinyusb/src/device/usbd.c.obj
 .comment       0x00000057       0x58 CMakeFiles/pio_transmit.dir/home/pi/pico/pico-sdk/lib/tinyusb/src/device/usbd_control.c.obj
 .comment       0x00000057       0x58 CMakeFiles/pio_transmit.dir/home/pi/pico/pico-sdk/lib/tinyusb/src/class/cdc/cdc_device.c.obj
 .comment       0x00000057       0x58 CMakeFiles/pio_transmit.dir/home/pi/pico/pico-sdk/lib/tinyusb/src/tusb.c.obj
 .comment       0x00000057       0x58 CMakeFiles/pio_transmit.dir/home/pi/pico/pico-sdk/lib/tinyusb/src/common/tusb_fifo.c.obj
 .comment       0x00000057       0x58 CMakeFiles/pio_transmit.dir/home/pi/pico/pico-sdk/src/rp2_common/pico_unique_id/unique_id.c.obj
 .comment       0x00000057       0x58 CMakeFiles/pio_transmit.dir/home/pi/pico/pico-sdk/src/rp2_common/hardware_flash/flash.c.obj
 .comment       0x00000057       0x57 /usr/lib/gcc/arm-none-eabi/7.3.1/../../../arm-none-eabi/lib/thumb/v6-m/libc.a(lib_a-strlen-stub.o)
                                 0x58 (size before relaxing)
 .comment       0x000000ae       0x58 /usr/lib/gcc/arm-none-eabi/7.3.1/thumb/v6-m/crtend.o

.debug_line     0x00000000      0x1a3
 .debug_line    0x00000000       0x5d /usr/lib/gcc/arm-none-eabi/7.3.1/thumb/v6-m/libgcc.a(_dvmd_tls.o)
 .debug_line    0x0000005d      0x146 /usr/lib/gcc/arm-none-eabi/7.3.1/../../../arm-none-eabi/lib/thumb/v6-m/libc.a(lib_a-strlen-stub.o)

.debug_info     0x00000000      0x908
 .debug_info    0x00000000       0x26 /usr/lib/gcc/arm-none-eabi/7.3.1/thumb/v6-m/libgcc.a(_dvmd_tls.o)
 .debug_info    0x00000026      0x8e2 /usr/lib/gcc/arm-none-eabi/7.3.1/../../../arm-none-eabi/lib/thumb/v6-m/libc.a(lib_a-strlen-stub.o)

.debug_abbrev   0x00000000      0x1cc
 .debug_abbrev  0x00000000       0x14 /usr/lib/gcc/arm-none-eabi/7.3.1/thumb/v6-m/libgcc.a(_dvmd_tls.o)
 .debug_abbrev  0x00000014      0x1b8 /usr/lib/gcc/arm-none-eabi/7.3.1/../../../arm-none-eabi/lib/thumb/v6-m/libc.a(lib_a-strlen-stub.o)

.debug_aranges  0x00000000       0x40
 .debug_aranges
                0x00000000       0x20 /usr/lib/gcc/arm-none-eabi/7.3.1/thumb/v6-m/libgcc.a(_dvmd_tls.o)
 .debug_aranges
                0x00000020       0x20 /usr/lib/gcc/arm-none-eabi/7.3.1/../../../arm-none-eabi/lib/thumb/v6-m/libc.a(lib_a-strlen-stub.o)

.debug_str      0x00000000      0x5f8
 .debug_str     0x00000000       0x9d /usr/lib/gcc/arm-none-eabi/7.3.1/thumb/v6-m/libgcc.a(_dvmd_tls.o)
 .debug_str     0x0000009d      0x55b /usr/lib/gcc/arm-none-eabi/7.3.1/../../../arm-none-eabi/lib/thumb/v6-m/libc.a(lib_a-strlen-stub.o)
                                0x5ad (size before relaxing)

.debug_loc      0x00000000       0x94
 .debug_loc     0x00000000       0x94 /usr/lib/gcc/arm-none-eabi/7.3.1/../../../arm-none-eabi/lib/thumb/v6-m/libc.a(lib_a-strlen-stub.o)

.debug_frame    0x00000000       0x28
 .debug_frame   0x00000000       0x28 /usr/lib/gcc/arm-none-eabi/7.3.1/../../../arm-none-eabi/lib/thumb/v6-m/libc.a(lib_a-strlen-stub.o)
