Archive member included to satisfy reference by file (symbol)

/usr/lib/gcc/arm-none-eabi/7.3.1/thumb/v6-m/libgcc.a(_dvmd_tls.o)
                              CMakeFiles/transmit.dir/home/pi/pico/pico-sdk/src/rp2_common/pico_divider/divider.S.obj (__aeabi_idiv0)
/usr/lib/gcc/arm-none-eabi/7.3.1/../../../arm-none-eabi/lib/thumb/v6-m/libg.a(lib_a-atexit.o)
                              /usr/lib/gcc/arm-none-eabi/7.3.1/../../../arm-none-eabi/lib/thumb/v6-m/crt0.o (atexit)
/usr/lib/gcc/arm-none-eabi/7.3.1/../../../arm-none-eabi/lib/thumb/v6-m/libg.a(lib_a-calloc.o)
                              CMakeFiles/transmit.dir/home/pi/pico/pico-sdk/src/rp2_common/pico_malloc/pico_malloc.c.obj (calloc)
/usr/lib/gcc/arm-none-eabi/7.3.1/../../../arm-none-eabi/lib/thumb/v6-m/libg.a(lib_a-callocr.o)
                              /usr/lib/gcc/arm-none-eabi/7.3.1/../../../arm-none-eabi/lib/thumb/v6-m/libg.a(lib_a-calloc.o) (_calloc_r)
/usr/lib/gcc/arm-none-eabi/7.3.1/../../../arm-none-eabi/lib/thumb/v6-m/libg.a(lib_a-ctype_.o)
                              CMakeFiles/transmit.dir/home/pi/pico/pico-sdk/lib/tinyusb/src/tusb.c.obj (_ctype_)
/usr/lib/gcc/arm-none-eabi/7.3.1/../../../arm-none-eabi/lib/thumb/v6-m/libg.a(lib_a-fini.o)
                              /usr/lib/gcc/arm-none-eabi/7.3.1/../../../arm-none-eabi/lib/thumb/v6-m/crt0.o (__libc_fini_array)
/usr/lib/gcc/arm-none-eabi/7.3.1/../../../arm-none-eabi/lib/thumb/v6-m/libg.a(lib_a-impure.o)
                              /usr/lib/gcc/arm-none-eabi/7.3.1/../../../arm-none-eabi/lib/thumb/v6-m/libg.a(lib_a-calloc.o) (_impure_ptr)
/usr/lib/gcc/arm-none-eabi/7.3.1/../../../arm-none-eabi/lib/thumb/v6-m/libg.a(lib_a-init.o)
                              /usr/lib/gcc/arm-none-eabi/7.3.1/../../../arm-none-eabi/lib/thumb/v6-m/crt0.o (__libc_init_array)
/usr/lib/gcc/arm-none-eabi/7.3.1/../../../arm-none-eabi/lib/thumb/v6-m/libg.a(lib_a-malloc.o)
                              CMakeFiles/transmit.dir/home/pi/pico/pico-sdk/src/rp2_common/pico_malloc/pico_malloc.c.obj (malloc)
/usr/lib/gcc/arm-none-eabi/7.3.1/../../../arm-none-eabi/lib/thumb/v6-m/libg.a(lib_a-mallocr.o)
                              /usr/lib/gcc/arm-none-eabi/7.3.1/../../../arm-none-eabi/lib/thumb/v6-m/libg.a(lib_a-callocr.o) (_malloc_r)
/usr/lib/gcc/arm-none-eabi/7.3.1/../../../arm-none-eabi/lib/thumb/v6-m/libg.a(lib_a-mlock.o)
                              /usr/lib/gcc/arm-none-eabi/7.3.1/../../../arm-none-eabi/lib/thumb/v6-m/libg.a(lib_a-mallocr.o) (__malloc_lock)
/usr/lib/gcc/arm-none-eabi/7.3.1/../../../arm-none-eabi/lib/thumb/v6-m/libg.a(lib_a-sbrkr.o)
                              /usr/lib/gcc/arm-none-eabi/7.3.1/../../../arm-none-eabi/lib/thumb/v6-m/libg.a(lib_a-mallocr.o) (_sbrk_r)
/usr/lib/gcc/arm-none-eabi/7.3.1/../../../arm-none-eabi/lib/thumb/v6-m/libg.a(lib_a-strlen-stub.o)
                              CMakeFiles/transmit.dir/transmit.c.obj (strlen)
/usr/lib/gcc/arm-none-eabi/7.3.1/../../../arm-none-eabi/lib/thumb/v6-m/libg.a(lib_a-__atexit.o)
                              /usr/lib/gcc/arm-none-eabi/7.3.1/../../../arm-none-eabi/lib/thumb/v6-m/libg.a(lib_a-atexit.o) (__register_exitproc)
/usr/lib/gcc/arm-none-eabi/7.3.1/../../../arm-none-eabi/lib/thumb/v6-m/libg.a(lib_a-freer.o)
                              /usr/lib/gcc/arm-none-eabi/7.3.1/../../../arm-none-eabi/lib/thumb/v6-m/libg.a(lib_a-malloc.o) (_free_r)
/usr/lib/gcc/arm-none-eabi/7.3.1/../../../arm-none-eabi/lib/thumb/v6-m/libg.a(lib_a-reent.o)
                              /usr/lib/gcc/arm-none-eabi/7.3.1/../../../arm-none-eabi/lib/thumb/v6-m/libg.a(lib_a-sbrkr.o) (errno)

Allocating common symbols
Common symbol       size              file

sf_table            0x100             CMakeFiles/transmit.dir/home/pi/pico/pico-sdk/src/rp2_common/pico_float/float_init_rom.c.obj
errno               0x4               /usr/lib/gcc/arm-none-eabi/7.3.1/../../../arm-none-eabi/lib/thumb/v6-m/libg.a(lib_a-reent.o)
_usbd_qdef_buf      0xc0              CMakeFiles/transmit.dir/home/pi/pico/pico-sdk/lib/tinyusb/src/device/usbd.c.obj
sf_clz_func         0x4               CMakeFiles/transmit.dir/home/pi/pico/pico-sdk/src/rp2_common/pico_float/float_init_rom.c.obj
sd_table            0x100             CMakeFiles/transmit.dir/home/pi/pico/pico-sdk/src/rp2_common/pico_double/double_init_rom.c.obj
uart_char_to_line_feed
                    0x4               CMakeFiles/transmit.dir/home/pi/pico/pico-sdk/src/rp2_common/hardware_uart/uart.c.obj

Discarded input sections

 .text          0x00000000        0x0 /usr/lib/gcc/arm-none-eabi/7.3.1/thumb/v6-m/crti.o
 .data          0x00000000        0x0 /usr/lib/gcc/arm-none-eabi/7.3.1/thumb/v6-m/crti.o
 .bss           0x00000000        0x0 /usr/lib/gcc/arm-none-eabi/7.3.1/thumb/v6-m/crti.o
 .data          0x00000000        0x4 /usr/lib/gcc/arm-none-eabi/7.3.1/thumb/v6-m/crtbegin.o
 .fini_array    0x00000000        0x4 /usr/lib/gcc/arm-none-eabi/7.3.1/thumb/v6-m/crtbegin.o
[...]
Memory Configuration

Name             Origin             Length             Attributes
FLASH            0x10000000         0x00200000         xr
RAM              0x20000000         0x00040000         xrw
SCRATCH_X        0x20040000         0x00001000         xrw
SCRATCH_Y        0x20041000         0x00001000         xrw
*default*        0x00000000         0xffffffff

Linker script and memory map

LOAD /usr/lib/gcc/arm-none-eabi/7.3.1/thumb/v6-m/crti.o
LOAD /usr/lib/gcc/arm-none-eabi/7.3.1/thumb/v6-m/crtbegin.o
LOAD /usr/lib/gcc/arm-none-eabi/7.3.1/../../../arm-none-eabi/lib/thumb/v6-m/crt0.o

.flash_begin    0x10000000        0x0
                0x10000000                __flash_binary_start = .

.boot2          0x10000000      0x100
                0x10000000                __boot2_start__ = .
 *(.boot2)
 .boot2         0x10000000      0x100 /tmp/ccipxZTH.o
                0x10000100                __boot2_end__ = .
                0x00000001                ASSERT (((__boot2_end__ - __boot2_start__) == 0x100), ERROR: Pico second stage bootloader must be 256 bytes in size)

.text           0x10000100     0x7890
                0x10000100                __logical_binary_start = .
 *(.vectors)
 .vectors       0x10000100       0xd4 CMakeFiles/transmit.dir/home/pi/pico/pico-sdk/src/rp2_common/pico_standard_link/crt0.S.obj
                0x10000100                __vectors
                0x10000100                __VECTOR_TABLE
                0x100001c0                isr_invalid
                0x100001c0                __default_isrs_start
                0x100001c2                isr_nmi
                0x100001c4                isr_hardfault
                0x100001c6                isr_svcall
                0x100001c8                isr_pendsv
                0x100001ca                isr_systick
                0x100001cc                isr_irq30
                0x100001cc                __unhandled_user_irq
                0x100001cc                isr_irq13
                0x100001cc                isr_irq27
                0x100001cc                isr_irq31
                0x100001cc                isr_irq5
                0x100001cc                isr_irq11
                0x100001cc                isr_irq23
                0x100001cc                isr_irq18
                0x100001cc                isr_irq28
                0x100001cc                isr_irq19
                0x100001cc                isr_irq0
                0x100001cc                isr_irq6
                0x100001cc                isr_irq22
                0x100001cc                isr_irq17
                0x100001cc                isr_irq14
                0x100001cc                isr_irq2
                0x100001cc                isr_irq10
                0x100001cc                isr_irq8
                0x100001cc                isr_irq24
                0x100001cc                isr_irq1
                0x100001cc                isr_irq7
                0x100001cc                isr_irq21
                0x100001cc                isr_irq20
                0x100001cc                isr_irq15
                0x100001cc                isr_irq25
                0x100001cc                isr_irq4
                0x100001cc                isr_irq16
                0x100001cc                isr_irq29
                0x100001cc                isr_irq26
                0x100001cc                __default_isrs_end
                0x100001cc                isr_irq3
                0x100001cc                isr_irq12
                0x100001cc                isr_irq9
                0x100001d2                unhandled_user_irq_num_in_r0
 *(.binary_info_header)
 .binary_info_header
                0x100001d4       0x14 CMakeFiles/transmit.dir/home/pi/pico/pico-sdk/src/rp2_common/pico_standard_link/crt0.S.obj
                0x100001e8                __binary_info_header_end = .
 *(.reset)
 .reset         0x100001e8       0xa8 CMakeFiles/transmit.dir/home/pi/pico/pico-sdk/src/rp2_common/pico_standard_link/crt0.S.obj
                0x100001e8                _entry_point
                0x10000266                __get_current_exception
 .reset         0x10000290       0x30 CMakeFiles/transmit.dir/home/pi/pico/pico-sdk/src/rp2_common/pico_standard_link/binary_info.c.obj
 *(.init)
 .init          0x100002c0        0x4 /usr/lib/gcc/arm-none-eabi/7.3.1/thumb/v6-m/crti.o
                0x100002c0                _init
 *(EXCLUDE_FILE(*libm.a: *libc.a:*lib_a-mem*.o *libgcc.a:) .text*)
 .text          0x100002c4       0x98 /usr/lib/gcc/arm-none-eabi/7.3.1/thumb/v6-m/crtbegin.o
 .text.lcd_set_pins_4_only
                0x1000035c       0xc2 CMakeFiles/transmit.dir/transmit.c.obj
                0x1000035c                lcd_set_pins_4_only
 .text.lcd_init_pins
                0x1000041e       0xba CMakeFiles/transmit.dir/transmit.c.obj
                0x1000041e                lcd_init_pins
 .text.lcd_wait_for_busy_flag
                0x100004d8      0x16e CMakeFiles/transmit.dir/transmit.c.obj
                0x100004d8                lcd_wait_for_busy_flag
 .text.lcd_set_pins
                0x10000646      0x180 CMakeFiles/transmit.dir/transmit.c.obj
                0x10000646                lcd_set_pins
 .text.lcd_init_display
                0x100007c6      0x170 CMakeFiles/transmit.dir/transmit.c.obj
                0x100007c6                lcd_init_display
 .text.lcd_display_msg
                0x10000936       0x34 CMakeFiles/transmit.dir/transmit.c.obj
                0x10000936                lcd_display_msg
 .text.lcd_jump_to_pos
                0x1000096a       0x16 CMakeFiles/transmit.dir/transmit.c.obj
                0x1000096a                lcd_jump_to_pos
 .text.lcd_jump_to_line_2
                0x10000980        0xe CMakeFiles/transmit.dir/transmit.c.obj
                0x10000980                lcd_jump_to_line_2
 *fill*         0x1000098e        0x2 
 .text.main     0x10000990      0x144 CMakeFiles/transmit.dir/transmit.c.obj
                0x10000990                main
 .text.gpio_set_function
                0x10000ad4       0x30 CMakeFiles/transmit.dir/home/pi/pico/pico-sdk/src/rp2_common/hardware_gpio/gpio.c.obj
                0x10000ad4                gpio_set_function
 .text.gpio_init
                0x10000b04       0x16 CMakeFiles/transmit.dir/home/pi/pico/pico-sdk/src/rp2_common/hardware_gpio/gpio.c.obj
                0x10000b04                gpio_init
 *fill*         0x10000b1a        0x2 
 .text.hw_claim_lock
                0x10000b1c       0x18 CMakeFiles/transmit.dir/home/pi/pico/pico-sdk/src/rp2_common/hardware_claim/claim.c.obj
                0x10000b1c                hw_claim_lock
 .text.hw_claim_unlock
                0x10000b34       0x14 CMakeFiles/transmit.dir/home/pi/pico/pico-sdk/src/rp2_common/hardware_claim/claim.c.obj
                0x10000b34                hw_claim_unlock
 .text.hw_claim_or_assert
                0x10000b48       0x32 CMakeFiles/transmit.dir/home/pi/pico/pico-sdk/src/rp2_common/hardware_claim/claim.c.obj
                0x10000b48                hw_claim_or_assert
 .text.hw_claim_unused_from_range
                0x10000b7a       0x50 CMakeFiles/transmit.dir/home/pi/pico/pico-sdk/src/rp2_common/hardware_claim/claim.c.obj
                0x10000b7a                hw_claim_unused_from_range
 *fill*         0x10000bca        0x2 
 .text.running_on_fpga
                0x10000bcc       0x14 CMakeFiles/transmit.dir/home/pi/pico/pico-sdk/src/rp2_common/pico_platform/platform.c.obj
                0x10000bcc                running_on_fpga
 .text.spin_locks_reset
                0x10000be0       0x20 CMakeFiles/transmit.dir/home/pi/pico/pico-sdk/src/rp2_common/hardware_sync/sync.c.obj
                0x10000be0                spin_locks_reset
 .text.next_striped_spin_lock_num
                0x10000c00       0x1c CMakeFiles/transmit.dir/home/pi/pico/pico-sdk/src/rp2_common/hardware_sync/sync.c.obj
                0x10000c00                next_striped_spin_lock_num
 .text.spin_lock_claim_unused
                0x10000c1c       0x20 CMakeFiles/transmit.dir/home/pi/pico/pico-sdk/src/rp2_common/hardware_sync/sync.c.obj
                0x10000c1c                spin_lock_claim_unused
 .text.uart_set_baudrate
                0x10000c3c       0x5c CMakeFiles/transmit.dir/home/pi/pico/pico-sdk/src/rp2_common/hardware_uart/uart.c.obj
                0x10000c3c                uart_set_baudrate
 .text.uart_set_translate_crlf
                0x10000c98       0x28 CMakeFiles/transmit.dir/home/pi/pico/pico-sdk/src/rp2_common/hardware_uart/uart.c.obj
                0x10000c98                uart_set_translate_crlf
 .text.uart_init
                0x10000cc0       0x84 CMakeFiles/transmit.dir/home/pi/pico/pico-sdk/src/rp2_common/hardware_uart/uart.c.obj
                0x10000cc0                uart_init
 .text.alarm_pool_post_alloc_init
                0x10000d44       0x40 CMakeFiles/transmit.dir/home/pi/pico/pico-sdk/src/common/pico_time/time.c.obj
 .text.sleep_until_callback
                0x10000d84       0x30 CMakeFiles/transmit.dir/home/pi/pico/pico-sdk/src/common/pico_time/time.c.obj
 .text.timer_pool_entry_comparator
                0x10000db4       0x7c CMakeFiles/transmit.dir/home/pi/pico/pico-sdk/src/common/pico_time/time.c.obj
                0x10000db4                timer_pool_entry_comparator
 .text.ph_add_child_node
                0x10000e30       0xa4 CMakeFiles/transmit.dir/home/pi/pico/pico-sdk/src/common/pico_time/time.c.obj
 .text.ph_merge_nodes
                0x10000ed4       0x3a CMakeFiles/transmit.dir/home/pi/pico/pico-sdk/src/common/pico_time/time.c.obj
 *fill*         0x10000f0e        0x2 
 .text.add_alarm_under_lock
                0x10000f10      0x180 CMakeFiles/transmit.dir/home/pi/pico/pico-sdk/src/common/pico_time/time.c.obj
 .text.alarm_pool_alarm_callback
                0x10001090      0x344 CMakeFiles/transmit.dir/home/pi/pico/pico-sdk/src/common/pico_time/time.c.obj
 .text.alarm_pool_init_default
                0x100013d4       0x38 CMakeFiles/transmit.dir/home/pi/pico/pico-sdk/src/common/pico_time/time.c.obj
                0x100013d4                alarm_pool_init_default
 .text.alarm_pool_get_default
                0x1000140c       0x2c CMakeFiles/transmit.dir/home/pi/pico/pico-sdk/src/common/pico_time/time.c.obj
                0x1000140c                alarm_pool_get_default
 .text.alarm_pool_add_alarm_at
                0x10001438      0x168 CMakeFiles/transmit.dir/home/pi/pico/pico-sdk/src/common/pico_time/time.c.obj
                0x10001438                alarm_pool_add_alarm_at
 .text.alarm_pool_cancel_alarm
                0x100015a0       0xec CMakeFiles/transmit.dir/home/pi/pico/pico-sdk/src/common/pico_time/time.c.obj
                0x100015a0                alarm_pool_cancel_alarm
 .text.sleep_until
                0x1000168c       0xfc CMakeFiles/transmit.dir/home/pi/pico/pico-sdk/src/common/pico_time/time.c.obj
                0x1000168c                sleep_until
 .text.sleep_us
                0x10001788       0x54 CMakeFiles/transmit.dir/home/pi/pico/pico-sdk/src/common/pico_time/time.c.obj
                0x10001788                sleep_us
 .text.sleep_ms
                0x100017dc       0x14 CMakeFiles/transmit.dir/home/pi/pico/pico-sdk/src/common/pico_time/time.c.obj
                0x100017dc                sleep_ms
 .text.best_effort_wfe_or_timeout
                0x100017f0       0x80 CMakeFiles/transmit.dir/home/pi/pico/pico-sdk/src/common/pico_time/time.c.obj
                0x100017f0                best_effort_wfe_or_timeout
 .text.hardware_alarm_irq_handler
                0x10001870       0x8c CMakeFiles/transmit.dir/home/pi/pico/pico-sdk/src/rp2_common/hardware_timer/timer.c.obj
 .text.hardware_alarm_claim
                0x100018fc       0x18 CMakeFiles/transmit.dir/home/pi/pico/pico-sdk/src/rp2_common/hardware_timer/timer.c.obj
                0x100018fc                hardware_alarm_claim
 .text.time_us_64
                0x10001914       0x18 CMakeFiles/transmit.dir/home/pi/pico/pico-sdk/src/rp2_common/hardware_timer/timer.c.obj
                0x10001914                time_us_64
 .text.busy_wait_until
                0x1000192c       0x28 CMakeFiles/transmit.dir/home/pi/pico/pico-sdk/src/rp2_common/hardware_timer/timer.c.obj
                0x1000192c                busy_wait_until
 .text.hardware_alarm_set_callback
                0x10001954       0x90 CMakeFiles/transmit.dir/home/pi/pico/pico-sdk/src/rp2_common/hardware_timer/timer.c.obj
                0x10001954                hardware_alarm_set_callback
 .text.hardware_alarm_set_target
                0x100019e4       0xe8 CMakeFiles/transmit.dir/home/pi/pico/pico-sdk/src/rp2_common/hardware_timer/timer.c.obj
                0x100019e4                hardware_alarm_set_target
 .text.hardware_alarm_cancel
                0x10001acc       0x40 CMakeFiles/transmit.dir/home/pi/pico/pico-sdk/src/rp2_common/hardware_timer/timer.c.obj
                0x10001acc                hardware_alarm_cancel
 .text.lock_init
                0x10001b0c       0x10 CMakeFiles/transmit.dir/home/pi/pico/pico-sdk/src/common/pico_sync/lock_core.c.obj
                0x10001b0c                lock_init
 .text.mutex_init_internal
                0x10001b1c       0x1e CMakeFiles/transmit.dir/home/pi/pico/pico-sdk/src/common/pico_sync/mutex.c.obj
 .text.mutex_init
                0x10001b3a        0xa CMakeFiles/transmit.dir/home/pi/pico/pico-sdk/src/common/pico_sync/mutex.c.obj
                0x10001b3a                mutex_init
 .text.recursive_mutex_init
                0x10001b44        0xa CMakeFiles/transmit.dir/home/pi/pico/pico-sdk/src/common/pico_sync/mutex.c.obj
                0x10001b44                recursive_mutex_init
 *fill*         0x10001b4e        0x2 
 .text.critical_section_init_with_lock_num
                0x10001b50       0x14 CMakeFiles/transmit.dir/home/pi/pico/pico-sdk/src/common/pico_sync/critical_section.c.obj
                0x10001b50                critical_section_init_with_lock_num
 .text.critical_section_init
                0x10001b64       0x14 CMakeFiles/transmit.dir/home/pi/pico/pico-sdk/src/common/pico_sync/critical_section.c.obj
                0x10001b64                critical_section_init
 .text.ph_add_child_node
                0x10001b78       0xa4 CMakeFiles/transmit.dir/home/pi/pico/pico-sdk/src/common/pico_util/pheap.c.obj
 .text.ph_merge_nodes
                0x10001c1c       0x3a CMakeFiles/transmit.dir/home/pi/pico/pico-sdk/src/common/pico_util/pheap.c.obj
 *fill*         0x10001c56        0x2 
 .text.ph_clear
                0x10001c58       0x70 CMakeFiles/transmit.dir/home/pi/pico/pico-sdk/src/common/pico_util/pheap.c.obj
                0x10001c58                ph_clear
 .text.ph_post_alloc_init
                0x10001cc8        0xe CMakeFiles/transmit.dir/home/pi/pico/pico-sdk/src/common/pico_util/pheap.c.obj
                0x10001cc8                ph_post_alloc_init
 *fill*         0x10001cd6        0x2 
 .text.ph_merge_two_pass
                0x10001cd8       0xac CMakeFiles/transmit.dir/home/pi/pico/pico-sdk/src/common/pico_util/pheap.c.obj
                0x10001cd8                ph_merge_two_pass
 .text.ph_remove_any_head
                0x10001d84      0x108 CMakeFiles/transmit.dir/home/pi/pico/pico-sdk/src/common/pico_util/pheap.c.obj
 .text.ph_remove_head
                0x10001e8c       0x14 CMakeFiles/transmit.dir/home/pi/pico/pico-sdk/src/common/pico_util/pheap.c.obj
                0x10001e8c                ph_remove_head
 .text.ph_remove_and_free_node
                0x10001ea0       0xf8 CMakeFiles/transmit.dir/home/pi/pico/pico-sdk/src/common/pico_util/pheap.c.obj
                0x10001ea0                ph_remove_and_free_node
 .text.runtime_init
                0x10001f98       0xd8 CMakeFiles/transmit.dir/home/pi/pico/pico-sdk/src/rp2_common/pico_runtime/runtime.c.obj
                0x10001f98                runtime_init
 .text._exit    0x10002070        0x4 CMakeFiles/transmit.dir/home/pi/pico/pico-sdk/src/rp2_common/pico_runtime/runtime.c.obj
                0x10002070                _exit
 .text.exit     0x10002074        0x6 CMakeFiles/transmit.dir/home/pi/pico/pico-sdk/src/rp2_common/pico_runtime/runtime.c.obj
                0x10002074                exit
 *fill*         0x1000207a        0x2 
 .text.__assert_func
                0x1000207c       0x3c CMakeFiles/transmit.dir/home/pi/pico/pico-sdk/src/rp2_common/pico_runtime/runtime.c.obj
                0x1000207c                __assert_func
 .text.panic    0x100020b8       0x30 CMakeFiles/transmit.dir/home/pi/pico/pico-sdk/src/rp2_common/pico_runtime/runtime.c.obj
                0x100020b8                panic
 .text.clock_configure
                0x100020e8       0xfc CMakeFiles/transmit.dir/home/pi/pico/pico-sdk/src/rp2_common/hardware_clocks/clocks.c.obj
                0x100020e8                clock_configure
 .text.clocks_init
                0x100021e4      0x100 CMakeFiles/transmit.dir/home/pi/pico/pico-sdk/src/rp2_common/hardware_clocks/clocks.c.obj
                0x100021e4                clocks_init
 .text.clock_get_hz
                0x100022e4        0xc CMakeFiles/transmit.dir/home/pi/pico/pico-sdk/src/rp2_common/hardware_clocks/clocks.c.obj
                0x100022e4                clock_get_hz
 .text.set_raw_irq_handler_and_unlock
                0x100022f0       0x28 CMakeFiles/transmit.dir/home/pi/pico/pico-sdk/src/rp2_common/hardware_irq/irq.c.obj
 .text.make_branch
                0x10002318       0x34 CMakeFiles/transmit.dir/home/pi/pico/pico-sdk/src/rp2_common/hardware_irq/irq.c.obj
 .text.insert_branch_and_link
                0x1000234c       0x40 CMakeFiles/transmit.dir/home/pi/pico/pico-sdk/src/rp2_common/hardware_irq/irq.c.obj
 .text.irq_is_enabled
                0x1000238c       0x18 CMakeFiles/transmit.dir/home/pi/pico/pico-sdk/src/rp2_common/hardware_irq/irq.c.obj
                0x1000238c                irq_is_enabled
 .text.irq_set_mask_enabled
                0x100023a4       0x20 CMakeFiles/transmit.dir/home/pi/pico/pico-sdk/src/rp2_common/hardware_irq/irq.c.obj
                0x100023a4                irq_set_mask_enabled
 .text.irq_set_enabled
                0x100023c4        0xe CMakeFiles/transmit.dir/home/pi/pico/pico-sdk/src/rp2_common/hardware_irq/irq.c.obj
                0x100023c4                irq_set_enabled
 *fill*         0x100023d2        0x2 
 .text.irq_set_pending
                0x100023d4       0x10 CMakeFiles/transmit.dir/home/pi/pico/pico-sdk/src/rp2_common/hardware_irq/irq.c.obj
                0x100023d4                irq_set_pending
 .text.irq_get_vtable_handler
                0x100023e4       0x10 CMakeFiles/transmit.dir/home/pi/pico/pico-sdk/src/rp2_common/hardware_irq/irq.c.obj
                0x100023e4                irq_get_vtable_handler
 .text.irq_set_exclusive_handler
                0x100023f4       0x54 CMakeFiles/transmit.dir/home/pi/pico/pico-sdk/src/rp2_common/hardware_irq/irq.c.obj
                0x100023f4                irq_set_exclusive_handler
 .text.irq_remove_handler
                0x10002448      0x1b4 CMakeFiles/transmit.dir/home/pi/pico/pico-sdk/src/rp2_common/hardware_irq/irq.c.obj
                0x10002448                irq_remove_handler
 .text.irq_set_priority
                0x100025fc       0x28 CMakeFiles/transmit.dir/home/pi/pico/pico-sdk/src/rp2_common/hardware_irq/irq.c.obj
                0x100025fc                irq_set_priority
 .text.irq_add_tail_to_free_list
                0x10002624       0xf0 CMakeFiles/transmit.dir/home/pi/pico/pico-sdk/src/rp2_common/hardware_irq/irq.c.obj
                0x10002624                irq_add_tail_to_free_list
 .text.irq_init_priorities
                0x10002714       0x16 CMakeFiles/transmit.dir/home/pi/pico/pico-sdk/src/rp2_common/hardware_irq/irq.c.obj
                0x10002714                irq_init_priorities
 *fill*         0x1000272a        0x2 
 .text.pll_init
                0x1000272c      0x118 CMakeFiles/transmit.dir/home/pi/pico/pico-sdk/src/rp2_common/hardware_pll/pll.c.obj
                0x1000272c                pll_init
 .text.watchdog_start_tick
                0x10002844       0x10 CMakeFiles/transmit.dir/home/pi/pico/pico-sdk/src/rp2_common/hardware_watchdog/watchdog.c.obj
                0x10002844                watchdog_start_tick
 .text.watchdog_update
                0x10002854       0x14 CMakeFiles/transmit.dir/home/pi/pico/pico-sdk/src/rp2_common/hardware_watchdog/watchdog.c.obj
                0x10002854                watchdog_update
 .text._watchdog_enable
                0x10002868       0x6c CMakeFiles/transmit.dir/home/pi/pico/pico-sdk/src/rp2_common/hardware_watchdog/watchdog.c.obj
                0x10002868                _watchdog_enable
 .text.watchdog_reboot
                0x100028d4       0x44 CMakeFiles/transmit.dir/home/pi/pico/pico-sdk/src/rp2_common/hardware_watchdog/watchdog.c.obj
                0x100028d4                watchdog_reboot
 .text.xosc_init
                0x10002918       0x28 CMakeFiles/transmit.dir/home/pi/pico/pico-sdk/src/rp2_common/hardware_xosc/xosc.c.obj
                0x10002918                xosc_init
 .text._out_null
                0x10002940        0x2 CMakeFiles/transmit.dir/home/pi/pico/pico-sdk/src/rp2_common/pico_printf/printf.c.obj
 .text._out_fct
                0x10002942        0xe CMakeFiles/transmit.dir/home/pi/pico/pico-sdk/src/rp2_common/pico_printf/printf.c.obj
 .text._atoi    0x10002950       0x24 CMakeFiles/transmit.dir/home/pi/pico/pico-sdk/src/rp2_common/pico_printf/printf.c.obj
 .text._out_rev
                0x10002974       0x8c CMakeFiles/transmit.dir/home/pi/pico/pico-sdk/src/rp2_common/pico_printf/printf.c.obj
 .text._ntoa_format
                0x10002a00      0x112 CMakeFiles/transmit.dir/home/pi/pico/pico-sdk/src/rp2_common/pico_printf/printf.c.obj
 .text._ntoa_long
                0x10002b12       0x9e CMakeFiles/transmit.dir/home/pi/pico/pico-sdk/src/rp2_common/pico_printf/printf.c.obj
 .text._ntoa_long_long
                0x10002bb0       0xe2 CMakeFiles/transmit.dir/home/pi/pico/pico-sdk/src/rp2_common/pico_printf/printf.c.obj
 *fill*         0x10002c92        0x2 
 .text._etoa    0x10002c94      0x424 CMakeFiles/transmit.dir/home/pi/pico/pico-sdk/src/rp2_common/pico_printf/printf.c.obj
 .text._ftoa    0x100030b8      0x340 CMakeFiles/transmit.dir/home/pi/pico/pico-sdk/src/rp2_common/pico_printf/printf.c.obj
 .text._vsnprintf
                0x100033f8      0x640 CMakeFiles/transmit.dir/home/pi/pico/pico-sdk/src/rp2_common/pico_printf/printf.c.obj
 .text.vfctprintf
                0x10003a38       0x20 CMakeFiles/transmit.dir/home/pi/pico/pico-sdk/src/rp2_common/pico_printf/printf.c.obj
                0x10003a38                vfctprintf
 .text          0x10003a58       0x10 CMakeFiles/transmit.dir/home/pi/pico/pico-sdk/src/rp2_common/pico_bit_ops/bit_ops_aeabi.S.obj
 .text.rom_func_lookup
                0x10003a68       0x10 CMakeFiles/transmit.dir/home/pi/pico/pico-sdk/src/rp2_common/pico_bootrom/bootrom.c.obj
                0x10003a68                rom_func_lookup
 .text.rom_data_lookup
                0x10003a78       0x10 CMakeFiles/transmit.dir/home/pi/pico/pico-sdk/src/rp2_common/pico_bootrom/bootrom.c.obj
                0x10003a78                rom_data_lookup
 .text.rom_funcs_lookup
                0x10003a88       0x36 CMakeFiles/transmit.dir/home/pi/pico/pico-sdk/src/rp2_common/pico_bootrom/bootrom.c.obj
                0x10003a88                rom_funcs_lookup
 *fill*         0x10003abe        0x2 
 .text.__wrap___aeabi_idiv
                0x10003ac0       0x50 CMakeFiles/transmit.dir/home/pi/pico/pico-sdk/src/rp2_common/pico_divider/divider.S.obj
                0x10003ac0                __wrap___aeabi_idivmod
                0x10003ac0                divmod_s32s32
                0x10003ac0                div_s32s32
                0x10003ac0                __wrap___aeabi_idiv
                0x10003ac8                divmod_s32s32_unsafe
                0x10003af4                divmod_s32s32_savestate
 .text.__wrap___aeabi_uidiv
                0x10003b10       0x4c CMakeFiles/transmit.dir/home/pi/pico/pico-sdk/src/rp2_common/pico_divider/divider.S.obj
                0x10003b10                __wrap___aeabi_uidiv
                0x10003b10                __wrap___aeabi_uidivmod
                0x10003b10                div_u32u32
                0x10003b10                divmod_u32u32
                0x10003b18                divmod_u32u32_unsafe
                0x10003b40                divmod_u32u32_savestate
 .text.__wrap___aeabi_ldiv
                0x10003b5c      0x430 CMakeFiles/transmit.dir/home/pi/pico/pico-sdk/src/rp2_common/pico_divider/divider.S.obj
                0x10003b5c                div_s64s64
                0x10003b5c                divmod_s64s64
                0x10003b5c                __wrap___aeabi_ldivmod
                0x10003b94                div_u64u64
                0x10003b94                divmod_u64u64
                0x10003b94                __wrap___aeabi_uldivmod
                0x10003ba4                divmod_u64u64_savestate
                0x10003bcc                divmod_s64s64_unsafe
                0x10003c54                divmod_u64u64_unsafe
 .text.__wrap___aeabi_darithmetic
                0x10003f8c       0x80 CMakeFiles/transmit.dir/home/pi/pico/pico-sdk/src/rp2_common/pico_double/double_aeabi.S.obj
                0x10003f8c                __wrap___aeabi_drsub
                0x10003f92                __wrap___aeabi_dsub
                0x10003fa4                __wrap___aeabi_dadd
                0x10003fb6                __wrap___aeabi_ddiv
                0x10003ff2                __wrap___aeabi_dmul
 .text.__wrap___aeabi_cdcmple
                0x1000400c       0x6c CMakeFiles/transmit.dir/home/pi/pico/pico-sdk/src/rp2_common/pico_double/double_aeabi.S.obj
                0x1000400c                __wrap___aeabi_cdrcmple
                0x1000401c                __wrap___aeabi_cdcmple
                0x1000401c                __wrap___aeabi_cdcmpeq
 .text.__wrap___aeabi_dcmplt
                0x10004078        0xc CMakeFiles/transmit.dir/home/pi/pico/pico-sdk/src/rp2_common/pico_double/double_aeabi.S.obj
                0x10004078                __wrap___aeabi_dcmplt
 .text.__wrap___aeabi_dcmple
                0x10004084       0x10 CMakeFiles/transmit.dir/home/pi/pico/pico-sdk/src/rp2_common/pico_double/double_aeabi.S.obj
                0x10004084                __wrap___aeabi_dcmple
 .text.__wrap___aeabi_dcmpge
                0x10004094       0x10 CMakeFiles/transmit.dir/home/pi/pico/pico-sdk/src/rp2_common/pico_double/double_aeabi.S.obj
                0x10004094                __wrap___aeabi_dcmpge
 .text.__wrap___aeabi_dcmpgt
                0x100040a4        0xa CMakeFiles/transmit.dir/home/pi/pico/pico-sdk/src/rp2_common/pico_double/double_aeabi.S.obj
                0x100040a4                __wrap___aeabi_dcmpgt
 .text.__wrap___aeabi_dcmpun
                0x100040ae       0x1c CMakeFiles/transmit.dir/home/pi/pico/pico-sdk/src/rp2_common/pico_double/double_aeabi.S.obj
                0x100040ae                __wrap___aeabi_dcmpun
 *fill*         0x100040ca        0x2 
 .text.__wrap___aeabi_i2d
                0x100040cc       0x38 CMakeFiles/transmit.dir/home/pi/pico/pico-sdk/src/rp2_common/pico_double/double_aeabi.S.obj
                0x100040cc                __wrap___aeabi_ui2d
                0x100040d4                __wrap___aeabi_i2d
 .text.__wrap___aeabi_d2iz
                0x10004104       0x48 CMakeFiles/transmit.dir/home/pi/pico/pico-sdk/src/rp2_common/pico_double/double_aeabi.S.obj
                0x10004104                __wrap___aeabi_d2iz
                0x10004104                double2int_z
 .text.__wrap___aeabi_d2uiz
                0x1000414c       0x18 CMakeFiles/transmit.dir/home/pi/pico/pico-sdk/src/rp2_common/pico_double/double_aeabi.S.obj
                0x1000414c                double2uint
                0x1000414c                __wrap___aeabi_d2uiz
 .text.__aeabi_double_init
                0x10004164       0xb8 CMakeFiles/transmit.dir/home/pi/pico/pico-sdk/src/rp2_common/pico_double/double_init_rom.c.obj
                0x10004164                __aeabi_double_init
 .text.double_table_shim_on_use_helper
                0x1000421c       0x34 CMakeFiles/transmit.dir/home/pi/pico/pico-sdk/src/rp2_common/pico_double/double_v1_rom_shim.S.obj
                0x1000421c                double_table_shim_on_use_helper
 .text.__wrap___aeabi_dsub
                0x10004250       0x10 CMakeFiles/transmit.dir/home/pi/pico/pico-sdk/src/rp2_common/pico_double/double_v1_rom_shim.S.obj
                0x10004250                drsub_shim
                0x10004256                dsub_shim
 .text.dadd_shim
                0x10004260      0x15c CMakeFiles/transmit.dir/home/pi/pico/pico-sdk/src/rp2_common/pico_double/double_v1_rom_shim.S.obj
                0x10004260                dadd_shim
 .text.dmul_shim
                0x100043bc      0x15c CMakeFiles/transmit.dir/home/pi/pico/pico-sdk/src/rp2_common/pico_double/double_v1_rom_shim.S.obj
                0x100043bc                dmul_shim
 .text.ddiv_shim
                0x10004518      0x1b0 CMakeFiles/transmit.dir/home/pi/pico/pico-sdk/src/rp2_common/pico_double/double_v1_rom_shim.S.obj
                0x10004518                ddiv_shim
 .text.dcordic_rot_step
                0x100046c8       0x7c CMakeFiles/transmit.dir/home/pi/pico/pico-sdk/src/rp2_common/pico_double/double_v1_rom_shim.S.obj
                0x100046c8                dcordic_rot_step
 .text.double2uint_shim
                0x10004744        0xe CMakeFiles/transmit.dir/home/pi/pico/pico-sdk/src/rp2_common/pico_double/double_v1_rom_shim.S.obj
                0x10004744                double2uint_shim
                0x10004746                double2ufix_shim
 *fill*         0x10004752        0x2 
 .text.double2uint64_shim
                0x10004754       0x6c CMakeFiles/transmit.dir/home/pi/pico/pico-sdk/src/rp2_common/pico_double/double_v1_rom_shim.S.obj
                0x10004754                double2uint64_shim
                0x10004756                double2ufix64_shim
                0x10004770                d2fix_a
 .text.dunpacks
                0x100047c0       0x3c CMakeFiles/transmit.dir/home/pi/pico/pico-sdk/src/rp2_common/pico_double/double_v1_rom_shim.S.obj
                0x100047c0                dunpacks
 .text.__aeabi_lmul
                0x100047fc       0x32 CMakeFiles/transmit.dir/home/pi/pico/pico-sdk/src/rp2_common/pico_int64_ops/pico_int64_ops_aeabi.S.obj
                0x100047fc                __wrap___aeabi_lmul
 *fill*         0x1000482e        0x2 
 .text.__aeabi_float_init
                0x10004830       0xfc CMakeFiles/transmit.dir/home/pi/pico/pico-sdk/src/rp2_common/pico_float/float_init_rom.c.obj
                0x10004830                __aeabi_float_init
 .text.float_table_shim_on_use_helper
                0x1000492c       0x34 CMakeFiles/transmit.dir/home/pi/pico/pico-sdk/src/rp2_common/pico_float/float_v1_rom_shim.S.obj
                0x1000492c                float_table_shim_on_use_helper
 .text          0x10004960       0x10 CMakeFiles/transmit.dir/home/pi/pico/pico-sdk/src/rp2_common/pico_mem_ops/mem_ops_aeabi.S.obj
                0x10004960                __aeabi_mem_init
 .text.memset   0x10004970        0xc CMakeFiles/transmit.dir/home/pi/pico/pico-sdk/src/rp2_common/pico_mem_ops/mem_ops_aeabi.S.obj
                0x10004970                __wrap_memset
 .text.memcpy   0x1000497c        0xc CMakeFiles/transmit.dir/home/pi/pico/pico-sdk/src/rp2_common/pico_mem_ops/mem_ops_aeabi.S.obj
                0x1000497c                __wrap___aeabi_memcpy
                0x1000497c                __wrap_memcpy
 .text.stdio_out_chars_crlf
                0x10004988       0x80 CMakeFiles/transmit.dir/home/pi/pico/pico-sdk/src/rp2_common/pico_stdio/stdio.c.obj
 .text.stdio_stack_buffer_flush
                0x10004a08       0x44 CMakeFiles/transmit.dir/home/pi/pico/pico-sdk/src/rp2_common/pico_stdio/stdio.c.obj
 .text.stdio_buffered_printer
                0x10004a4c       0x20 CMakeFiles/transmit.dir/home/pi/pico/pico-sdk/src/rp2_common/pico_stdio/stdio.c.obj
 .text.stdout_serialize_begin
                0x10004a6c       0x30 CMakeFiles/transmit.dir/home/pi/pico/pico-sdk/src/rp2_common/pico_stdio/stdio.c.obj
                0x10004a6c                stdout_serialize_begin
 .text.stdout_serialize_end
                0x10004a9c       0x10 CMakeFiles/transmit.dir/home/pi/pico/pico-sdk/src/rp2_common/pico_stdio/stdio.c.obj
                0x10004a9c                stdout_serialize_end
 .text.stdio_put_string
                0x10004aac       0x78 CMakeFiles/transmit.dir/home/pi/pico/pico-sdk/src/rp2_common/pico_stdio/stdio.c.obj
 .text.stdio_set_driver_enabled
                0x10004b24       0x38 CMakeFiles/transmit.dir/home/pi/pico/pico-sdk/src/rp2_common/pico_stdio/stdio.c.obj
                0x10004b24                stdio_set_driver_enabled
 .text.stdio_flush
                0x10004b5c       0x20 CMakeFiles/transmit.dir/home/pi/pico/pico-sdk/src/rp2_common/pico_stdio/stdio.c.obj
                0x10004b5c                stdio_flush
 .text.__wrap_puts
                0x10004b7c       0x1c CMakeFiles/transmit.dir/home/pi/pico/pico-sdk/src/rp2_common/pico_stdio/stdio.c.obj
                0x10004b7c                __wrap_puts
 .text.__wrap_vprintf
                0x10004b98       0x44 CMakeFiles/transmit.dir/home/pi/pico/pico-sdk/src/rp2_common/pico_stdio/stdio.c.obj
                0x10004b98                __wrap_vprintf
 .text.__wrap_printf
                0x10004bdc       0x18 CMakeFiles/transmit.dir/home/pi/pico/pico-sdk/src/rp2_common/pico_stdio/stdio.c.obj
                0x10004bdc                __wrap_printf
 .text.stdio_init_all
                0x10004bf4        0xc CMakeFiles/transmit.dir/home/pi/pico/pico-sdk/src/rp2_common/pico_stdio/stdio.c.obj
                0x10004bf4                stdio_init_all
 .text.stdio_uart_out_chars
                0x10004c00       0x70 CMakeFiles/transmit.dir/home/pi/pico/pico-sdk/src/rp2_common/pico_stdio_uart/stdio_uart.c.obj
 .text.stdio_uart_in_chars
                0x10004c70       0x50 CMakeFiles/transmit.dir/home/pi/pico/pico-sdk/src/rp2_common/pico_stdio_uart/stdio_uart.c.obj
                0x10004c70                stdio_uart_in_chars
 .text.stdio_uart_init_full
                0x10004cc0       0x3c CMakeFiles/transmit.dir/home/pi/pico/pico-sdk/src/rp2_common/pico_stdio_uart/stdio_uart.c.obj
                0x10004cc0                stdio_uart_init_full
 .text.stdio_uart_init
                0x10004cfc       0x28 CMakeFiles/transmit.dir/home/pi/pico/pico-sdk/src/rp2_common/pico_stdio_uart/stdio_uart.c.obj
                0x10004cfc                stdio_uart_init
 .text.resetd_init
                0x10004d24        0x2 CMakeFiles/transmit.dir/home/pi/pico/pico-sdk/src/rp2_common/pico_stdio_usb/reset_interface.c.obj
 *fill*         0x10004d26        0x2 
 .text.resetd_reset
                0x10004d28        0xc CMakeFiles/transmit.dir/home/pi/pico/pico-sdk/src/rp2_common/pico_stdio_usb/reset_interface.c.obj
 .text.resetd_open
                0x10004d34       0x34 CMakeFiles/transmit.dir/home/pi/pico/pico-sdk/src/rp2_common/pico_stdio_usb/reset_interface.c.obj
 .text.resetd_xfer_cb
                0x10004d68        0x4 CMakeFiles/transmit.dir/home/pi/pico/pico-sdk/src/rp2_common/pico_stdio_usb/reset_interface.c.obj
 .text.resetd_control_xfer_cb
                0x10004d6c       0x6c CMakeFiles/transmit.dir/home/pi/pico/pico-sdk/src/rp2_common/pico_stdio_usb/reset_interface.c.obj
 .text.usbd_app_driver_get_cb
                0x10004dd8        0xc CMakeFiles/transmit.dir/home/pi/pico/pico-sdk/src/rp2_common/pico_stdio_usb/reset_interface.c.obj
                0x10004dd8                usbd_app_driver_get_cb
 .text.tud_cdc_line_coding_cb
                0x10004de4       0x34 CMakeFiles/transmit.dir/home/pi/pico/pico-sdk/src/rp2_common/pico_stdio_usb/reset_interface.c.obj
                0x10004de4                tud_cdc_line_coding_cb
 .text.stdio_usb_in_chars
                0x10004e18       0x70 CMakeFiles/transmit.dir/home/pi/pico/pico-sdk/src/rp2_common/pico_stdio_usb/stdio_usb.c.obj
                0x10004e18                stdio_usb_in_chars
 .text.low_priority_worker_irq
                0x10004e88       0x20 CMakeFiles/transmit.dir/home/pi/pico/pico-sdk/src/rp2_common/pico_stdio_usb/stdio_usb.c.obj
 .text.stdio_usb_out_chars
                0x10004ea8       0xd4 CMakeFiles/transmit.dir/home/pi/pico/pico-sdk/src/rp2_common/pico_stdio_usb/stdio_usb.c.obj
 .text.timer_task
                0x10004f7c       0x10 CMakeFiles/transmit.dir/home/pi/pico/pico-sdk/src/rp2_common/pico_stdio_usb/stdio_usb.c.obj
 .text.stdio_usb_init
                0x10004f8c       0xb4 CMakeFiles/transmit.dir/home/pi/pico/pico-sdk/src/rp2_common/pico_stdio_usb/stdio_usb.c.obj
                0x10004f8c                stdio_usb_init
 .text.tud_descriptor_device_cb
                0x10005040        0x8 CMakeFiles/transmit.dir/home/pi/pico/pico-sdk/src/rp2_common/pico_stdio_usb/stdio_usb_descriptors.c.obj
                0x10005040                tud_descriptor_device_cb
 .text.tud_descriptor_configuration_cb
                0x10005048        0x8 CMakeFiles/transmit.dir/home/pi/pico/pico-sdk/src/rp2_common/pico_stdio_usb/stdio_usb_descriptors.c.obj
                0x10005048                tud_descriptor_configuration_cb
 .text.tud_descriptor_string_cb
                0x10005050       0x68 CMakeFiles/transmit.dir/home/pi/pico/pico-sdk/src/rp2_common/pico_stdio_usb/stdio_usb_descriptors.c.obj
                0x10005050                tud_descriptor_string_cb
 .text.hw_endpoint_get_by_addr
                0x100050b8       0x18 CMakeFiles/transmit.dir/home/pi/pico/pico-sdk/lib/tinyusb/src/portable/raspberrypi/rp2040/dcd_rp2040.c.obj
 .text.reset_ep0
                0x100050d0       0x2c CMakeFiles/transmit.dir/home/pi/pico/pico-sdk/lib/tinyusb/src/portable/raspberrypi/rp2040/dcd_rp2040.c.obj
 .text._hw_endpoint_alloc
                0x100050fc       0x80 CMakeFiles/transmit.dir/home/pi/pico/pico-sdk/lib/tinyusb/src/portable/raspberrypi/rp2040/dcd_rp2040.c.obj
 .text._hw_endpoint_init
                0x1000517c       0xbc CMakeFiles/transmit.dir/home/pi/pico/pico-sdk/lib/tinyusb/src/portable/raspberrypi/rp2040/dcd_rp2040.c.obj
 .text.hw_endpoint_init
                0x10005238       0x18 CMakeFiles/transmit.dir/home/pi/pico/pico-sdk/lib/tinyusb/src/portable/raspberrypi/rp2040/dcd_rp2040.c.obj
 .text.hw_handle_buff_status
                0x10005250       0xb4 CMakeFiles/transmit.dir/home/pi/pico/pico-sdk/lib/tinyusb/src/portable/raspberrypi/rp2040/dcd_rp2040.c.obj
 .text.dcd_rp2040_irq
                0x10005304       0xa4 CMakeFiles/transmit.dir/home/pi/pico/pico-sdk/lib/tinyusb/src/portable/raspberrypi/rp2040/dcd_rp2040.c.obj
 .text.hw_endpoint_xfer
                0x100053a8       0x18 CMakeFiles/transmit.dir/home/pi/pico/pico-sdk/lib/tinyusb/src/portable/raspberrypi/rp2040/dcd_rp2040.c.obj
 .text.ep0_0len_status
                0x100053c0       0x14 CMakeFiles/transmit.dir/home/pi/pico/pico-sdk/lib/tinyusb/src/portable/raspberrypi/rp2040/dcd_rp2040.c.obj
 .text._hw_endpoint_stall
                0x100053d4       0x54 CMakeFiles/transmit.dir/home/pi/pico/pico-sdk/lib/tinyusb/src/portable/raspberrypi/rp2040/dcd_rp2040.c.obj
 .text.hw_endpoint_stall
                0x10005428        0xc CMakeFiles/transmit.dir/home/pi/pico/pico-sdk/lib/tinyusb/src/portable/raspberrypi/rp2040/dcd_rp2040.c.obj
 .text._hw_endpoint_clear_stall
                0x10005434       0x34 CMakeFiles/transmit.dir/home/pi/pico/pico-sdk/lib/tinyusb/src/portable/raspberrypi/rp2040/dcd_rp2040.c.obj
 .text.hw_endpoint_clear_stall
                0x10005468        0xc CMakeFiles/transmit.dir/home/pi/pico/pico-sdk/lib/tinyusb/src/portable/raspberrypi/rp2040/dcd_rp2040.c.obj
 .text.dcd_int_enable
                0x10005474       0x2c CMakeFiles/transmit.dir/home/pi/pico/pico-sdk/lib/tinyusb/src/portable/raspberrypi/rp2040/dcd_rp2040.c.obj
                0x10005474                dcd_int_enable
 .text.dcd_set_address
                0x100054a0       0x28 CMakeFiles/transmit.dir/home/pi/pico/pico-sdk/lib/tinyusb/src/portable/raspberrypi/rp2040/dcd_rp2040.c.obj
                0x100054a0                dcd_set_address
 .text.dcd_connect
                0x100054c8       0x30 CMakeFiles/transmit.dir/home/pi/pico/pico-sdk/lib/tinyusb/src/portable/raspberrypi/rp2040/dcd_rp2040.c.obj
                0x100054c8                dcd_connect
 .text.dcd_init
                0x100054f8       0x84 CMakeFiles/transmit.dir/home/pi/pico/pico-sdk/lib/tinyusb/src/portable/raspberrypi/rp2040/dcd_rp2040.c.obj
                0x100054f8                dcd_init
 .text.dcd_edpt0_status_complete
                0x1000557c       0x40 CMakeFiles/transmit.dir/home/pi/pico/pico-sdk/lib/tinyusb/src/portable/raspberrypi/rp2040/dcd_rp2040.c.obj
                0x1000557c                dcd_edpt0_status_complete
 .text.dcd_edpt_open
                0x100055bc       0x40 CMakeFiles/transmit.dir/home/pi/pico/pico-sdk/lib/tinyusb/src/portable/raspberrypi/rp2040/dcd_rp2040.c.obj
                0x100055bc                dcd_edpt_open
 .text.dcd_edpt_xfer
                0x100055fc       0x34 CMakeFiles/transmit.dir/home/pi/pico/pico-sdk/lib/tinyusb/src/portable/raspberrypi/rp2040/dcd_rp2040.c.obj
                0x100055fc                dcd_edpt_xfer
 .text.dcd_edpt_stall
                0x10005630       0x28 CMakeFiles/transmit.dir/home/pi/pico/pico-sdk/lib/tinyusb/src/portable/raspberrypi/rp2040/dcd_rp2040.c.obj
                0x10005630                dcd_edpt_stall
 .text.dcd_edpt_clear_stall
                0x10005658       0x2c CMakeFiles/transmit.dir/home/pi/pico/pico-sdk/lib/tinyusb/src/portable/raspberrypi/rp2040/dcd_rp2040.c.obj
                0x10005658                dcd_edpt_clear_stall
 .text.rp2040_usb_init
                0x10005684       0x50 CMakeFiles/transmit.dir/home/pi/pico/pico-sdk/lib/tinyusb/src/portable/raspberrypi/rp2040/rp2040_usb.c.obj
                0x10005684                rp2040_usb_init
 .text.hw_endpoint_reset_transfer
                0x100056d4       0x10 CMakeFiles/transmit.dir/home/pi/pico/pico-sdk/lib/tinyusb/src/portable/raspberrypi/rp2040/rp2040_usb.c.obj
                0x100056d4                hw_endpoint_reset_transfer
 .text._hw_endpoint_buffer_control_update32
                0x100056e4       0x58 CMakeFiles/transmit.dir/home/pi/pico/pico-sdk/lib/tinyusb/src/portable/raspberrypi/rp2040/rp2040_usb.c.obj
                0x100056e4                _hw_endpoint_buffer_control_update32
 .text._hw_endpoint_start_next_buffer
                0x1000573c       0x50 CMakeFiles/transmit.dir/home/pi/pico/pico-sdk/lib/tinyusb/src/portable/raspberrypi/rp2040/rp2040_usb.c.obj
                0x1000573c                _hw_endpoint_start_next_buffer
 .text._hw_endpoint_xfer_start
                0x1000578c       0x3e CMakeFiles/transmit.dir/home/pi/pico/pico-sdk/lib/tinyusb/src/portable/raspberrypi/rp2040/rp2040_usb.c.obj
                0x1000578c                _hw_endpoint_xfer_start
 *fill*         0x100057ca        0x2 
 .text._hw_endpoint_xfer_sync
                0x100057cc       0x74 CMakeFiles/transmit.dir/home/pi/pico/pico-sdk/lib/tinyusb/src/portable/raspberrypi/rp2040/rp2040_usb.c.obj
                0x100057cc                _hw_endpoint_xfer_sync
 .text._hw_endpoint_xfer_continue
                0x10005840       0x60 CMakeFiles/transmit.dir/home/pi/pico/pico-sdk/lib/tinyusb/src/portable/raspberrypi/rp2040/rp2040_usb.c.obj
                0x10005840                _hw_endpoint_xfer_continue
 .text._hw_endpoint_xfer
                0x100058a0       0x34 CMakeFiles/transmit.dir/home/pi/pico/pico-sdk/lib/tinyusb/src/portable/raspberrypi/rp2040/rp2040_usb.c.obj
                0x100058a0                _hw_endpoint_xfer
 .text.mark_interface_endpoint
                0x100058d4       0x2a CMakeFiles/transmit.dir/home/pi/pico/pico-sdk/lib/tinyusb/src/device/usbd.c.obj
 *fill*         0x100058fe        0x2 
 .text.usbd_reset
                0x10005900       0x8c CMakeFiles/transmit.dir/home/pi/pico/pico-sdk/lib/tinyusb/src/device/usbd.c.obj
 .text.invoke_class_control
                0x1000598c       0x1a CMakeFiles/transmit.dir/home/pi/pico/pico-sdk/lib/tinyusb/src/device/usbd.c.obj
 *fill*         0x100059a6        0x2 
 .text.process_set_config
                0x100059a8      0x1d8 CMakeFiles/transmit.dir/home/pi/pico/pico-sdk/lib/tinyusb/src/device/usbd.c.obj
 .text.process_get_descriptor
                0x10005b80      0x104 CMakeFiles/transmit.dir/home/pi/pico/pico-sdk/lib/tinyusb/src/device/usbd.c.obj
 .text.tud_mounted
                0x10005c84       0x10 CMakeFiles/transmit.dir/home/pi/pico/pico-sdk/lib/tinyusb/src/device/usbd.c.obj
                0x10005c84                tud_mounted
 .text.tud_suspended
                0x10005c94       0x10 CMakeFiles/transmit.dir/home/pi/pico/pico-sdk/lib/tinyusb/src/device/usbd.c.obj
                0x10005c94                tud_suspended
 .text.tud_inited
                0x10005ca4        0xc CMakeFiles/transmit.dir/home/pi/pico/pico-sdk/lib/tinyusb/src/device/usbd.c.obj
                0x10005ca4                tud_inited
 .text.tud_init
                0x10005cb0       0xd0 CMakeFiles/transmit.dir/home/pi/pico/pico-sdk/lib/tinyusb/src/device/usbd.c.obj
                0x10005cb0                tud_init
 .text.dcd_event_handler
                0x10005d80      0x178 CMakeFiles/transmit.dir/home/pi/pico/pico-sdk/lib/tinyusb/src/device/usbd.c.obj
                0x10005d80                dcd_event_handler
 .text.dcd_event_bus_signal
                0x10005ef8       0x28 CMakeFiles/transmit.dir/home/pi/pico/pico-sdk/lib/tinyusb/src/device/usbd.c.obj
                0x10005ef8                dcd_event_bus_signal
 .text.dcd_event_bus_reset
                0x10005f20       0x2c CMakeFiles/transmit.dir/home/pi/pico/pico-sdk/lib/tinyusb/src/device/usbd.c.obj
                0x10005f20                dcd_event_bus_reset
 .text.dcd_event_setup_received
                0x10005f4c       0x34 CMakeFiles/transmit.dir/home/pi/pico/pico-sdk/lib/tinyusb/src/device/usbd.c.obj
                0x10005f4c                dcd_event_setup_received
 .text.dcd_event_xfer_complete
                0x10005f80       0x46 CMakeFiles/transmit.dir/home/pi/pico/pico-sdk/lib/tinyusb/src/device/usbd.c.obj
                0x10005f80                dcd_event_xfer_complete
 *fill*         0x10005fc6        0x2 
 .text.usbd_edpt_open
                0x10005fc8       0xe0 CMakeFiles/transmit.dir/home/pi/pico/pico-sdk/lib/tinyusb/src/device/usbd.c.obj
                0x10005fc8                usbd_edpt_open
 .text.usbd_open_edpt_pair
                0x100060a8       0x84 CMakeFiles/transmit.dir/home/pi/pico/pico-sdk/lib/tinyusb/src/device/usbd.c.obj
                0x100060a8                usbd_open_edpt_pair
 .text.usbd_edpt_claim
                0x1000612c       0x88 CMakeFiles/transmit.dir/home/pi/pico/pico-sdk/lib/tinyusb/src/device/usbd.c.obj
                0x1000612c                usbd_edpt_claim
 .text.usbd_edpt_release
                0x100061b4       0x68 CMakeFiles/transmit.dir/home/pi/pico/pico-sdk/lib/tinyusb/src/device/usbd.c.obj
                0x100061b4                usbd_edpt_release
 .text.usbd_edpt_xfer
                0x1000621c       0x80 CMakeFiles/transmit.dir/home/pi/pico/pico-sdk/lib/tinyusb/src/device/usbd.c.obj
                0x1000621c                usbd_edpt_xfer
 .text.usbd_edpt_stall
                0x1000629c       0x2c CMakeFiles/transmit.dir/home/pi/pico/pico-sdk/lib/tinyusb/src/device/usbd.c.obj
                0x1000629c                usbd_edpt_stall
 .text.usbd_edpt_clear_stall
                0x100062c8       0x2c CMakeFiles/transmit.dir/home/pi/pico/pico-sdk/lib/tinyusb/src/device/usbd.c.obj
                0x100062c8                usbd_edpt_clear_stall
 .text.usbd_edpt_stalled
                0x100062f4       0x1c CMakeFiles/transmit.dir/home/pi/pico/pico-sdk/lib/tinyusb/src/device/usbd.c.obj
                0x100062f4                usbd_edpt_stalled
 .text.process_control_request
                0x10006310      0x380 CMakeFiles/transmit.dir/home/pi/pico/pico-sdk/lib/tinyusb/src/device/usbd.c.obj
 .text.tud_task
                0x10006690      0x208 CMakeFiles/transmit.dir/home/pi/pico/pico-sdk/lib/tinyusb/src/device/usbd.c.obj
                0x10006690                tud_task
 .text._data_stage_xact
                0x10006898       0x58 CMakeFiles/transmit.dir/home/pi/pico/pico-sdk/lib/tinyusb/src/device/usbd_control.c.obj
 .text.tud_control_status
                0x100068f0       0x38 CMakeFiles/transmit.dir/home/pi/pico/pico-sdk/lib/tinyusb/src/device/usbd_control.c.obj
                0x100068f0                tud_control_status
 .text.tud_control_xfer
                0x10006928       0xa4 CMakeFiles/transmit.dir/home/pi/pico/pico-sdk/lib/tinyusb/src/device/usbd_control.c.obj
                0x10006928                tud_control_xfer
 .text.usbd_control_reset
                0x100069cc       0x14 CMakeFiles/transmit.dir/home/pi/pico/pico-sdk/lib/tinyusb/src/device/usbd_control.c.obj
                0x100069cc                usbd_control_reset
 .text.usbd_control_set_complete_callback
                0x100069e0        0xc CMakeFiles/transmit.dir/home/pi/pico/pico-sdk/lib/tinyusb/src/device/usbd_control.c.obj
                0x100069e0                usbd_control_set_complete_callback
 .text.usbd_control_set_request
                0x100069ec       0x1c CMakeFiles/transmit.dir/home/pi/pico/pico-sdk/lib/tinyusb/src/device/usbd_control.c.obj
                0x100069ec                usbd_control_set_request
 .text.usbd_control_xfer_cb
                0x10006a08      0x100 CMakeFiles/transmit.dir/home/pi/pico/pico-sdk/lib/tinyusb/src/device/usbd_control.c.obj
                0x10006a08                usbd_control_xfer_cb
 .text._prep_out_transaction
                0x10006b08       0x46 CMakeFiles/transmit.dir/home/pi/pico/pico-sdk/lib/tinyusb/src/class/cdc/cdc_device.c.obj
 *fill*         0x10006b4e        0x2 
 .text.tud_cdc_n_connected
                0x10006b50       0x44 CMakeFiles/transmit.dir/home/pi/pico/pico-sdk/lib/tinyusb/src/class/cdc/cdc_device.c.obj
                0x10006b50                tud_cdc_n_connected
 .text.tud_cdc_n_available
                0x10006b94       0x1c CMakeFiles/transmit.dir/home/pi/pico/pico-sdk/lib/tinyusb/src/class/cdc/cdc_device.c.obj
                0x10006b94                tud_cdc_n_available
 .text.tud_cdc_n_read
                0x10006bb0       0x28 CMakeFiles/transmit.dir/home/pi/pico/pico-sdk/lib/tinyusb/src/class/cdc/cdc_device.c.obj
                0x10006bb0                tud_cdc_n_read
 .text.tud_cdc_n_write_flush
                0x10006bd8       0xcc CMakeFiles/transmit.dir/home/pi/pico/pico-sdk/lib/tinyusb/src/class/cdc/cdc_device.c.obj
                0x10006bd8                tud_cdc_n_write_flush
 .text.tud_cdc_n_write
                0x10006ca4       0x38 CMakeFiles/transmit.dir/home/pi/pico/pico-sdk/lib/tinyusb/src/class/cdc/cdc_device.c.obj
                0x10006ca4                tud_cdc_n_write
 .text.tud_cdc_n_write_available
                0x10006cdc       0x1c CMakeFiles/transmit.dir/home/pi/pico/pico-sdk/lib/tinyusb/src/class/cdc/cdc_device.c.obj
                0x10006cdc                tud_cdc_n_write_available
 .text.cdcd_init
                0x10006cf8       0xb8 CMakeFiles/transmit.dir/home/pi/pico/pico-sdk/lib/tinyusb/src/class/cdc/cdc_device.c.obj
                0x10006cf8                cdcd_init
 .text.cdcd_reset
                0x10006db0       0x44 CMakeFiles/transmit.dir/home/pi/pico/pico-sdk/lib/tinyusb/src/class/cdc/cdc_device.c.obj
                0x10006db0                cdcd_reset
 .text.cdcd_open
                0x10006df4      0x10c CMakeFiles/transmit.dir/home/pi/pico/pico-sdk/lib/tinyusb/src/class/cdc/cdc_device.c.obj
                0x10006df4                cdcd_open
 .text.cdcd_control_xfer_cb
                0x10006f00      0x12c CMakeFiles/transmit.dir/home/pi/pico/pico-sdk/lib/tinyusb/src/class/cdc/cdc_device.c.obj
                0x10006f00                cdcd_control_xfer_cb
 .text.cdcd_xfer_cb
                0x1000702c      0x13c CMakeFiles/transmit.dir/home/pi/pico/pico-sdk/lib/tinyusb/src/class/cdc/cdc_device.c.obj
                0x1000702c                cdcd_xfer_cb
 .text.tusb_init
                0x10007168       0x24 CMakeFiles/transmit.dir/home/pi/pico/pico-sdk/lib/tinyusb/src/tusb.c.obj
                0x10007168                tusb_init
 .text.tusb_inited
                0x1000718c        0xe CMakeFiles/transmit.dir/home/pi/pico/pico-sdk/lib/tinyusb/src/tusb.c.obj
                0x1000718c                tusb_inited
 .text.advance_pointer
                0x1000719a       0x20 CMakeFiles/transmit.dir/home/pi/pico/pico-sdk/lib/tinyusb/src/common/tusb_fifo.c.obj
 .text.backward_pointer
                0x100071ba       0x20 CMakeFiles/transmit.dir/home/pi/pico/pico-sdk/lib/tinyusb/src/common/tusb_fifo.c.obj
 .text.get_relative_pointer
                0x100071da       0x10 CMakeFiles/transmit.dir/home/pi/pico/pico-sdk/lib/tinyusb/src/common/tusb_fifo.c.obj
 .text._tu_fifo_peek
                0x100071ea       0x4c CMakeFiles/transmit.dir/home/pi/pico/pico-sdk/lib/tinyusb/src/common/tusb_fifo.c.obj
 .text._ff_pull_const_addr
                0x10007236       0x46 CMakeFiles/transmit.dir/home/pi/pico/pico-sdk/lib/tinyusb/src/common/tusb_fifo.c.obj
 .text._ff_pull_n
                0x1000727c       0xfe CMakeFiles/transmit.dir/home/pi/pico/pico-sdk/lib/tinyusb/src/common/tusb_fifo.c.obj
 .text._tu_fifo_peek_n
                0x1000737a       0x5e CMakeFiles/transmit.dir/home/pi/pico/pico-sdk/lib/tinyusb/src/common/tusb_fifo.c.obj
 .text._tu_fifo_read_n
                0x100073d8       0x4e CMakeFiles/transmit.dir/home/pi/pico/pico-sdk/lib/tinyusb/src/common/tusb_fifo.c.obj
 .text._ff_push_const_addr
                0x10007426       0x3a CMakeFiles/transmit.dir/home/pi/pico/pico-sdk/lib/tinyusb/src/common/tusb_fifo.c.obj
 .text._ff_push_n
                0x10007460       0xfa CMakeFiles/transmit.dir/home/pi/pico/pico-sdk/lib/tinyusb/src/common/tusb_fifo.c.obj
 .text._tu_fifo_write_n
                0x1000755a       0x9e CMakeFiles/transmit.dir/home/pi/pico/pico-sdk/lib/tinyusb/src/common/tusb_fifo.c.obj
 .text.tu_fifo_config
                0x100075f8       0x72 CMakeFiles/transmit.dir/home/pi/pico/pico-sdk/lib/tinyusb/src/common/tusb_fifo.c.obj
                0x100075f8                tu_fifo_config
 .text.tu_fifo_count
                0x1000766a       0x24 CMakeFiles/transmit.dir/home/pi/pico/pico-sdk/lib/tinyusb/src/common/tusb_fifo.c.obj
                0x1000766a                tu_fifo_count
 .text.tu_fifo_empty
                0x1000768e        0xe CMakeFiles/transmit.dir/home/pi/pico/pico-sdk/lib/tinyusb/src/common/tusb_fifo.c.obj
                0x1000768e                tu_fifo_empty
 .text.tu_fifo_remaining
                0x1000769c       0x20 CMakeFiles/transmit.dir/home/pi/pico/pico-sdk/lib/tinyusb/src/common/tusb_fifo.c.obj
                0x1000769c                tu_fifo_remaining
 .text.tu_fifo_read
                0x100076bc       0x42 CMakeFiles/transmit.dir/home/pi/pico/pico-sdk/lib/tinyusb/src/common/tusb_fifo.c.obj
                0x100076bc                tu_fifo_read
 .text.tu_fifo_read_n
                0x100076fe        0xa CMakeFiles/transmit.dir/home/pi/pico/pico-sdk/lib/tinyusb/src/common/tusb_fifo.c.obj
                0x100076fe                tu_fifo_read_n
 .text.tu_fifo_write
                0x10007708       0x6c CMakeFiles/transmit.dir/home/pi/pico/pico-sdk/lib/tinyusb/src/common/tusb_fifo.c.obj
                0x10007708                tu_fifo_write
 .text.tu_fifo_write_n
                0x10007774        0xa CMakeFiles/transmit.dir/home/pi/pico/pico-sdk/lib/tinyusb/src/common/tusb_fifo.c.obj
                0x10007774                tu_fifo_write_n
 .text.tu_fifo_clear
                0x1000777e       0x4c CMakeFiles/transmit.dir/home/pi/pico/pico-sdk/lib/tinyusb/src/common/tusb_fifo.c.obj
                0x1000777e                tu_fifo_clear
 .text.tu_fifo_set_overwritable
                0x100077ca       0x3c CMakeFiles/transmit.dir/home/pi/pico/pico-sdk/lib/tinyusb/src/common/tusb_fifo.c.obj
                0x100077ca                tu_fifo_set_overwritable
 *fill*         0x10007806        0x2 
 .text._retrieve_unique_id_on_boot
                0x10007808       0x10 CMakeFiles/transmit.dir/home/pi/pico/pico-sdk/src/rp2_common/pico_unique_id/unique_id.c.obj
 .text.pico_get_unique_board_id_string
                0x10007818       0x60 CMakeFiles/transmit.dir/home/pi/pico/pico-sdk/src/rp2_common/pico_unique_id/unique_id.c.obj
                0x10007818                pico_get_unique_board_id_string
 .text.flash_get_unique_id
                0x10007878       0x40 CMakeFiles/transmit.dir/home/pi/pico/pico-sdk/src/rp2_common/hardware_flash/flash.c.obj
                0x10007878                flash_get_unique_id
 .text          0x100078b8       0x64 /usr/lib/gcc/arm-none-eabi/7.3.1/../../../arm-none-eabi/lib/thumb/v6-m/libg.a(lib_a-strlen-stub.o)
                0x100078b8                strlen
 *(.fini)
 .fini          0x1000791c        0x4 /usr/lib/gcc/arm-none-eabi/7.3.1/thumb/v6-m/crti.o
                0x1000791c                _fini
 .fini.__stub   0x10007920       0x70 linker stubs
 *crtbegin.o(.ctors)
 *crtbegin?.o(.ctors)
 *(EXCLUDE_FILE(*crtend.o *crtend?.o) .ctors)
 *(SORT_BY_NAME(.ctors.*))
 *(.ctors)
 *crtbegin.o(.dtors)
 *crtbegin?.o(.dtors)
 *(EXCLUDE_FILE(*crtend.o *crtend?.o) .dtors)
 *(SORT_BY_NAME(.dtors.*))
 *(.dtors)
 *(.eh_frame*)
 .eh_frame      0x10007990        0x0 /usr/lib/gcc/arm-none-eabi/7.3.1/thumb/v6-m/crtbegin.o
                0x10007990                . = ALIGN (0x4)

.glue_7         0x10007990        0x0
 .glue_7        0x10007990        0x0 linker stubs

.glue_7t        0x10007990        0x0
 .glue_7t       0x10007990        0x0 linker stubs

.vfp11_veneer   0x10007990        0x0
 .vfp11_veneer  0x10007990        0x0 linker stubs

.v4_bx          0x10007990        0x0
 .v4_bx         0x10007990        0x0 linker stubs

.iplt           0x10007990        0x0
 .iplt          0x10007990        0x0 /usr/lib/gcc/arm-none-eabi/7.3.1/thumb/v6-m/crtbegin.o

.rodata         0x10007990     0x1650
 *(EXCLUDE_FILE(*libm.a: *libc.a:*lib_a-mem*.o *libgcc.a:) .rodata*)
 .rodata.display.6214
                0x10007990        0xb CMakeFiles/transmit.dir/transmit.c.obj
 *fill*         0x1000799b        0x1 
 .rodata.main.str1.4
                0x1000799c       0x1e CMakeFiles/transmit.dir/transmit.c.obj
                                 0x22 (size before relaxing)
 *fill*         0x100079ba        0x2 
 .rodata.spin_lock_claim_unused.str1.4
                0x100079bc       0x1b CMakeFiles/transmit.dir/home/pi/pico/pico-sdk/src/rp2_common/hardware_sync/sync.c.obj
 *fill*         0x100079d7        0x1 
 .rodata.__func__.5648
                0x100079d8       0x15 CMakeFiles/transmit.dir/home/pi/pico/pico-sdk/src/common/pico_time/time.c.obj
 *fill*         0x100079ed        0x3 
 .rodata.__func__.5949
                0x100079f0        0xc CMakeFiles/transmit.dir/home/pi/pico/pico-sdk/src/common/pico_time/time.c.obj
 .rodata.__func__.5956
                0x100079fc       0x12 CMakeFiles/transmit.dir/home/pi/pico/pico-sdk/src/common/pico_time/time.c.obj
 *fill*         0x10007a0e        0x2 
 .rodata.__func__.5972
                0x10007a10        0xf CMakeFiles/transmit.dir/home/pi/pico/pico-sdk/src/common/pico_time/time.c.obj
 *fill*         0x10007a1f        0x1 
 .rodata.__func__.5994
                0x10007a20        0xd CMakeFiles/transmit.dir/home/pi/pico/pico-sdk/src/common/pico_time/time.c.obj
 *fill*         0x10007a2d        0x3 
 .rodata.__func__.6195
                0x10007a30        0xa CMakeFiles/transmit.dir/home/pi/pico/pico-sdk/src/common/pico_time/time.c.obj
 *fill*         0x10007a3a        0x2 
 .rodata.__func__.6200
                0x10007a3c       0x12 CMakeFiles/transmit.dir/home/pi/pico/pico-sdk/src/common/pico_time/time.c.obj
 *fill*         0x10007a4e        0x2 
 .rodata.__func__.6215
                0x10007a50       0x17 CMakeFiles/transmit.dir/home/pi/pico/pico-sdk/src/common/pico_time/time.c.obj
 *fill*         0x10007a67        0x1 
 .rodata.__func__.6226
                0x10007a68       0x15 CMakeFiles/transmit.dir/home/pi/pico/pico-sdk/src/common/pico_time/time.c.obj
 *fill*         0x10007a7d        0x3 
 .rodata.__func__.6243
                0x10007a80       0x1a CMakeFiles/transmit.dir/home/pi/pico/pico-sdk/src/common/pico_time/time.c.obj
 *fill*         0x10007a9a        0x2 
 .rodata.__func__.6282
                0x10007a9c       0x18 CMakeFiles/transmit.dir/home/pi/pico/pico-sdk/src/common/pico_time/time.c.obj
 .rodata.add_alarm_under_lock.str1.4
                0x10007ab4       0x28 CMakeFiles/transmit.dir/home/pi/pico/pico-sdk/src/common/pico_time/time.c.obj
                                 0x2b (size before relaxing)
 .rodata.alarm_pool_alarm_callback.str1.4
                0x10007adc       0xe2 CMakeFiles/transmit.dir/home/pi/pico/pico-sdk/src/common/pico_time/time.c.obj
 *fill*         0x10007bbe        0x2 
 .rodata.alarm_pool_cancel_alarm.str1.4
                0x10007bc0       0x27 CMakeFiles/transmit.dir/home/pi/pico/pico-sdk/src/common/pico_time/time.c.obj
 *fill*         0x10007be7        0x1 
 .rodata.alarm_pool_dump_key.str1.4
                0x10007be8       0x33 CMakeFiles/transmit.dir/home/pi/pico/pico-sdk/src/common/pico_time/time.c.obj
 *fill*         0x10007c1b        0x1 
 .rodata.alarm_pool_get_default.str1.4
                0x10007c1c       0x21 CMakeFiles/transmit.dir/home/pi/pico/pico-sdk/src/common/pico_time/time.c.obj
 *fill*         0x10007c3d        0x3 
 .rodata.ph_add_child_node.str1.4
                0x10007c40       0x92 CMakeFiles/transmit.dir/home/pi/pico/pico-sdk/src/common/pico_time/time.c.obj
 *fill*         0x10007cd2        0x2 
 .rodata.repeating_timer_callback.str1.4
                0x10007cd4       0x47 CMakeFiles/transmit.dir/home/pi/pico/pico-sdk/src/common/pico_time/time.c.obj
 *fill*         0x10007d1b        0x1 
 .rodata.sleep_until.str1.4
                0x10007d1c       0x4d CMakeFiles/transmit.dir/home/pi/pico/pico-sdk/src/common/pico_time/time.c.obj
 *fill*         0x10007d69        0x3 
 .rodata.__func__.4508
                0x10007d6c       0x1a CMakeFiles/transmit.dir/home/pi/pico/pico-sdk/src/rp2_common/hardware_timer/timer.c.obj
 *fill*         0x10007d86        0x2 
 .rodata.hardware_alarm_claim.str1.4
                0x10007d88       0x22 CMakeFiles/transmit.dir/home/pi/pico/pico-sdk/src/rp2_common/hardware_timer/timer.c.obj
 *fill*         0x10007daa        0x2 
 .rodata.hardware_alarm_set_target.str1.4
                0x10007dac       0x61 CMakeFiles/transmit.dir/home/pi/pico/pico-sdk/src/rp2_common/hardware_timer/timer.c.obj
 *fill*         0x10007e0d        0x3 
 .rodata.__func__.4173
                0x10007e10       0x15 CMakeFiles/transmit.dir/home/pi/pico/pico-sdk/src/common/pico_sync/mutex.c.obj
 *fill*         0x10007e25        0x3 
 .rodata.__func__.4570
                0x10007e28       0x15 CMakeFiles/transmit.dir/home/pi/pico/pico-sdk/src/common/pico_sync/mutex.c.obj
 *fill*         0x10007e3d        0x3 
 .rodata.__func__.4595
                0x10007e40       0x18 CMakeFiles/transmit.dir/home/pi/pico/pico-sdk/src/common/pico_sync/mutex.c.obj
 .rodata.__func__.4605
                0x10007e58        0xb CMakeFiles/transmit.dir/home/pi/pico/pico-sdk/src/common/pico_sync/mutex.c.obj
 *fill*         0x10007e63        0x1 
 .rodata.str1.4
                0x10007e64       0xad CMakeFiles/transmit.dir/home/pi/pico/pico-sdk/src/common/pico_sync/mutex.c.obj
                                0x10d (size before relaxing)
 *fill*         0x10007f11        0x3 
 .rodata.__func__.5655
                0x10007f14        0xc CMakeFiles/transmit.dir/home/pi/pico/pico-sdk/src/common/pico_util/pheap.c.obj
 .rodata.__func__.5662
                0x10007f20       0x12 CMakeFiles/transmit.dir/home/pi/pico/pico-sdk/src/common/pico_util/pheap.c.obj
 *fill*         0x10007f32        0x2 
 .rodata.__func__.5748
                0x10007f34       0x13 CMakeFiles/transmit.dir/home/pi/pico/pico-sdk/src/common/pico_util/pheap.c.obj
 *fill*         0x10007f47        0x1 
 .rodata.__func__.5766
                0x10007f48       0x18 CMakeFiles/transmit.dir/home/pi/pico/pico-sdk/src/common/pico_util/pheap.c.obj
 .rodata.ph_add_child_node.str1.4
                0x10007f60       0x92 CMakeFiles/transmit.dir/home/pi/pico/pico-sdk/src/common/pico_util/pheap.c.obj
 .rodata.ph_remove_and_free_node.str1.4
                0x10007f60       0x26 CMakeFiles/transmit.dir/home/pi/pico/pico-sdk/src/common/pico_util/pheap.c.obj
 *fill*         0x10007f86        0x2 
 .rodata.ph_remove_any_head.str1.4
                0x10007f88       0x88 CMakeFiles/transmit.dir/home/pi/pico/pico-sdk/src/common/pico_util/pheap.c.obj
 .rodata.__assert_func.str1.4
                0x10008010       0x3f CMakeFiles/transmit.dir/home/pi/pico/pico-sdk/src/rp2_common/pico_runtime/runtime.c.obj
                                 0x43 (size before relaxing)
 *fill*         0x1000804f        0x1 
 .rodata.panic.str1.4
                0x10008050       0x12 CMakeFiles/transmit.dir/home/pi/pico/pico-sdk/src/rp2_common/pico_runtime/runtime.c.obj
 *fill*         0x10008062        0x2 
 .rodata.__func__.4627
                0x10008064       0x10 CMakeFiles/transmit.dir/home/pi/pico/pico-sdk/src/rp2_common/hardware_clocks/clocks.c.obj
 .rodata.clock_configure.str1.4
                0x10008074       0x53 CMakeFiles/transmit.dir/home/pi/pico/pico-sdk/src/rp2_common/hardware_clocks/clocks.c.obj
 *fill*         0x100080c7        0x1 
 .rodata.__func__.4663
                0x100080c8       0x1a CMakeFiles/transmit.dir/home/pi/pico/pico-sdk/src/rp2_common/hardware_irq/irq.c.obj
 *fill*         0x100080e2        0x2 
 .rodata.__func__.4677
                0x100080e4        0xc CMakeFiles/transmit.dir/home/pi/pico/pico-sdk/src/rp2_common/hardware_irq/irq.c.obj
 .rodata.__func__.4685
                0x100080f0       0x17 CMakeFiles/transmit.dir/home/pi/pico/pico-sdk/src/rp2_common/hardware_irq/irq.c.obj
 *fill*         0x10008107        0x1 
 .rodata.__func__.4689
                0x10008108        0xf CMakeFiles/transmit.dir/home/pi/pico/pico-sdk/src/rp2_common/hardware_irq/irq.c.obj
 *fill*         0x10008117        0x1 
 .rodata.__func__.4728
                0x10008118       0x13 CMakeFiles/transmit.dir/home/pi/pico/pico-sdk/src/rp2_common/hardware_irq/irq.c.obj
 *fill*         0x1000812b        0x1 
 .rodata.__func__.4747
                0x1000812c       0x1a CMakeFiles/transmit.dir/home/pi/pico/pico-sdk/src/rp2_common/hardware_irq/irq.c.obj
 *fill*         0x10008146        0x2 
 .rodata.irq_add_shared_handler.str1.4
                0x10008148       0xd9 CMakeFiles/transmit.dir/home/pi/pico/pico-sdk/src/rp2_common/hardware_irq/irq.c.obj
 *fill*         0x10008221        0x3 
 .rodata.irq_add_tail_to_free_list.str1.4
                0x10008224       0x32 CMakeFiles/transmit.dir/home/pi/pico/pico-sdk/src/rp2_common/hardware_irq/irq.c.obj
                                 0x3a (size before relaxing)
 *fill*         0x10008256        0x2 
 .rodata.irq_remove_handler.str1.4
                0x10008258       0x2a CMakeFiles/transmit.dir/home/pi/pico/pico-sdk/src/rp2_common/hardware_irq/irq.c.obj
 *fill*         0x10008282        0x2 
 .rodata.irq_set_exclusive_handler.str1.4
                0x10008284       0x36 CMakeFiles/transmit.dir/home/pi/pico/pico-sdk/src/rp2_common/hardware_irq/irq.c.obj
 *fill*         0x100082ba        0x2 
 .rodata.make_branch.str1.4
                0x100082bc       0x49 CMakeFiles/transmit.dir/home/pi/pico/pico-sdk/src/rp2_common/hardware_irq/irq.c.obj
 *fill*         0x10008305        0x3 
 .rodata.__func__.4362
                0x10008308        0x9 CMakeFiles/transmit.dir/home/pi/pico/pico-sdk/src/rp2_common/hardware_pll/pll.c.obj
 *fill*         0x10008311        0x3 
 .rodata.pll_init.str1.4
                0x10008314       0xd7 CMakeFiles/transmit.dir/home/pi/pico/pico-sdk/src/rp2_common/hardware_pll/pll.c.obj
 *fill*         0x100083eb        0x1 
 .rodata._vsnprintf
                0x100083ec      0x1e0 CMakeFiles/transmit.dir/home/pi/pico/pico-sdk/src/rp2_common/pico_printf/printf.c.obj
 .rodata._ftoa.str1.4
                0x100085cc       0x15 CMakeFiles/transmit.dir/home/pi/pico/pico-sdk/src/rp2_common/pico_printf/printf.c.obj
 *fill*         0x100085e1        0x7 
 .rodata.pow10.5369
                0x100085e8       0x50 CMakeFiles/transmit.dir/home/pi/pico/pico-sdk/src/rp2_common/pico_printf/printf.c.obj
 .rodata.__aeabi_double_init.str1.4
                0x10008638       0xa4 CMakeFiles/transmit.dir/home/pi/pico/pico-sdk/src/rp2_common/pico_double/double_init_rom.c.obj
 .rodata.__func__.4628
                0x100086dc       0x14 CMakeFiles/transmit.dir/home/pi/pico/pico-sdk/src/rp2_common/pico_double/double_init_rom.c.obj
 .rodata.__aeabi_float_init.str1.4
                0x100086f0       0x76 CMakeFiles/transmit.dir/home/pi/pico/pico-sdk/src/rp2_common/pico_float/float_init_rom.c.obj
                                 0x7a (size before relaxing)
 *fill*         0x10008766        0x2 
 .rodata.__func__.4630
                0x10008768       0x13 CMakeFiles/transmit.dir/home/pi/pico/pico-sdk/src/rp2_common/pico_float/float_init_rom.c.obj
 *fill*         0x1000877b        0x1 
 .rodata.__bi_44
                0x1000877c        0xc CMakeFiles/transmit.dir/home/pi/pico/pico-sdk/src/rp2_common/pico_standard_link/binary_info.c.obj
 .rodata.__bi_75
                0x10008788        0xc CMakeFiles/transmit.dir/home/pi/pico/pico-sdk/src/rp2_common/pico_standard_link/binary_info.c.obj
 .rodata.__bi_81
                0x10008794        0xc CMakeFiles/transmit.dir/home/pi/pico/pico-sdk/src/rp2_common/pico_standard_link/binary_info.c.obj
 .rodata.str1.4
                0x100087a0       0x40 CMakeFiles/transmit.dir/home/pi/pico/pico-sdk/src/rp2_common/pico_standard_link/binary_info.c.obj
 .rodata.crlf_str.5960
                0x100087e0        0x2 CMakeFiles/transmit.dir/home/pi/pico/pico-sdk/src/rp2_common/pico_stdio/stdio.c.obj
 *fill*         0x100087e2        0x2 
 .rodata.__bi_28.4699
                0x100087e4        0xc CMakeFiles/transmit.dir/home/pi/pico/pico-sdk/src/rp2_common/pico_stdio_uart/stdio_uart.c.obj
 .rodata.__bi_29.4703
                0x100087f0        0x8 CMakeFiles/transmit.dir/home/pi/pico/pico-sdk/src/rp2_common/pico_stdio_uart/stdio_uart.c.obj
 .rodata.str1.4
                0x100087f8       0x2c CMakeFiles/transmit.dir/home/pi/pico/pico-sdk/src/rp2_common/pico_stdio_uart/stdio_uart.c.obj
 .rodata._resetd_driver
                0x10008824       0x18 CMakeFiles/transmit.dir/home/pi/pico/pico-sdk/src/rp2_common/pico_stdio_usb/reset_interface.c.obj
 .rodata.__bi_93.7101
                0x1000883c        0xc CMakeFiles/transmit.dir/home/pi/pico/pico-sdk/src/rp2_common/pico_stdio_usb/stdio_usb.c.obj
 .rodata.__func__.5371
                0x10008848       0x15 CMakeFiles/transmit.dir/home/pi/pico/pico-sdk/src/rp2_common/pico_stdio_usb/stdio_usb.c.obj
 .rodata.stdio_usb_init.str1.4
                0x1000885d       0x5d CMakeFiles/transmit.dir/home/pi/pico/pico-sdk/src/rp2_common/pico_stdio_usb/stdio_usb.c.obj
 *fill*         0x1000885d        0x3 
 .rodata.str1.4
                0x10008860       0x13 CMakeFiles/transmit.dir/home/pi/pico/pico-sdk/src/rp2_common/pico_stdio_usb/stdio_usb.c.obj
 *fill*         0x10008873        0x1 
 .rodata.str1.4
                0x10008874       0x2a CMakeFiles/transmit.dir/home/pi/pico/pico-sdk/src/rp2_common/pico_stdio_usb/stdio_usb_descriptors.c.obj
 *fill*         0x1000889e        0x2 
 .rodata.usbd_desc_cfg
                0x100088a0       0x54 CMakeFiles/transmit.dir/home/pi/pico/pico-sdk/src/rp2_common/pico_stdio_usb/stdio_usb_descriptors.c.obj
 .rodata.usbd_desc_device
                0x100088f4       0x12 CMakeFiles/transmit.dir/home/pi/pico/pico-sdk/src/rp2_common/pico_stdio_usb/stdio_usb_descriptors.c.obj
 *fill*         0x10008906        0x2 
 .rodata.usbd_desc_str
                0x10008908       0x18 CMakeFiles/transmit.dir/home/pi/pico/pico-sdk/src/rp2_common/pico_stdio_usb/stdio_usb_descriptors.c.obj
 .rodata.__func__.6806
                0x10008920       0x13 CMakeFiles/transmit.dir/home/pi/pico/pico-sdk/lib/tinyusb/src/portable/raspberrypi/rp2040/dcd_rp2040.c.obj
 *fill*         0x10008933        0x1 
 .rodata.__func__.6837
                0x10008934       0x16 CMakeFiles/transmit.dir/home/pi/pico/pico-sdk/lib/tinyusb/src/portable/raspberrypi/rp2040/dcd_rp2040.c.obj
 *fill*         0x1000894a        0x2 
 .rodata.__func__.6858
                0x1000894c       0x13 CMakeFiles/transmit.dir/home/pi/pico/pico-sdk/lib/tinyusb/src/portable/raspberrypi/rp2040/dcd_rp2040.c.obj
 *fill*         0x1000895f        0x1 
 .rodata.__func__.6879
                0x10008960        0x9 CMakeFiles/transmit.dir/home/pi/pico/pico-sdk/lib/tinyusb/src/portable/raspberrypi/rp2040/dcd_rp2040.c.obj
 *fill*         0x10008969        0x3 
 .rodata.__func__.6883
                0x1000896c        0xf CMakeFiles/transmit.dir/home/pi/pico/pico-sdk/lib/tinyusb/src/portable/raspberrypi/rp2040/dcd_rp2040.c.obj
 *fill*         0x1000897b        0x1 
 .rodata.__func__.6892
                0x1000897c       0x10 CMakeFiles/transmit.dir/home/pi/pico/pico-sdk/lib/tinyusb/src/portable/raspberrypi/rp2040/dcd_rp2040.c.obj
 .rodata.__func__.6904
                0x1000898c        0xc CMakeFiles/transmit.dir/home/pi/pico/pico-sdk/lib/tinyusb/src/portable/raspberrypi/rp2040/dcd_rp2040.c.obj
 .rodata.__func__.6909
                0x10008998       0x1a CMakeFiles/transmit.dir/home/pi/pico/pico-sdk/lib/tinyusb/src/portable/raspberrypi/rp2040/dcd_rp2040.c.obj
 *fill*         0x100089b2        0x2 
 .rodata.__func__.6914
                0x100089b4        0xe CMakeFiles/transmit.dir/home/pi/pico/pico-sdk/lib/tinyusb/src/portable/raspberrypi/rp2040/dcd_rp2040.c.obj
 *fill*         0x100089c2        0x2 
 .rodata.__func__.6921
                0x100089c4        0xe CMakeFiles/transmit.dir/home/pi/pico/pico-sdk/lib/tinyusb/src/portable/raspberrypi/rp2040/dcd_rp2040.c.obj
 *fill*         0x100089d2        0x2 
 .rodata.__func__.6926
                0x100089d4        0xf CMakeFiles/transmit.dir/home/pi/pico/pico-sdk/lib/tinyusb/src/portable/raspberrypi/rp2040/dcd_rp2040.c.obj
 *fill*         0x100089e3        0x1 
 .rodata.__func__.6931
                0x100089e4       0x15 CMakeFiles/transmit.dir/home/pi/pico/pico-sdk/lib/tinyusb/src/portable/raspberrypi/rp2040/dcd_rp2040.c.obj
 *fill*         0x100089f9        0x3 
 .rodata._hw_endpoint_alloc.str1.4
                0x100089fc       0xb1 CMakeFiles/transmit.dir/home/pi/pico/pico-sdk/lib/tinyusb/src/portable/raspberrypi/rp2040/dcd_rp2040.c.obj
 *fill*         0x10008aad        0x3 
 .rodata._hw_endpoint_init.str1.4
                0x10008ab0       0x28 CMakeFiles/transmit.dir/home/pi/pico/pico-sdk/lib/tinyusb/src/portable/raspberrypi/rp2040/dcd_rp2040.c.obj
 .rodata._hw_endpoint_stall.str1.4
                0x10008ad8        0xd CMakeFiles/transmit.dir/home/pi/pico/pico-sdk/lib/tinyusb/src/portable/raspberrypi/rp2040/dcd_rp2040.c.obj
 *fill*         0x10008ae5        0x3 
 .rodata.dcd_int_enable.str1.4
                0x10008ae8        0xc CMakeFiles/transmit.dir/home/pi/pico/pico-sdk/lib/tinyusb/src/portable/raspberrypi/rp2040/dcd_rp2040.c.obj
 .rodata.dcd_rp2040_irq.str1.4
                0x10008af4       0x14 CMakeFiles/transmit.dir/home/pi/pico/pico-sdk/lib/tinyusb/src/portable/raspberrypi/rp2040/dcd_rp2040.c.obj
 .rodata.hw_handle_buff_status.str1.4
                0x10008b08        0xb CMakeFiles/transmit.dir/home/pi/pico/pico-sdk/lib/tinyusb/src/portable/raspberrypi/rp2040/dcd_rp2040.c.obj
 *fill*         0x10008b13        0x1 
 .rodata.__func__.6585
                0x10008b14       0x17 CMakeFiles/transmit.dir/home/pi/pico/pico-sdk/lib/tinyusb/src/portable/raspberrypi/rp2040/rp2040_usb.c.obj
 *fill*         0x10008b2b        0x1 
 .rodata.__func__.6596
                0x10008b2c       0x12 CMakeFiles/transmit.dir/home/pi/pico/pico-sdk/lib/tinyusb/src/portable/raspberrypi/rp2040/rp2040_usb.c.obj
 *fill*         0x10008b3e        0x2 
 .rodata._hw_endpoint_buffer_control_update32.str1.4
                0x10008b40       0x1f CMakeFiles/transmit.dir/home/pi/pico/pico-sdk/lib/tinyusb/src/portable/raspberrypi/rp2040/rp2040_usb.c.obj
 *fill*         0x10008b5f        0x1 
 .rodata._hw_endpoint_xfer.str1.4
                0x10008b60        0xf CMakeFiles/transmit.dir/home/pi/pico/pico-sdk/lib/tinyusb/src/portable/raspberrypi/rp2040/rp2040_usb.c.obj
 *fill*         0x10008b6f        0x1 
 .rodata._hw_endpoint_xfer_continue.str1.4
                0x10008b70       0x50 CMakeFiles/transmit.dir/home/pi/pico/pico-sdk/lib/tinyusb/src/portable/raspberrypi/rp2040/rp2040_usb.c.obj
 .rodata._hw_endpoint_xfer_sync.str1.4
                0x10008bc0       0x8d CMakeFiles/transmit.dir/home/pi/pico/pico-sdk/lib/tinyusb/src/portable/raspberrypi/rp2040/rp2040_usb.c.obj
 .rodata.str1.4
                0x10008c4d       0x8d CMakeFiles/transmit.dir/home/pi/pico/pico-sdk/lib/tinyusb/src/portable/raspberrypi/rp2040/rp2040_usb.c.obj
                                  0x7 (size before relaxing)
 *fill*         0x10008c4d        0x3 
 .rodata.process_get_descriptor
                0x10008c50       0x40 CMakeFiles/transmit.dir/home/pi/pico/pico-sdk/lib/tinyusb/src/device/usbd.c.obj
 .rodata.process_control_request
                0x10008c90       0x28 CMakeFiles/transmit.dir/home/pi/pico/pico-sdk/lib/tinyusb/src/device/usbd.c.obj
 .rodata.tud_task
                0x10008cb8       0x24 CMakeFiles/transmit.dir/home/pi/pico/pico-sdk/lib/tinyusb/src/device/usbd.c.obj
 .rodata.__func__.6459
                0x10008cdc       0x10 CMakeFiles/transmit.dir/home/pi/pico/pico-sdk/lib/tinyusb/src/device/usbd.c.obj
 .rodata.__func__.7252
                0x10008cec        0x9 CMakeFiles/transmit.dir/home/pi/pico/pico-sdk/lib/tinyusb/src/device/usbd.c.obj
 *fill*         0x10008cf5        0x3 
 .rodata.__func__.7273
                0x10008cf8       0x18 CMakeFiles/transmit.dir/home/pi/pico/pico-sdk/lib/tinyusb/src/device/usbd.c.obj
 .rodata.__func__.7311
                0x10008d10       0x13 CMakeFiles/transmit.dir/home/pi/pico/pico-sdk/lib/tinyusb/src/device/usbd.c.obj
 *fill*         0x10008d23        0x1 
 .rodata.__func__.7354
                0x10008d24       0x17 CMakeFiles/transmit.dir/home/pi/pico/pico-sdk/lib/tinyusb/src/device/usbd.c.obj
 *fill*         0x10008d3b        0x1 
 .rodata.__func__.7408
                0x10008d3c       0x14 CMakeFiles/transmit.dir/home/pi/pico/pico-sdk/lib/tinyusb/src/device/usbd.c.obj
 .rodata.__func__.7424
                0x10008d50        0xf CMakeFiles/transmit.dir/home/pi/pico/pico-sdk/lib/tinyusb/src/device/usbd.c.obj
 *fill*         0x10008d5f        0x1 
 .rodata.__func__.7452
                0x10008d60        0xf CMakeFiles/transmit.dir/home/pi/pico/pico-sdk/lib/tinyusb/src/device/usbd.c.obj
 *fill*         0x10008d6f        0x1 
 .rodata._usbd_driver
                0x10008d70       0x18 CMakeFiles/transmit.dir/home/pi/pico/pico-sdk/lib/tinyusb/src/device/usbd.c.obj
 .rodata.process_set_config.str1.4
                0x10008d88       0x17 CMakeFiles/transmit.dir/home/pi/pico/pico-sdk/lib/tinyusb/src/device/usbd.c.obj
 *fill*         0x10008d9f        0x1 
 .rodata.__func__.7165
                0x10008da0       0x11 CMakeFiles/transmit.dir/home/pi/pico/pico-sdk/lib/tinyusb/src/device/usbd_control.c.obj
 *fill*         0x10008db1        0x3 
 .rodata.__func__.7192
                0x10008db4       0x15 CMakeFiles/transmit.dir/home/pi/pico/pico-sdk/lib/tinyusb/src/device/usbd_control.c.obj
 .rodata.tud_control_xfer.str1.4
                0x10008dc9       0x17 CMakeFiles/transmit.dir/home/pi/pico/pico-sdk/lib/tinyusb/src/device/usbd_control.c.obj
 *fill*         0x10008dc9        0x3 
 .rodata.__func__.7104
                0x10008dcc       0x16 CMakeFiles/transmit.dir/home/pi/pico/pico-sdk/lib/tinyusb/src/class/cdc/cdc_device.c.obj
 *fill*         0x10008de2        0x2 
 .rodata.__func__.7137
                0x10008de4        0xa CMakeFiles/transmit.dir/home/pi/pico/pico-sdk/lib/tinyusb/src/class/cdc/cdc_device.c.obj
 *fill*         0x10008dee        0x2 
 .rodata.__func__.7171
                0x10008df0        0xd CMakeFiles/transmit.dir/home/pi/pico/pico-sdk/lib/tinyusb/src/class/cdc/cdc_device.c.obj
 .rodata.tud_cdc_n_write_flush.str1.4
                0x10008dfd       0x17 CMakeFiles/transmit.dir/home/pi/pico/pico-sdk/lib/tinyusb/src/class/cdc/cdc_device.c.obj
 *fill*         0x10008dfd        0x3 
 .rodata.__func__.7041
                0x10008e00        0xa CMakeFiles/transmit.dir/home/pi/pico/pico-sdk/lib/tinyusb/src/tusb.c.obj
 .rodata.tusb_init.str1.4
                0x10008e0a       0x17 CMakeFiles/transmit.dir/home/pi/pico/pico-sdk/lib/tinyusb/src/tusb.c.obj
 *fill*         0x10008e0a        0x2 
 .rodata.__func__.4247
                0x10008e0c       0x20 CMakeFiles/transmit.dir/home/pi/pico/pico-sdk/src/rp2_common/pico_unique_id/unique_id.c.obj
 .rodata.pico_get_unique_board_id_string.str1.4
                0x10008e2c       0x49 CMakeFiles/transmit.dir/home/pi/pico/pico-sdk/src/rp2_common/pico_unique_id/unique_id.c.obj
 *fill*         0x10008e75        0x3 
 .rodata.__func__.4388
                0x10008e78        0xd CMakeFiles/transmit.dir/home/pi/pico/pico-sdk/src/rp2_common/hardware_flash/flash.c.obj
 *fill*         0x10008e85        0x3 
 .rodata.str1.4
                0x10008e88      0x158 CMakeFiles/transmit.dir/home/pi/pico/pico-sdk/src/rp2_common/hardware_flash/flash.c.obj
                                0x156 (size before relaxing)
                0x10008fe0                . = ALIGN (0x4)
 *(SORT_BY_ALIGNMENT(SORT_BY_NAME(.flashdata*)))
                0x10008fe0                . = ALIGN (0x4)

.rel.dyn        0x10008fe0        0x0
 .rel.iplt      0x10008fe0        0x0 /usr/lib/gcc/arm-none-eabi/7.3.1/thumb/v6-m/crtbegin.o

.ARM.extab
 *(.ARM.extab* .gnu.linkonce.armextab.*)
                0x10008fe0                __exidx_start = .

.ARM.exidx
 *(.ARM.exidx* .gnu.linkonce.armexidx.*)
                0x10008fe0                __exidx_end = .
                0x10008fe0                . = ALIGN (0x4)
                0x10008fe0                __binary_info_start = .

.binary_info    0x10008fe0       0x28
 *(.binary_info.keep.*)
 .binary_info.keep.__bi_ptr22
                0x10008fe0        0x4 CMakeFiles/transmit.dir/home/pi/pico/pico-sdk/src/rp2_common/pico_standard_link/binary_info.c.obj
 .binary_info.keep.__bi_ptr30
                0x10008fe4        0x4 CMakeFiles/transmit.dir/home/pi/pico/pico-sdk/src/rp2_common/pico_standard_link/binary_info.c.obj
 .binary_info.keep.__bi_ptr38
                0x10008fe8        0x4 CMakeFiles/transmit.dir/home/pi/pico/pico-sdk/src/rp2_common/pico_standard_link/binary_info.c.obj
 .binary_info.keep.__bi_ptr44
                0x10008fec        0x4 CMakeFiles/transmit.dir/home/pi/pico/pico-sdk/src/rp2_common/pico_standard_link/binary_info.c.obj
 .binary_info.keep.__bi_ptr50
                0x10008ff0        0x4 CMakeFiles/transmit.dir/home/pi/pico/pico-sdk/src/rp2_common/pico_standard_link/binary_info.c.obj
 .binary_info.keep.__bi_ptr75
                0x10008ff4        0x4 CMakeFiles/transmit.dir/home/pi/pico/pico-sdk/src/rp2_common/pico_standard_link/binary_info.c.obj
 .binary_info.keep.__bi_ptr81
                0x10008ff8        0x4 CMakeFiles/transmit.dir/home/pi/pico/pico-sdk/src/rp2_common/pico_standard_link/binary_info.c.obj
 *(.binary_info.*)
 .binary_info.__bi_ptr28
                0x10008ffc        0x4 CMakeFiles/transmit.dir/home/pi/pico/pico-sdk/src/rp2_common/pico_stdio_uart/stdio_uart.c.obj
 .binary_info.__bi_ptr29
                0x10009000        0x4 CMakeFiles/transmit.dir/home/pi/pico/pico-sdk/src/rp2_common/pico_stdio_uart/stdio_uart.c.obj
 .binary_info.__bi_ptr93
                0x10009004        0x4 CMakeFiles/transmit.dir/home/pi/pico/pico-sdk/src/rp2_common/pico_stdio_usb/stdio_usb.c.obj
                0x10009008                __binary_info_end = .
                0x10009008                . = ALIGN (0x4)
                0x10009008                __etext = .

.ram_vector_table
                0x20000000       0xc0
 *(.ram_vector_table)
 .ram_vector_table
                0x20000000       0xc0 CMakeFiles/transmit.dir/home/pi/pico/pico-sdk/src/rp2_common/pico_runtime/runtime.c.obj
                0x20000000                ram_vector_table

.data           0x200000c0      0x504 load address 0x10009008
                0x200000c0                __data_start__ = .
 *(vtable)
 *(.time_critical*)
 .time_critical.mutex_enter_blocking
                0x200000c0       0x94 CMakeFiles/transmit.dir/home/pi/pico/pico-sdk/src/common/pico_sync/mutex.c.obj
                0x200000c0                mutex_enter_blocking
 .time_critical.mutex_try_enter
                0x20000154       0x5a CMakeFiles/transmit.dir/home/pi/pico/pico-sdk/src/common/pico_sync/mutex.c.obj
                0x20000154                mutex_try_enter
 *fill*         0x200001ae        0x2 
 .time_critical.mutex_enter_block_until
                0x200001b0       0x8c CMakeFiles/transmit.dir/home/pi/pico/pico-sdk/src/common/pico_sync/mutex.c.obj
                0x200001b0                mutex_enter_block_until
 .time_critical.mutex_enter_timeout_ms
                0x2000023c       0x6c CMakeFiles/transmit.dir/home/pi/pico/pico-sdk/src/common/pico_sync/mutex.c.obj
                0x2000023c                mutex_enter_timeout_ms
 .time_critical.mutex_exit
                0x200002a8       0x94 CMakeFiles/transmit.dir/home/pi/pico/pico-sdk/src/common/pico_sync/mutex.c.obj
                0x200002a8                mutex_exit
 .time_critical.flash_init_boot2_copyout
                0x2000033c       0x30 CMakeFiles/transmit.dir/home/pi/pico/pico-sdk/src/rp2_common/hardware_flash/flash.c.obj
 .time_critical.flash_enable_xip_via_boot2
                0x2000036c       0x10 CMakeFiles/transmit.dir/home/pi/pico/pico-sdk/src/rp2_common/hardware_flash/flash.c.obj
 .time_critical.flash_cs_force
                0x2000037c       0x28 CMakeFiles/transmit.dir/home/pi/pico/pico-sdk/src/rp2_common/hardware_flash/flash.c.obj
 .time_critical.flash_do_cmd
                0x200003a4       0xc0 CMakeFiles/transmit.dir/home/pi/pico/pico-sdk/src/rp2_common/hardware_flash/flash.c.obj
                0x200003a4                flash_do_cmd
 *(.text*)
 .text          0x20000464        0x4 /usr/lib/gcc/arm-none-eabi/7.3.1/thumb/v6-m/libgcc.a(_dvmd_tls.o)
                0x20000464                __aeabi_ldiv0
                0x20000464                __aeabi_idiv0
 .text.__stub   0x20000468       0x50 linker stubs
                0x200004b8                . = ALIGN (0x4)
 *(.rodata*)
                0x200004b8                . = ALIGN (0x4)
 *(.data*)
 .data.striped_spin_lock_num
                0x200004b8        0x1 CMakeFiles/transmit.dir/home/pi/pico/pico-sdk/src/rp2_common/hardware_sync/sync.c.obj
 *fill*         0x200004b9        0x3 
 .data.default_alarm_pool
                0x200004bc       0x18 CMakeFiles/transmit.dir/home/pi/pico/pico-sdk/src/common/pico_time/time.c.obj
 .data.default_alarm_pool_heap
                0x200004d4       0x10 CMakeFiles/transmit.dir/home/pi/pico/pico-sdk/src/common/pico_time/time.c.obj
 .data          0x200004e4       0x48 CMakeFiles/transmit.dir/home/pi/pico/pico-sdk/src/rp2_common/hardware_irq/irq_handler_chain.S.obj
                0x200004e4                irq_handler_chain_slots
                0x20000514                irq_handler_chain_first_slot
                0x2000051e                irq_handler_chain_remove_tail
 *fill*         0x2000052c        0x4 
 .data.aeabi_bits_funcs
                0x20000530       0x10 CMakeFiles/transmit.dir/home/pi/pico/pico-sdk/src/rp2_common/pico_bit_ops/bit_ops_aeabi.S.obj
                0x20000530                aeabi_bits_funcs
                0x20000540                aeabi_bits_funcs_end
 .data.aeabi_mem_funcs
                0x20000540       0x10 CMakeFiles/transmit.dir/home/pi/pico/pico-sdk/src/rp2_common/pico_mem_ops/mem_ops_aeabi.S.obj
                0x20000540                aeabi_mem_funcs
                0x20000550                aeabi_mem_funcs_end
 .data.stdio_uart
                0x20000550       0x14 CMakeFiles/transmit.dir/home/pi/pico/pico-sdk/src/rp2_common/pico_stdio_uart/stdio_uart.c.obj
                0x20000550                stdio_uart
 .data.stdio_usb
                0x20000564       0x14 CMakeFiles/transmit.dir/home/pi/pico/pico-sdk/src/rp2_common/pico_stdio_usb/stdio_usb.c.obj
                0x20000564                stdio_usb
 .data.ep_dir_string
                0x20000578        0x8 CMakeFiles/transmit.dir/home/pi/pico/pico-sdk/lib/tinyusb/src/portable/raspberrypi/rp2040/rp2040_usb.c.obj
                0x20000578                ep_dir_string
 .data._usbd_qdef
                0x20000580       0x24 CMakeFiles/transmit.dir/home/pi/pico/pico-sdk/lib/tinyusb/src/device/usbd.c.obj
                0x20000580                _usbd_qdef
                0x200005a4                . = ALIGN (0x4)
 *(.after_data.*)
                0x200005a4                . = ALIGN (0x4)
                0x200005a4                PROVIDE (__mutex_array_start = .)
 *(SORT_BY_NAME(.mutex_array.*))
 *(.mutex_array)
 .mutex_array   0x200005a4        0x8 CMakeFiles/transmit.dir/home/pi/pico/pico-sdk/src/rp2_common/pico_stdio/stdio.c.obj
                0x200005ac                PROVIDE (__mutex_array_end = .)
                0x200005ac                . = ALIGN (0x4)
                0x200005ac                PROVIDE (__preinit_array_start = .)
 *(SORT_BY_NAME(.preinit_array.*))
 .preinit_array.00001
                0x200005ac        0x4 CMakeFiles/transmit.dir/home/pi/pico/pico-sdk/src/rp2_common/pico_mem_ops/mem_ops_aeabi.S.obj
 .preinit_array.00010
                0x200005b0        0x4 CMakeFiles/transmit.dir/home/pi/pico/pico-sdk/src/rp2_common/pico_bit_ops/bit_ops_aeabi.S.obj
 .preinit_array.00020
                0x200005b4        0x4 CMakeFiles/transmit.dir/home/pi/pico/pico-sdk/src/rp2_common/pico_double/double_aeabi.S.obj
 .preinit_array.00020
                0x200005b8        0x4 CMakeFiles/transmit.dir/home/pi/pico/pico-sdk/src/rp2_common/pico_float/float_aeabi.S.obj
 *(.preinit_array)
                0x200005bc                PROVIDE (__preinit_array_end = .)
                0x200005bc                . = ALIGN (0x4)
                0x200005bc                PROVIDE (__init_array_start = .)
 *(SORT_BY_NAME(.init_array.*))
 *(.init_array)
 .init_array    0x200005bc        0x4 /usr/lib/gcc/arm-none-eabi/7.3.1/thumb/v6-m/crtbegin.o
 .init_array    0x200005c0        0x4 CMakeFiles/transmit.dir/home/pi/pico/pico-sdk/src/rp2_common/pico_unique_id/unique_id.c.obj
                0x200005c4                PROVIDE (__init_array_end = .)
                0x200005c4                . = ALIGN (0x4)
                0x200005c4                PROVIDE (__fini_array_start = .)
 *(SORT_BY_NAME(.fini_array.*))
 *(.fini_array)
                0x200005c4                PROVIDE (__fini_array_end = .)
 *(.jcr)
                0x200005c4                . = ALIGN (0x4)
                0x200005c4                __data_end__ = .

.tm_clone_table
                0x200005c4        0x0 load address 0x1000950c
 .tm_clone_table
                0x200005c4        0x0 /usr/lib/gcc/arm-none-eabi/7.3.1/thumb/v6-m/crtbegin.o
 .tm_clone_table
                0x200005c4        0x0 /usr/lib/gcc/arm-none-eabi/7.3.1/thumb/v6-m/crtend.o

.igot.plt       0x200005c4        0x0 load address 0x1000950c
 .igot.plt      0x200005c4        0x0 /usr/lib/gcc/arm-none-eabi/7.3.1/thumb/v6-m/crtbegin.o

.uninitialized_data
                0x200005c4        0x0 load address 0x1000950c
                0x200005c4                . = ALIGN (0x4)
 *(.uninitialized_data*)

.scratch_x      0x20040000        0x0 load address 0x1000950c
                0x20040000                __scratch_x_start__ = .
 *(.scratch_x.*)
                0x20040000                . = ALIGN (0x4)
                0x20040000                __scratch_x_end__ = .
                0x1000950c                __scratch_x_source__ = LOADADDR (.scratch_x)

.scratch_y      0x20041000        0x0 load address 0x1000950c
                0x20041000                __scratch_y_start__ = .
 *(.scratch_y.*)
                0x20041000                . = ALIGN (0x4)
                0x20041000                __scratch_y_end__ = .
                0x1000950c                __scratch_y_source__ = LOADADDR (.scratch_y)

.bss            0x200005c8      0xd68
                0x200005c8                . = ALIGN (0x4)
                0x200005c8                __bss_start__ = .
 *(SORT_BY_ALIGNMENT(SORT_BY_NAME(.bss*)))
 .bss.default_alarm_pool_entries
                0x200005c8      0x100 CMakeFiles/transmit.dir/home/pi/pico/pico-sdk/src/common/pico_time/time.c.obj
 .bss.last_avail_time.7080
                0x200006c8        0x8 CMakeFiles/transmit.dir/home/pi/pico/pico-sdk/src/rp2_common/pico_stdio_usb/stdio_usb.c.obj
 .bss           0x200006d0       0x1c /usr/lib/gcc/arm-none-eabi/7.3.1/thumb/v6-m/crtbegin.o
 .bss._app_driver
                0x200006ec        0x4 CMakeFiles/transmit.dir/home/pi/pico/pico-sdk/lib/tinyusb/src/device/usbd.c.obj
 .bss._cdcd_itf
                0x200006f0      0x2d8 CMakeFiles/transmit.dir/home/pi/pico/pico-sdk/lib/tinyusb/src/class/cdc/cdc_device.c.obj
 .bss._ctrl_xfer
                0x200009c8       0x14 CMakeFiles/transmit.dir/home/pi/pico/pico-sdk/lib/tinyusb/src/device/usbd_control.c.obj
 .bss._ubsd_mutexdef
                0x200009dc        0x8 CMakeFiles/transmit.dir/home/pi/pico/pico-sdk/lib/tinyusb/src/device/usbd.c.obj
 .bss._usbd_ctrl_buf
                0x200009e4       0x40 CMakeFiles/transmit.dir/home/pi/pico/pico-sdk/lib/tinyusb/src/device/usbd_control.c.obj
 .bss._usbd_dev
                0x20000a24       0x37 CMakeFiles/transmit.dir/home/pi/pico/pico-sdk/lib/tinyusb/src/device/usbd.c.obj
 *fill*         0x20000a5b        0x1 
 .bss._usbd_mutex
                0x20000a5c        0x4 CMakeFiles/transmit.dir/home/pi/pico/pico-sdk/lib/tinyusb/src/device/usbd.c.obj